(APIServer pid=1405538) INFO 03-26 03:09:56 [utils.py:299] 
(APIServer pid=1405538) INFO 03-26 03:09:56 [utils.py:299]        █     █     █▄   ▄█
(APIServer pid=1405538) INFO 03-26 03:09:56 [utils.py:299]  ▄▄ ▄█ █     █     █ ▀▄▀ █  version 0.18.1rc1.dev102+g42e954797
(APIServer pid=1405538) INFO 03-26 03:09:56 [utils.py:299]   █▄█▀ █     █     █     █  model   Qwen/Qwen3-VL-32B-Instruct
(APIServer pid=1405538) INFO 03-26 03:09:56 [utils.py:299]    ▀▀  ▀▀▀▀▀ ▀▀▀▀▀ ▀     ▀
(APIServer pid=1405538) INFO 03-26 03:09:56 [utils.py:299] 
(APIServer pid=1405538) INFO 03-26 03:09:56 [utils.py:233] non-default args: {'port': 30000, 'model': 'Qwen/Qwen3-VL-32B-Instruct', 'enforce_eager': True, 'tensor_parallel_size': 4}
(APIServer pid=1405538) INFO 03-26 03:09:57 [model.py:541] Resolved architecture: Qwen3VLForConditionalGeneration
(APIServer pid=1405538) INFO 03-26 03:09:57 [model.py:1645] Using max model len 262144
(APIServer pid=1405538) INFO 03-26 03:09:57 [scheduler.py:237] Chunked prefill is enabled with max_num_batched_tokens=8192.
(APIServer pid=1405538) INFO 03-26 03:09:57 [vllm.py:753] Asynchronous scheduling is enabled.
(APIServer pid=1405538) WARNING 03-26 03:09:57 [vllm.py:811] Enforce eager set, disabling torch.compile and CUDAGraphs. This is equivalent to setting -cc.mode=none -cc.cudagraph_mode=none
(APIServer pid=1405538) WARNING 03-26 03:09:57 [vllm.py:822] Inductor compilation was disabled by user settings, optimizations settings that are only active during inductor compilation will be ignored.
(APIServer pid=1405538) INFO 03-26 03:09:58 [vllm.py:987] Cudagraph is disabled under eager mode
(APIServer pid=1405538) <frozen importlib._bootstrap_external>:1297: FutureWarning: The cuda.cudart module is deprecated and will be removed in a future release, please switch to use the cuda.bindings.runtime module instead.
(APIServer pid=1405538) <frozen importlib._bootstrap_external>:1297: FutureWarning: The cuda.nvrtc module is deprecated and will be removed in a future release, please switch to use the cuda.bindings.nvrtc module instead.
(APIServer pid=1405538) INFO 03-26 03:10:00 [compilation.py:290] Enabled custom fusions: norm_quant, act_quant, allreduce_rms
(EngineCore pid=1405848) INFO 03-26 03:10:10 [core.py:105] Initializing a V1 LLM engine (v0.18.1rc1.dev102+g42e954797) with config: model='Qwen/Qwen3-VL-32B-Instruct', speculative_config=None, tokenizer='Qwen/Qwen3-VL-32B-Instruct', skip_tokenizer_init=False, tokenizer_mode=auto, revision=None, tokenizer_revision=None, trust_remote_code=False, dtype=torch.bfloat16, max_seq_len=262144, download_dir=None, load_format=auto, tensor_parallel_size=4, pipeline_parallel_size=1, data_parallel_size=1, decode_context_parallel_size=1, dcp_comm_backend=ag_rs, disable_custom_all_reduce=False, quantization=None, enforce_eager=True, enable_return_routed_experts=False, kv_cache_dtype=auto, device_config=cuda, structured_outputs_config=StructuredOutputsConfig(backend='auto', disable_any_whitespace=False, disable_additional_properties=False, reasoning_parser='', reasoning_parser_plugin='', enable_in_reasoning=False), observability_config=ObservabilityConfig(show_hidden_metrics_for_version=None, otlp_traces_endpoint=None, collect_detailed_traces=None, kv_cache_metrics=False, kv_cache_metrics_sample=0.01, cudagraph_metrics=False, enable_layerwise_nvtx_tracing=False, enable_mfu_metrics=False, enable_mm_processor_stats=False, enable_logging_iteration_details=False), seed=0, served_model_name=Qwen/Qwen3-VL-32B-Instruct, enable_prefix_caching=True, enable_chunked_prefill=True, pooler_config=None, compilation_config={'mode': <CompilationMode.NONE: 0>, 'debug_dump_path': None, 'cache_dir': '', 'compile_cache_save_format': 'binary', 'backend': 'inductor', 'custom_ops': ['all'], 'splitting_ops': [], 'compile_mm_encoder': False, 'cudagraph_mm_encoder': False, 'encoder_cudagraph_token_budgets': [], 'encoder_cudagraph_max_images_per_batch': 0, 'compile_sizes': [], 'compile_ranges_endpoints': [204, 8192], 'inductor_compile_config': {'enable_auto_functionalized_v2': False, 'size_asserts': False, 'alignment_asserts': False, 'scalar_asserts': False, 'combo_kernels': True, 'benchmark_combo_kernel': True}, 'inductor_passes': {}, 'cudagraph_mode': <CUDAGraphMode.NONE: 0>, 'cudagraph_num_of_warmups': 0, 'cudagraph_capture_sizes': [], 'cudagraph_copy_inputs': False, 'cudagraph_specialize_lora': True, 'use_inductor_graph_partition': False, 'pass_config': {'fuse_norm_quant': True, 'fuse_act_quant': True, 'fuse_attn_quant': False, 'enable_sp': False, 'fuse_gemm_comms': False, 'fuse_allreduce_rms': True}, 'max_cudagraph_capture_size': 0, 'dynamic_shapes_config': {'type': <DynamicShapesType.BACKED: 'backed'>, 'evaluate_guards': False, 'assume_32_bit_indexing': False}, 'local_cache_dir': None, 'fast_moe_cold_start': True, 'static_all_moe_layers': []}
(EngineCore pid=1405848) WARNING 03-26 03:10:10 [multiproc_executor.py:1029] Reducing Torch parallelism from 192 threads to 1 to avoid unnecessary CPU contention. Set OMP_NUM_THREADS in the external environment to tune this value as needed.
(EngineCore pid=1405848) INFO 03-26 03:10:10 [multiproc_executor.py:134] DP group leader: node_rank=0, node_rank_within_dp=0, master_addr=127.0.0.1, mq_connect_ip=207.210.107.172 (local), world_size=4, local_world_size=4
(Worker pid=1406072) INFO 03-26 03:10:19 [parallel_state.py:1400] world_size=4 rank=0 local_rank=0 distributed_init_method=tcp://127.0.0.1:46737 backend=nccl
(Worker pid=1406075) INFO 03-26 03:10:19 [parallel_state.py:1400] world_size=4 rank=3 local_rank=3 distributed_init_method=tcp://127.0.0.1:46737 backend=nccl
(Worker pid=1406074) INFO 03-26 03:10:19 [parallel_state.py:1400] world_size=4 rank=2 local_rank=2 distributed_init_method=tcp://127.0.0.1:46737 backend=nccl
(Worker pid=1406073) INFO 03-26 03:10:19 [parallel_state.py:1400] world_size=4 rank=1 local_rank=1 distributed_init_method=tcp://127.0.0.1:46737 backend=nccl
(Worker pid=1406072) <frozen importlib._bootstrap_external>:1297: FutureWarning: The cuda.cudart module is deprecated and will be removed in a future release, please switch to use the cuda.bindings.runtime module instead.
(Worker pid=1406072) <frozen importlib._bootstrap_external>:1297: FutureWarning: The cuda.nvrtc module is deprecated and will be removed in a future release, please switch to use the cuda.bindings.nvrtc module instead.
(Worker pid=1406074) <frozen importlib._bootstrap_external>:1297: FutureWarning: The cuda.cudart module is deprecated and will be removed in a future release, please switch to use the cuda.bindings.runtime module instead.
(Worker pid=1406074) <frozen importlib._bootstrap_external>:1297: FutureWarning: The cuda.nvrtc module is deprecated and will be removed in a future release, please switch to use the cuda.bindings.nvrtc module instead.
(Worker pid=1406075) <frozen importlib._bootstrap_external>:1297: FutureWarning: The cuda.cudart module is deprecated and will be removed in a future release, please switch to use the cuda.bindings.runtime module instead.
(Worker pid=1406075) <frozen importlib._bootstrap_external>:1297: FutureWarning: The cuda.nvrtc module is deprecated and will be removed in a future release, please switch to use the cuda.bindings.nvrtc module instead.
(Worker pid=1406073) <frozen importlib._bootstrap_external>:1297: FutureWarning: The cuda.cudart module is deprecated and will be removed in a future release, please switch to use the cuda.bindings.runtime module instead.
(Worker pid=1406073) <frozen importlib._bootstrap_external>:1297: FutureWarning: The cuda.nvrtc module is deprecated and will be removed in a future release, please switch to use the cuda.bindings.nvrtc module instead.
(Worker pid=1406072) INFO 03-26 03:10:20 [pynccl.py:111] vLLM is using nccl==2.27.5
(Worker pid=1406072) INFO 03-26 03:10:22 [parallel_state.py:1716] rank 0 in world size 4 is assigned as DP rank 0, PP rank 0, PCP rank 0, TP rank 0, EP rank N/A, EPLB rank N/A
(Worker_TP0 pid=1406072) INFO 03-26 03:10:27 [gpu_model_runner.py:4723] Starting to load model Qwen/Qwen3-VL-32B-Instruct...
(Worker_TP0 pid=1406072) INFO 03-26 03:10:27 [cuda.py:390] Using backend AttentionBackendEnum.FLASH_ATTN for vit attention
(Worker_TP0 pid=1406072) INFO 03-26 03:10:27 [mm_encoder_attention.py:230] Using AttentionBackendEnum.FLASH_ATTN for MMEncoderAttention.
(Worker_TP0 pid=1406072) INFO 03-26 03:10:27 [vllm.py:753] Asynchronous scheduling is enabled.
(Worker_TP0 pid=1406072) WARNING 03-26 03:10:27 [vllm.py:811] Enforce eager set, disabling torch.compile and CUDAGraphs. This is equivalent to setting -cc.mode=none -cc.cudagraph_mode=none
(Worker_TP0 pid=1406072) WARNING 03-26 03:10:27 [vllm.py:822] Inductor compilation was disabled by user settings, optimizations settings that are only active during inductor compilation will be ignored.
(Worker_TP0 pid=1406072) INFO 03-26 03:10:27 [vllm.py:987] Cudagraph is disabled under eager mode
(Worker_TP0 pid=1406072) INFO 03-26 03:10:27 [compilation.py:290] Enabled custom fusions: norm_quant, act_quant, allreduce_rms
(Worker_TP0 pid=1406072) INFO 03-26 03:10:27 [cuda.py:334] Using FLASH_ATTN attention backend out of potential backends: ['FLASH_ATTN', 'FLASHINFER', 'TRITON_ATTN', 'FLEX_ATTENTION'].
(Worker_TP0 pid=1406072) INFO 03-26 03:10:27 [flash_attn.py:596] Using FlashAttention version 3
(Worker_TP3 pid=1406075) WARNING 03-26 03:10:27 [vllm.py:811] Enforce eager set, disabling torch.compile and CUDAGraphs. This is equivalent to setting -cc.mode=none -cc.cudagraph_mode=none
(Worker_TP3 pid=1406075) WARNING 03-26 03:10:27 [vllm.py:822] Inductor compilation was disabled by user settings, optimizations settings that are only active during inductor compilation will be ignored.
(Worker_TP3 pid=1406075) INFO 03-26 03:10:27 [vllm.py:987] Cudagraph is disabled under eager mode
(Worker_TP2 pid=1406074) WARNING 03-26 03:10:27 [vllm.py:811] Enforce eager set, disabling torch.compile and CUDAGraphs. This is equivalent to setting -cc.mode=none -cc.cudagraph_mode=none
(Worker_TP2 pid=1406074) WARNING 03-26 03:10:27 [vllm.py:822] Inductor compilation was disabled by user settings, optimizations settings that are only active during inductor compilation will be ignored.
(Worker_TP2 pid=1406074) INFO 03-26 03:10:27 [vllm.py:987] Cudagraph is disabled under eager mode
(Worker_TP0 pid=1406072) Loading safetensors checkpoint shards:   0% Completed | 0/14 [00:00<?, ?it/s]
(Worker_TP1 pid=1406073) WARNING 03-26 03:10:28 [vllm.py:811] Enforce eager set, disabling torch.compile and CUDAGraphs. This is equivalent to setting -cc.mode=none -cc.cudagraph_mode=none
(Worker_TP1 pid=1406073) WARNING 03-26 03:10:28 [vllm.py:822] Inductor compilation was disabled by user settings, optimizations settings that are only active during inductor compilation will be ignored.
(Worker_TP1 pid=1406073) INFO 03-26 03:10:28 [vllm.py:987] Cudagraph is disabled under eager mode
(Worker_TP0 pid=1406072) Loading safetensors checkpoint shards:   7% Completed | 1/14 [00:00<00:04,  2.72it/s]
(Worker_TP0 pid=1406072) Loading safetensors checkpoint shards:  14% Completed | 2/14 [00:00<00:05,  2.01it/s]
(Worker_TP0 pid=1406072) Loading safetensors checkpoint shards:  21% Completed | 3/14 [00:01<00:05,  1.85it/s]
(Worker_TP0 pid=1406072) Loading safetensors checkpoint shards:  29% Completed | 4/14 [00:02<00:05,  1.78it/s]
(Worker_TP0 pid=1406072) Loading safetensors checkpoint shards:  36% Completed | 5/14 [00:02<00:05,  1.76it/s]
(Worker_TP0 pid=1406072) Loading safetensors checkpoint shards:  43% Completed | 6/14 [00:03<00:04,  1.75it/s]
(Worker_TP0 pid=1406072) Loading safetensors checkpoint shards:  50% Completed | 7/14 [00:03<00:04,  1.74it/s]
(Worker_TP0 pid=1406072) Loading safetensors checkpoint shards:  57% Completed | 8/14 [00:04<00:03,  1.72it/s]
(Worker_TP0 pid=1406072) Loading safetensors checkpoint shards:  64% Completed | 9/14 [00:05<00:02,  1.71it/s]
(Worker_TP0 pid=1406072) Loading safetensors checkpoint shards:  71% Completed | 10/14 [00:05<00:02,  1.70it/s]
(Worker_TP0 pid=1406072) Loading safetensors checkpoint shards:  79% Completed | 11/14 [00:06<00:01,  1.69it/s]
(Worker_TP0 pid=1406072) Loading safetensors checkpoint shards:  86% Completed | 12/14 [00:06<00:01,  1.68it/s]
(Worker_TP0 pid=1406072) Loading safetensors checkpoint shards:  93% Completed | 13/14 [00:07<00:00,  1.67it/s]
(Worker_TP0 pid=1406072) Loading safetensors checkpoint shards: 100% Completed | 14/14 [00:07<00:00,  1.90it/s]
(Worker_TP0 pid=1406072) Loading safetensors checkpoint shards: 100% Completed | 14/14 [00:07<00:00,  1.79it/s]
(Worker_TP0 pid=1406072) 
(Worker_TP0 pid=1406072) INFO 03-26 03:10:36 [default_loader.py:384] Loading weights took 7.92 seconds
(Worker_TP0 pid=1406072) INFO 03-26 03:10:36 [gpu_model_runner.py:4808] Model loading took 16.15 GiB memory and 8.510175 seconds
(Worker_TP0 pid=1406072) INFO 03-26 03:10:37 [gpu_model_runner.py:5744] Encoder cache will be initialized with a budget of 16384 tokens, and profiled with 1 image items of the maximum feature size.
(Worker_TP0 pid=1406072) INFO 03-26 03:10:46 [gpu_worker.py:436] Available KV cache memory: 106.03 GiB
(EngineCore pid=1405848) INFO 03-26 03:10:46 [kv_cache_utils.py:1319] GPU KV cache size: 1,737,216 tokens
(EngineCore pid=1405848) INFO 03-26 03:10:46 [kv_cache_utils.py:1324] Maximum concurrency for 262,144 tokens per request: 6.63x
(Worker_TP0 pid=1406072) 2026-03-26 03:10:46,843 - INFO - autotuner.py:262 - flashinfer.jit: [Autotuner]: Autotuning process starts ...
(Worker_TP2 pid=1406074) 2026-03-26 03:10:46,843 - INFO - autotuner.py:262 - flashinfer.jit: [Autotuner]: Autotuning process starts ...
(Worker_TP3 pid=1406075) 2026-03-26 03:10:46,843 - INFO - autotuner.py:262 - flashinfer.jit: [Autotuner]: Autotuning process starts ...
(Worker_TP1 pid=1406073) 2026-03-26 03:10:46,843 - INFO - autotuner.py:262 - flashinfer.jit: [Autotuner]: Autotuning process starts ...
(Worker_TP2 pid=1406074) 2026-03-26 03:10:46,901 - INFO - autotuner.py:268 - flashinfer.jit: [Autotuner]: Autotuning process ends
(Worker_TP1 pid=1406073) 2026-03-26 03:10:46,901 - INFO - autotuner.py:268 - flashinfer.jit: [Autotuner]: Autotuning process ends
(Worker_TP0 pid=1406072) 2026-03-26 03:10:46,901 - INFO - autotuner.py:268 - flashinfer.jit: [Autotuner]: Autotuning process ends
(Worker_TP3 pid=1406075) 2026-03-26 03:10:46,901 - INFO - autotuner.py:268 - flashinfer.jit: [Autotuner]: Autotuning process ends
(EngineCore pid=1405848) INFO 03-26 03:10:47 [core.py:283] init engine (profile, create kv cache, warmup model) took 9.83 seconds
(EngineCore pid=1405848) INFO 03-26 03:10:53 [vllm.py:753] Asynchronous scheduling is enabled.
(EngineCore pid=1405848) WARNING 03-26 03:10:53 [vllm.py:811] Enforce eager set, disabling torch.compile and CUDAGraphs. This is equivalent to setting -cc.mode=none -cc.cudagraph_mode=none
(EngineCore pid=1405848) WARNING 03-26 03:10:53 [vllm.py:822] Inductor compilation was disabled by user settings, optimizations settings that are only active during inductor compilation will be ignored.
(EngineCore pid=1405848) INFO 03-26 03:10:53 [vllm.py:987] Cudagraph is disabled under eager mode
(EngineCore pid=1405848) <frozen importlib._bootstrap_external>:1297: FutureWarning: The cuda.cudart module is deprecated and will be removed in a future release, please switch to use the cuda.bindings.runtime module instead.
(EngineCore pid=1405848) <frozen importlib._bootstrap_external>:1297: FutureWarning: The cuda.nvrtc module is deprecated and will be removed in a future release, please switch to use the cuda.bindings.nvrtc module instead.
(EngineCore pid=1405848) INFO 03-26 03:10:53 [compilation.py:290] Enabled custom fusions: norm_quant, act_quant, allreduce_rms
(APIServer pid=1405538) INFO 03-26 03:10:53 [api_server.py:590] Supported tasks: ['generate']
(APIServer pid=1405538) WARNING 03-26 03:10:54 [model.py:1404] Default vLLM sampling parameters have been overridden by the model's `generation_config.json`: `{'temperature': 0.7, 'top_k': 20, 'top_p': 0.8}`. If this is not intended, please relaunch vLLM instance with `--generation-config vllm`.
(APIServer pid=1405538) INFO 03-26 03:10:56 [hf.py:320] Detected the chat template content format to be 'openai'. You can set `--chat-template-content-format` to override this.
(APIServer pid=1405538) INFO 03-26 03:10:59 [base.py:213] Multi-modal warmup completed in 3.467s
(APIServer pid=1405538) INFO 03-26 03:10:59 [api_server.py:594] Starting vLLM server on http://0.0.0.0:30000
(APIServer pid=1405538) INFO 03-26 03:10:59 [launcher.py:37] Available routes are:
(APIServer pid=1405538) INFO 03-26 03:10:59 [launcher.py:46] Route: /openapi.json, Methods: GET, HEAD
(APIServer pid=1405538) INFO 03-26 03:10:59 [launcher.py:46] Route: /docs, Methods: GET, HEAD
(APIServer pid=1405538) INFO 03-26 03:10:59 [launcher.py:46] Route: /docs/oauth2-redirect, Methods: GET, HEAD
(APIServer pid=1405538) INFO 03-26 03:10:59 [launcher.py:46] Route: /redoc, Methods: GET, HEAD
(APIServer pid=1405538) INFO 03-26 03:10:59 [launcher.py:46] Route: /tokenize, Methods: POST
(APIServer pid=1405538) INFO 03-26 03:10:59 [launcher.py:46] Route: /detokenize, Methods: POST
(APIServer pid=1405538) INFO 03-26 03:10:59 [launcher.py:46] Route: /load, Methods: GET
(APIServer pid=1405538) INFO 03-26 03:10:59 [launcher.py:46] Route: /version, Methods: GET
(APIServer pid=1405538) INFO 03-26 03:10:59 [launcher.py:46] Route: /health, Methods: GET
(APIServer pid=1405538) INFO 03-26 03:10:59 [launcher.py:46] Route: /metrics, Methods: GET
(APIServer pid=1405538) INFO 03-26 03:10:59 [launcher.py:46] Route: /v1/models, Methods: GET
(APIServer pid=1405538) INFO 03-26 03:10:59 [launcher.py:46] Route: /ping, Methods: GET
(APIServer pid=1405538) INFO 03-26 03:10:59 [launcher.py:46] Route: /ping, Methods: POST
(APIServer pid=1405538) INFO 03-26 03:10:59 [launcher.py:46] Route: /invocations, Methods: POST
(APIServer pid=1405538) INFO 03-26 03:10:59 [launcher.py:46] Route: /v1/chat/completions, Methods: POST
(APIServer pid=1405538) INFO 03-26 03:10:59 [launcher.py:46] Route: /v1/responses, Methods: POST
(APIServer pid=1405538) INFO 03-26 03:10:59 [launcher.py:46] Route: /v1/responses/{response_id}, Methods: GET
(APIServer pid=1405538) INFO 03-26 03:10:59 [launcher.py:46] Route: /v1/responses/{response_id}/cancel, Methods: POST
(APIServer pid=1405538) INFO 03-26 03:10:59 [launcher.py:46] Route: /v1/completions, Methods: POST
(APIServer pid=1405538) INFO 03-26 03:10:59 [launcher.py:46] Route: /v1/messages, Methods: POST
(APIServer pid=1405538) INFO 03-26 03:10:59 [launcher.py:46] Route: /v1/messages/count_tokens, Methods: POST
(APIServer pid=1405538) INFO 03-26 03:10:59 [launcher.py:46] Route: /inference/v1/generate, Methods: POST
(APIServer pid=1405538) INFO 03-26 03:10:59 [launcher.py:46] Route: /scale_elastic_ep, Methods: POST
(APIServer pid=1405538) INFO 03-26 03:10:59 [launcher.py:46] Route: /is_scaling_elastic_ep, Methods: POST
(APIServer pid=1405538) INFO 03-26 03:10:59 [launcher.py:46] Route: /v1/chat/completions/render, Methods: POST
(APIServer pid=1405538) INFO 03-26 03:10:59 [launcher.py:46] Route: /v1/completions/render, Methods: POST
(APIServer pid=1405538) INFO:     Started server process [1405538]
(APIServer pid=1405538) INFO:     Waiting for application startup.
(APIServer pid=1405538) INFO:     Application startup complete.
(APIServer pid=1405538) INFO:     127.0.0.1:56018 - "GET /health HTTP/1.1" 200 OK
(APIServer pid=1405538) INFO:     127.0.0.1:56024 - "GET /health HTTP/1.1" 200 OK
(APIServer pid=1405538) [VLM_STAGE_TIMER] req_info | req=renderer0-mm-1 | mm_counts={'image': 1}
(APIServer pid=1405538) [VLM_STAGE_TIMER] stage1_processor | req=renderer0-mm-1 | wall=47.851 ms
(APIServer pid=1405538) INFO:     127.0.0.1:56026 - "POST /v1/chat/completions HTTP/1.1" 200 OK
(EngineCore pid=1405848) [VLM_STAGE_TIMER] stage2a_recv | req=chatcmpl-b5b90cf74ba5d0f7-b8cd3c65 | timestamp=587767.222403
(EngineCore pid=1405848) [VLM_STAGE_TIMER] stage2b_mq_enqueue | req=executor | timestamp=587767.223296
(Worker_TP3 pid=1406075) [TP3] [VLM_STAGE_TIMER] stage2b_mq_dequeue | req=rank=3 | timestamp=587767.245817
(Worker_TP2 pid=1406074) [TP2] [VLM_STAGE_TIMER] stage2b_mq_dequeue | req=rank=2 | timestamp=587767.246330
(Worker_TP1 pid=1406073) [TP1] [VLM_STAGE_TIMER] stage2b_mq_dequeue | req=rank=1 | timestamp=587767.246835
(Worker_TP0 pid=1406072) [TP0] [VLM_STAGE_TIMER] stage2b_mq_dequeue | req=rank=0 | timestamp=587767.251399
(APIServer pid=1405538) INFO:     127.0.0.1:56034 - "GET /health HTTP/1.1" 200 OK
(APIServer pid=1405538) [VLM_STAGE_TIMER] req_info | req=renderer0-mm-2 | mm_counts={'image': 2}
(APIServer pid=1405538) [VLM_STAGE_TIMER] stage1_processor | req=renderer0-mm-2 | wall=113.091 ms
(APIServer pid=1405538) INFO:     127.0.0.1:56048 - "POST /v1/chat/completions HTTP/1.1" 200 OK
(EngineCore pid=1405848) [VLM_STAGE_TIMER] stage2a_recv | req=chatcmpl-873354a5feeefb86-83b3067d | timestamp=587769.861825
(EngineCore pid=1405848) [VLM_STAGE_TIMER] stage2b_mq_enqueue | req=executor | timestamp=587769.862966
(Worker_TP2 pid=1406074) [TP2] [VLM_STAGE_TIMER] stage2b_mq_dequeue | req=rank=2 | timestamp=587769.902679
(Worker_TP0 pid=1406072) [TP0] [VLM_STAGE_TIMER] stage2b_mq_dequeue | req=rank=0 | timestamp=587769.903613
(Worker_TP3 pid=1406075) [TP3] [VLM_STAGE_TIMER] stage2b_mq_dequeue | req=rank=3 | timestamp=587769.903766
(Worker_TP1 pid=1406073) [TP1] [VLM_STAGE_TIMER] stage2b_mq_dequeue | req=rank=1 | timestamp=587769.906659
(APIServer pid=1405538) INFO:     127.0.0.1:56062 - "GET /health HTTP/1.1" 200 OK
(APIServer pid=1405538) [VLM_STAGE_TIMER] req_info | req=renderer0-mm-3 | mm_counts={'image': 3}
(APIServer pid=1405538) [VLM_STAGE_TIMER] stage1_processor | req=renderer0-mm-3 | wall=187.601 ms
(APIServer pid=1405538) INFO:     127.0.0.1:56070 - "POST /v1/chat/completions HTTP/1.1" 200 OK
(EngineCore pid=1405848) [VLM_STAGE_TIMER] stage2a_recv | req=chatcmpl-b72741c833475ecb-a2c113c5 | timestamp=587771.281521
(EngineCore pid=1405848) [VLM_STAGE_TIMER] stage2b_mq_enqueue | req=executor | timestamp=587771.282735
(Worker_TP2 pid=1406074) [TP2] [VLM_STAGE_TIMER] stage2b_mq_dequeue | req=rank=2 | timestamp=587771.339106
(Worker_TP0 pid=1406072) [TP0] [VLM_STAGE_TIMER] stage2b_mq_dequeue | req=rank=0 | timestamp=587771.339923
(Worker_TP3 pid=1406075) [TP3] [VLM_STAGE_TIMER] stage2b_mq_dequeue | req=rank=3 | timestamp=587771.340173
(Worker_TP1 pid=1406073) [TP1] [VLM_STAGE_TIMER] stage2b_mq_dequeue | req=rank=1 | timestamp=587771.342772
(APIServer pid=1405538) INFO:     127.0.0.1:56076 - "GET /health HTTP/1.1" 200 OK
(APIServer pid=1405538) [VLM_STAGE_TIMER] req_info | req=renderer0-mm-4 | mm_counts={'image': 4}
(APIServer pid=1405538) [VLM_STAGE_TIMER] stage1_processor | req=renderer0-mm-4 | wall=281.118 ms
(APIServer pid=1405538) INFO:     127.0.0.1:56092 - "POST /v1/chat/completions HTTP/1.1" 200 OK
(EngineCore pid=1405848) [VLM_STAGE_TIMER] stage2a_recv | req=chatcmpl-b0cad9da42babf5a-99ad55dd | timestamp=587772.843327
(EngineCore pid=1405848) [VLM_STAGE_TIMER] stage2b_mq_enqueue | req=executor | timestamp=587772.844686
(Worker_TP2 pid=1406074) [TP2] [VLM_STAGE_TIMER] stage2b_mq_dequeue | req=rank=2 | timestamp=587772.956836
(Worker_TP3 pid=1406075) [TP3] [VLM_STAGE_TIMER] stage2b_mq_dequeue | req=rank=3 | timestamp=587772.957991
(Worker_TP0 pid=1406072) [TP0] [VLM_STAGE_TIMER] stage2b_mq_dequeue | req=rank=0 | timestamp=587772.958140
(Worker_TP1 pid=1406073) [TP1] [VLM_STAGE_TIMER] stage2b_mq_dequeue | req=rank=1 | timestamp=587772.962242
(APIServer pid=1405538) INFO:     127.0.0.1:56100 - "GET /health HTTP/1.1" 200 OK
(APIServer pid=1405538) [VLM_STAGE_TIMER] req_info | req=renderer0-mm-5 | mm_counts={'image': 5}
(APIServer pid=1405538) [VLM_STAGE_TIMER] stage1_processor | req=renderer0-mm-5 | wall=351.194 ms
(APIServer pid=1405538) INFO:     127.0.0.1:56112 - "POST /v1/chat/completions HTTP/1.1" 200 OK
(EngineCore pid=1405848) [VLM_STAGE_TIMER] stage2a_recv | req=chatcmpl-a3b38f088fdf85d8-875006a2 | timestamp=587774.650334
(EngineCore pid=1405848) [VLM_STAGE_TIMER] stage2b_mq_enqueue | req=executor | timestamp=587774.652188
(Worker_TP2 pid=1406074) [TP2] [VLM_STAGE_TIMER] stage2b_mq_dequeue | req=rank=2 | timestamp=587774.760785
(Worker_TP3 pid=1406075) [TP3] [VLM_STAGE_TIMER] stage2b_mq_dequeue | req=rank=3 | timestamp=587774.762120
(Worker_TP0 pid=1406072) [TP0] [VLM_STAGE_TIMER] stage2b_mq_dequeue | req=rank=0 | timestamp=587774.762954
(Worker_TP1 pid=1406073) [TP1] [VLM_STAGE_TIMER] stage2b_mq_dequeue | req=rank=1 | timestamp=587774.767195
(APIServer pid=1405538) INFO 03-26 03:11:10 [loggers.py:259] Engine 000: Avg prompt throughput: 870.2 tokens/s, Avg generation throughput: 8.0 tokens/s, Running: 1 reqs, Waiting: 0 reqs, GPU KV cache usage: 0.3%, Prefix cache hit rate: 0.0%, MM cache hit rate: 0.0%
(APIServer pid=1405538) INFO:     127.0.0.1:60842 - "GET /health HTTP/1.1" 200 OK
(APIServer pid=1405538) [VLM_STAGE_TIMER] req_info | req=renderer0-mm-6 | mm_counts={'image': 6}
(APIServer pid=1405538) [VLM_STAGE_TIMER] stage1_processor | req=renderer0-mm-6 | wall=420.966 ms
(APIServer pid=1405538) INFO:     127.0.0.1:60854 - "POST /v1/chat/completions HTTP/1.1" 200 OK
(EngineCore pid=1405848) [VLM_STAGE_TIMER] stage2a_recv | req=chatcmpl-8a7d66e56c6f674f-a8bf68fa | timestamp=587776.552764
(EngineCore pid=1405848) [VLM_STAGE_TIMER] stage2b_mq_enqueue | req=executor | timestamp=587776.554647
(Worker_TP2 pid=1406074) [TP2] [VLM_STAGE_TIMER] stage2b_mq_dequeue | req=rank=2 | timestamp=587776.677334
(Worker_TP0 pid=1406072) [TP0] [VLM_STAGE_TIMER] stage2b_mq_dequeue | req=rank=0 | timestamp=587776.678405
(Worker_TP3 pid=1406075) [TP3] [VLM_STAGE_TIMER] stage2b_mq_dequeue | req=rank=3 | timestamp=587776.678858
(Worker_TP1 pid=1406073) [TP1] [VLM_STAGE_TIMER] stage2b_mq_dequeue | req=rank=1 | timestamp=587776.683068
(APIServer pid=1405538) INFO:     127.0.0.1:60856 - "GET /health HTTP/1.1" 200 OK
(APIServer pid=1405538) [VLM_STAGE_TIMER] req_info | req=renderer0-mm-7 | mm_counts={'image': 7}
(APIServer pid=1405538) [VLM_STAGE_TIMER] stage1_processor | req=renderer0-mm-7 | wall=491.049 ms
(APIServer pid=1405538) INFO:     127.0.0.1:60858 - "POST /v1/chat/completions HTTP/1.1" 200 OK
(EngineCore pid=1405848) [VLM_STAGE_TIMER] stage2a_recv | req=chatcmpl-8d1c5c3a2114fa2c-89fa8196 | timestamp=587778.687637
(EngineCore pid=1405848) [VLM_STAGE_TIMER] stage2b_mq_enqueue | req=executor | timestamp=587778.689599
(Worker_TP3 pid=1406075) [TP3] [VLM_STAGE_TIMER] stage2b_mq_dequeue | req=rank=3 | timestamp=587778.875252
(Worker_TP2 pid=1406074) [TP2] [VLM_STAGE_TIMER] stage2b_mq_dequeue | req=rank=2 | timestamp=587778.876442
(Worker_TP0 pid=1406072) [TP0] [VLM_STAGE_TIMER] stage2b_mq_dequeue | req=rank=0 | timestamp=587778.876827
(Worker_TP1 pid=1406073) [TP1] [VLM_STAGE_TIMER] stage2b_mq_dequeue | req=rank=1 | timestamp=587778.887360
(APIServer pid=1405538) INFO:     127.0.0.1:60862 - "GET /health HTTP/1.1" 200 OK
(APIServer pid=1405538) [VLM_STAGE_TIMER] req_info | req=renderer0-mm-8 | mm_counts={'image': 8}
(APIServer pid=1405538) [VLM_STAGE_TIMER] stage1_processor | req=renderer0-mm-8 | wall=556.310 ms
(APIServer pid=1405538) INFO:     127.0.0.1:60874 - "POST /v1/chat/completions HTTP/1.1" 200 OK
(EngineCore pid=1405848) [VLM_STAGE_TIMER] stage2a_recv | req=chatcmpl-a2b3de841f2b7057-bf4abab1 | timestamp=587781.016659
(EngineCore pid=1405848) [VLM_STAGE_TIMER] stage2b_mq_enqueue | req=executor | timestamp=587781.019042
(Worker_TP0 pid=1406072) [TP0] [VLM_STAGE_TIMER] stage2b_mq_dequeue | req=rank=0 | timestamp=587781.193631
(Worker_TP2 pid=1406074) [TP2] [VLM_STAGE_TIMER] stage2b_mq_dequeue | req=rank=2 | timestamp=587781.194284
(Worker_TP3 pid=1406075) [TP3] [VLM_STAGE_TIMER] stage2b_mq_dequeue | req=rank=3 | timestamp=587781.195802
(Worker_TP1 pid=1406073) [TP1] [VLM_STAGE_TIMER] stage2b_mq_dequeue | req=rank=1 | timestamp=587781.202241
(APIServer pid=1405538) INFO:     127.0.0.1:60876 - "GET /health HTTP/1.1" 200 OK
(APIServer pid=1405538) [VLM_STAGE_TIMER] req_info | req=renderer0-mm-9 | mm_counts={'image': 9}
(APIServer pid=1405538) [VLM_STAGE_TIMER] stage1_processor | req=renderer0-mm-9 | wall=640.613 ms
(APIServer pid=1405538) INFO:     127.0.0.1:60882 - "POST /v1/chat/completions HTTP/1.1" 200 OK
(EngineCore pid=1405848) [VLM_STAGE_TIMER] stage2a_recv | req=chatcmpl-a5957e906568b474-a501ca35 | timestamp=587783.393722
(EngineCore pid=1405848) [VLM_STAGE_TIMER] stage2b_mq_enqueue | req=executor | timestamp=587783.396047
(Worker_TP2 pid=1406074) [TP2] [VLM_STAGE_TIMER] stage2b_mq_dequeue | req=rank=2 | timestamp=587783.582140
(Worker_TP0 pid=1406072) [TP0] [VLM_STAGE_TIMER] stage2b_mq_dequeue | req=rank=0 | timestamp=587783.582522
(Worker_TP3 pid=1406075) [TP3] [VLM_STAGE_TIMER] stage2b_mq_dequeue | req=rank=3 | timestamp=587783.583340
(Worker_TP1 pid=1406073) [TP1] [VLM_STAGE_TIMER] stage2b_mq_dequeue | req=rank=1 | timestamp=587783.590293
(APIServer pid=1405538) INFO:     127.0.0.1:60888 - "GET /health HTTP/1.1" 200 OK
(APIServer pid=1405538) INFO 03-26 03:11:20 [loggers.py:259] Engine 000: Avg prompt throughput: 2756.2 tokens/s, Avg generation throughput: 15.3 tokens/s, Running: 0 reqs, Waiting: 0 reqs, GPU KV cache usage: 0.0%, Prefix cache hit rate: 0.0%, MM cache hit rate: 0.0%
(APIServer pid=1405538) [VLM_STAGE_TIMER] req_info | req=renderer0-mm-10 | mm_counts={'image': 10}
(APIServer pid=1405538) [VLM_STAGE_TIMER] stage1_processor | req=renderer0-mm-10 | wall=745.464 ms
(APIServer pid=1405538) INFO:     127.0.0.1:60904 - "POST /v1/chat/completions HTTP/1.1" 200 OK
(EngineCore pid=1405848) [VLM_STAGE_TIMER] stage2a_recv | req=chatcmpl-bd8ffad06205923a-b6679e45 | timestamp=587786.041471
(EngineCore pid=1405848) [VLM_STAGE_TIMER] stage2b_mq_enqueue | req=executor | timestamp=587786.044039
(Worker_TP2 pid=1406074) [TP2] [VLM_STAGE_TIMER] stage2b_mq_dequeue | req=rank=2 | timestamp=587786.269898
(Worker_TP0 pid=1406072) [TP0] [VLM_STAGE_TIMER] stage2b_mq_dequeue | req=rank=0 | timestamp=587786.271217
(Worker_TP3 pid=1406075) [TP3] [VLM_STAGE_TIMER] stage2b_mq_dequeue | req=rank=3 | timestamp=587786.271758
(Worker_TP1 pid=1406073) [TP1] [VLM_STAGE_TIMER] stage2b_mq_dequeue | req=rank=1 | timestamp=587786.279888
(APIServer pid=1405538) INFO:     127.0.0.1:41076 - "GET /health HTTP/1.1" 200 OK
(APIServer pid=1405538) [VLM_STAGE_TIMER] req_info | req=renderer0-mm-11 | mm_counts={'image': 11}
(APIServer pid=1405538) [VLM_STAGE_TIMER] stage1_processor | req=renderer0-mm-11 | wall=813.239 ms
(APIServer pid=1405538) INFO:     127.0.0.1:41084 - "POST /v1/chat/completions HTTP/1.1" 200 OK
(EngineCore pid=1405848) [VLM_STAGE_TIMER] stage2a_recv | req=chatcmpl-915d1682a5312555-95fe64c9 | timestamp=587788.823795
(EngineCore pid=1405848) [VLM_STAGE_TIMER] stage2b_mq_enqueue | req=executor | timestamp=587788.826423
(EngineCore pid=1405848) [VLM_STAGE_TIMER] stage2b_mq_enqueue | req=executor | timestamp=587788.891434
(Worker_TP2 pid=1406074) [TP2] [VLM_STAGE_TIMER] stage2b_mq_dequeue | req=rank=2 | timestamp=587789.063727
(Worker_TP0 pid=1406072) [TP0] [VLM_STAGE_TIMER] stage2b_mq_dequeue | req=rank=0 | timestamp=587789.065516
(Worker_TP3 pid=1406075) [TP3] [VLM_STAGE_TIMER] stage2b_mq_dequeue | req=rank=3 | timestamp=587789.066676
(Worker_TP1 pid=1406073) [TP1] [VLM_STAGE_TIMER] stage2b_mq_dequeue | req=rank=1 | timestamp=587789.075386
(Worker_TP1 pid=1406073) [TP1] [VLM_STAGE_TIMER] stage2b_mq_dequeue | req=rank=1 | timestamp=587789.246158
(Worker_TP2 pid=1406074) [TP2] [VLM_STAGE_TIMER] stage2b_mq_dequeue | req=rank=2 | timestamp=587789.246180
(Worker_TP3 pid=1406075) [TP3] [VLM_STAGE_TIMER] stage2b_mq_dequeue | req=rank=3 | timestamp=587789.246183
(Worker_TP0 pid=1406072) [TP0] [VLM_STAGE_TIMER] stage2b_mq_dequeue | req=rank=0 | timestamp=587789.246257
(APIServer pid=1405538) INFO:     127.0.0.1:41088 - "GET /health HTTP/1.1" 200 OK
(APIServer pid=1405538) [VLM_STAGE_TIMER] req_info | req=renderer0-mm-12 | mm_counts={'image': 12}
(APIServer pid=1405538) [VLM_STAGE_TIMER] stage1_processor | req=renderer0-mm-12 | wall=891.540 ms
(APIServer pid=1405538) INFO:     127.0.0.1:41090 - "POST /v1/chat/completions HTTP/1.1" 200 OK
(EngineCore pid=1405848) [VLM_STAGE_TIMER] stage2a_recv | req=chatcmpl-8a1596330521aea1-891c7beb | timestamp=587791.751508
(EngineCore pid=1405848) [VLM_STAGE_TIMER] stage2b_mq_enqueue | req=executor | timestamp=587791.754293
(EngineCore pid=1405848) [VLM_STAGE_TIMER] stage2b_mq_enqueue | req=executor | timestamp=587791.827668
(Worker_TP0 pid=1406072) [TP0] [VLM_STAGE_TIMER] stage2b_mq_dequeue | req=rank=0 | timestamp=587792.013157
(Worker_TP2 pid=1406074) [TP2] [VLM_STAGE_TIMER] stage2b_mq_dequeue | req=rank=2 | timestamp=587792.013882
(Worker_TP3 pid=1406075) [TP3] [VLM_STAGE_TIMER] stage2b_mq_dequeue | req=rank=3 | timestamp=587792.015835
(Worker_TP1 pid=1406073) [TP1] [VLM_STAGE_TIMER] stage2b_mq_dequeue | req=rank=1 | timestamp=587792.024286
(Worker_TP1 pid=1406073) [TP1] [VLM_STAGE_TIMER] stage2b_mq_dequeue | req=rank=1 | timestamp=587792.195044
(Worker_TP2 pid=1406074) [TP2] [VLM_STAGE_TIMER] stage2b_mq_dequeue | req=rank=2 | timestamp=587792.195107
(Worker_TP3 pid=1406075) [TP3] [VLM_STAGE_TIMER] stage2b_mq_dequeue | req=rank=3 | timestamp=587792.195130
(Worker_TP0 pid=1406072) [TP0] [VLM_STAGE_TIMER] stage2b_mq_dequeue | req=rank=0 | timestamp=587792.195407
(APIServer pid=1405538) INFO:     127.0.0.1:41096 - "GET /health HTTP/1.1" 200 OK
(APIServer pid=1405538) [VLM_STAGE_TIMER] req_info | req=renderer0-mm-13 | mm_counts={'image': 13}
(APIServer pid=1405538) [VLM_STAGE_TIMER] stage1_processor | req=renderer0-mm-13 | wall=968.236 ms
(APIServer pid=1405538) INFO:     127.0.0.1:41104 - "POST /v1/chat/completions HTTP/1.1" 200 OK
(EngineCore pid=1405848) [VLM_STAGE_TIMER] stage2a_recv | req=chatcmpl-81191ce83d1bf49f-8a749abc | timestamp=587794.992855
(EngineCore pid=1405848) [VLM_STAGE_TIMER] stage2b_mq_enqueue | req=executor | timestamp=587794.995830
(EngineCore pid=1405848) [VLM_STAGE_TIMER] stage2b_mq_enqueue | req=executor | timestamp=587795.104505
(APIServer pid=1405538) INFO 03-26 03:11:30 [loggers.py:259] Engine 000: Avg prompt throughput: 2993.3 tokens/s, Avg generation throughput: 9.6 tokens/s, Running: 0 reqs, Waiting: 0 reqs, GPU KV cache usage: 0.0%, Prefix cache hit rate: 0.0%, MM cache hit rate: 0.0%
(Worker_TP1 pid=1406073) [TP1] [VLM_STAGE_TIMER] stage2b_mq_dequeue | req=rank=1 | timestamp=587795.343159
(Worker_TP2 pid=1406074) [TP2] [VLM_STAGE_TIMER] stage2b_mq_dequeue | req=rank=2 | timestamp=587795.344078
(Worker_TP0 pid=1406072) [TP0] [VLM_STAGE_TIMER] stage2b_mq_dequeue | req=rank=0 | timestamp=587795.352732
(Worker_TP3 pid=1406075) [TP3] [VLM_STAGE_TIMER] stage2b_mq_dequeue | req=rank=3 | timestamp=587795.353764
(Worker_TP1 pid=1406073) [TP1] [VLM_STAGE_TIMER] stage2b_mq_dequeue | req=rank=1 | timestamp=587795.526672
(Worker_TP2 pid=1406074) [TP2] [VLM_STAGE_TIMER] stage2b_mq_dequeue | req=rank=2 | timestamp=587795.526713
(Worker_TP0 pid=1406072) [TP0] [VLM_STAGE_TIMER] stage2b_mq_dequeue | req=rank=0 | timestamp=587795.526721
(Worker_TP3 pid=1406075) [TP3] [VLM_STAGE_TIMER] stage2b_mq_dequeue | req=rank=3 | timestamp=587795.526747
(APIServer pid=1405538) INFO:     127.0.0.1:54072 - "GET /health HTTP/1.1" 200 OK
(APIServer pid=1405538) [VLM_STAGE_TIMER] req_info | req=renderer0-mm-14 | mm_counts={'image': 14}
(APIServer pid=1405538) [VLM_STAGE_TIMER] stage1_processor | req=renderer0-mm-14 | wall=1043.234 ms
(APIServer pid=1405538) INFO:     127.0.0.1:54088 - "POST /v1/chat/completions HTTP/1.1" 200 OK
(EngineCore pid=1405848) [VLM_STAGE_TIMER] stage2a_recv | req=chatcmpl-8e310b2a91fb22fe-9470915e | timestamp=587798.352888
(EngineCore pid=1405848) [VLM_STAGE_TIMER] stage2b_mq_enqueue | req=executor | timestamp=587798.356356
(EngineCore pid=1405848) [VLM_STAGE_TIMER] stage2b_mq_enqueue | req=executor | timestamp=587798.445045
(Worker_TP2 pid=1406074) [TP2] [VLM_STAGE_TIMER] stage2b_mq_dequeue | req=rank=2 | timestamp=587798.674260
(Worker_TP3 pid=1406075) [TP3] [VLM_STAGE_TIMER] stage2b_mq_dequeue | req=rank=3 | timestamp=587798.676052
(Worker_TP0 pid=1406072) [TP0] [VLM_STAGE_TIMER] stage2b_mq_dequeue | req=rank=0 | timestamp=587798.678043
(Worker_TP1 pid=1406073) [TP1] [VLM_STAGE_TIMER] stage2b_mq_dequeue | req=rank=1 | timestamp=587798.687858
(Worker_TP1 pid=1406073) [TP1] [VLM_STAGE_TIMER] stage2b_mq_dequeue | req=rank=1 | timestamp=587798.858517
(Worker_TP2 pid=1406074) [TP2] [VLM_STAGE_TIMER] stage2b_mq_dequeue | req=rank=2 | timestamp=587798.858529
(Worker_TP3 pid=1406075) [TP3] [VLM_STAGE_TIMER] stage2b_mq_dequeue | req=rank=3 | timestamp=587798.858566
(Worker_TP0 pid=1406072) [TP0] [VLM_STAGE_TIMER] stage2b_mq_dequeue | req=rank=0 | timestamp=587798.858626
(APIServer pid=1405538) INFO:     127.0.0.1:54094 - "GET /health HTTP/1.1" 200 OK
(APIServer pid=1405538) [VLM_STAGE_TIMER] req_info | req=renderer0-mm-15 | mm_counts={'image': 15}
(APIServer pid=1405538) [VLM_STAGE_TIMER] stage1_processor | req=renderer0-mm-15 | wall=1111.117 ms
(APIServer pid=1405538) INFO:     127.0.0.1:54098 - "POST /v1/chat/completions HTTP/1.1" 200 OK
(EngineCore pid=1405848) [VLM_STAGE_TIMER] stage2a_recv | req=chatcmpl-a4adcb9e40cf4362-a85cd033 | timestamp=587801.825936
(EngineCore pid=1405848) [VLM_STAGE_TIMER] stage2b_mq_enqueue | req=executor | timestamp=587801.829192
(EngineCore pid=1405848) [VLM_STAGE_TIMER] stage2b_mq_enqueue | req=executor | timestamp=587801.926328
(Worker_TP2 pid=1406074) [TP2] [VLM_STAGE_TIMER] stage2b_mq_dequeue | req=rank=2 | timestamp=587802.162335
(Worker_TP3 pid=1406075) [TP3] [VLM_STAGE_TIMER] stage2b_mq_dequeue | req=rank=3 | timestamp=587802.164079
(Worker_TP0 pid=1406072) [TP0] [VLM_STAGE_TIMER] stage2b_mq_dequeue | req=rank=0 | timestamp=587802.166608
(Worker_TP1 pid=1406073) [TP1] [VLM_STAGE_TIMER] stage2b_mq_dequeue | req=rank=1 | timestamp=587802.176145
(Worker_TP1 pid=1406073) [TP1] [VLM_STAGE_TIMER] stage2b_mq_dequeue | req=rank=1 | timestamp=587802.346907
(Worker_TP2 pid=1406074) [TP2] [VLM_STAGE_TIMER] stage2b_mq_dequeue | req=rank=2 | timestamp=587802.346914
(Worker_TP3 pid=1406075) [TP3] [VLM_STAGE_TIMER] stage2b_mq_dequeue | req=rank=3 | timestamp=587802.346936
(Worker_TP0 pid=1406072) [TP0] [VLM_STAGE_TIMER] stage2b_mq_dequeue | req=rank=0 | timestamp=587802.347070
(APIServer pid=1405538) INFO:     127.0.0.1:54102 - "GET /health HTTP/1.1" 200 OK
(APIServer pid=1405538) [VLM_STAGE_TIMER] req_info | req=renderer0-mm-16 | mm_counts={'image': 16}
(APIServer pid=1405538) [VLM_STAGE_TIMER] stage1_processor | req=renderer0-mm-16 | wall=1253.840 ms
(APIServer pid=1405538) INFO 03-26 03:11:40 [loggers.py:259] Engine 000: Avg prompt throughput: 3692.8 tokens/s, Avg generation throughput: 9.4 tokens/s, Running: 0 reqs, Waiting: 0 reqs, GPU KV cache usage: 0.0%, Prefix cache hit rate: 0.0%, MM cache hit rate: 0.0%
(APIServer pid=1405538) INFO:     127.0.0.1:54112 - "POST /v1/chat/completions HTTP/1.1" 200 OK
(EngineCore pid=1405848) [VLM_STAGE_TIMER] stage2a_recv | req=chatcmpl-bf671df0319583b0-90113b3e | timestamp=587805.525843
(EngineCore pid=1405848) [VLM_STAGE_TIMER] stage2b_mq_enqueue | req=executor | timestamp=587805.529187
(EngineCore pid=1405848) [VLM_STAGE_TIMER] stage2b_mq_enqueue | req=executor | timestamp=587805.651320
(Worker_TP2 pid=1406074) [TP2] [VLM_STAGE_TIMER] stage2b_mq_dequeue | req=rank=2 | timestamp=587805.918885
(Worker_TP0 pid=1406072) [TP0] [VLM_STAGE_TIMER] stage2b_mq_dequeue | req=rank=0 | timestamp=587805.920964
(Worker_TP3 pid=1406075) [TP3] [VLM_STAGE_TIMER] stage2b_mq_dequeue | req=rank=3 | timestamp=587805.922759
(Worker_TP1 pid=1406073) [TP1] [VLM_STAGE_TIMER] stage2b_mq_dequeue | req=rank=1 | timestamp=587805.942279
(Worker_TP2 pid=1406074) [TP2] [VLM_STAGE_TIMER] stage2b_mq_dequeue | req=rank=2 | timestamp=587806.112543
(Worker_TP1 pid=1406073) [TP1] [VLM_STAGE_TIMER] stage2b_mq_dequeue | req=rank=1 | timestamp=587806.112558
(Worker_TP3 pid=1406075) [TP3] [VLM_STAGE_TIMER] stage2b_mq_dequeue | req=rank=3 | timestamp=587806.112560
(Worker_TP0 pid=1406072) [TP0] [VLM_STAGE_TIMER] stage2b_mq_dequeue | req=rank=0 | timestamp=587806.112871
(APIServer pid=1405538) INFO:     127.0.0.1:37488 - "GET /health HTTP/1.1" 200 OK
(APIServer pid=1405538) [VLM_STAGE_TIMER] req_info | req=renderer0-mm-17 | mm_counts={'image': 17}
(APIServer pid=1405538) [VLM_STAGE_TIMER] stage1_processor | req=renderer0-mm-17 | wall=1281.313 ms
(APIServer pid=1405538) INFO:     127.0.0.1:37494 - "POST /v1/chat/completions HTTP/1.1" 200 OK
(EngineCore pid=1405848) [VLM_STAGE_TIMER] stage2a_recv | req=chatcmpl-b716cf993666e0b0-92512a0d | timestamp=587809.388941
(EngineCore pid=1405848) [VLM_STAGE_TIMER] stage2b_mq_enqueue | req=executor | timestamp=587809.392473
(EngineCore pid=1405848) [VLM_STAGE_TIMER] stage2b_mq_enqueue | req=executor | timestamp=587809.522159
(Worker_TP2 pid=1406074) [TP2] [VLM_STAGE_TIMER] stage2b_mq_dequeue | req=rank=2 | timestamp=587809.795741
(Worker_TP3 pid=1406075) [TP3] [VLM_STAGE_TIMER] stage2b_mq_dequeue | req=rank=3 | timestamp=587809.797304
(Worker_TP0 pid=1406072) [TP0] [VLM_STAGE_TIMER] stage2b_mq_dequeue | req=rank=0 | timestamp=587809.799202
(Worker_TP1 pid=1406073) [TP1] [VLM_STAGE_TIMER] stage2b_mq_dequeue | req=rank=1 | timestamp=587809.811303
(Worker_TP1 pid=1406073) [TP1] [VLM_STAGE_TIMER] stage2b_mq_dequeue | req=rank=1 | timestamp=587809.982079
(Worker_TP3 pid=1406075) [TP3] [VLM_STAGE_TIMER] stage2b_mq_dequeue | req=rank=3 | timestamp=587809.982110
(Worker_TP2 pid=1406074) [TP2] [VLM_STAGE_TIMER] stage2b_mq_dequeue | req=rank=2 | timestamp=587809.982079
(Worker_TP0 pid=1406072) [TP0] [VLM_STAGE_TIMER] stage2b_mq_dequeue | req=rank=0 | timestamp=587809.982196
(APIServer pid=1405538) INFO:     127.0.0.1:37508 - "GET /health HTTP/1.1" 200 OK
(APIServer pid=1405538) [VLM_STAGE_TIMER] req_info | req=renderer0-mm-18 | mm_counts={'image': 18}
(APIServer pid=1405538) [VLM_STAGE_TIMER] stage1_processor | req=renderer0-mm-18 | wall=1353.364 ms
(APIServer pid=1405538) INFO:     127.0.0.1:37522 - "POST /v1/chat/completions HTTP/1.1" 200 OK
(EngineCore pid=1405848) [VLM_STAGE_TIMER] stage2a_recv | req=chatcmpl-bc08498a99bb4f77-9bb8e1be | timestamp=587813.410675
(EngineCore pid=1405848) [VLM_STAGE_TIMER] stage2b_mq_enqueue | req=executor | timestamp=587813.414338
(EngineCore pid=1405848) [VLM_STAGE_TIMER] stage2b_mq_enqueue | req=executor | timestamp=587813.556497
(Worker_TP2 pid=1406074) [TP2] [VLM_STAGE_TIMER] stage2b_mq_dequeue | req=rank=2 | timestamp=587813.841449
(Worker_TP0 pid=1406072) [TP0] [VLM_STAGE_TIMER] stage2b_mq_dequeue | req=rank=0 | timestamp=587813.842241
(Worker_TP3 pid=1406075) [TP3] [VLM_STAGE_TIMER] stage2b_mq_dequeue | req=rank=3 | timestamp=587813.842729
(Worker_TP1 pid=1406073) [TP1] [VLM_STAGE_TIMER] stage2b_mq_dequeue | req=rank=1 | timestamp=587813.855625
(Worker_TP1 pid=1406073) [TP1] [VLM_STAGE_TIMER] stage2b_mq_dequeue | req=rank=1 | timestamp=587814.026022
(Worker_TP2 pid=1406074) [TP2] [VLM_STAGE_TIMER] stage2b_mq_dequeue | req=rank=2 | timestamp=587814.026038
(Worker_TP0 pid=1406072) [TP0] [VLM_STAGE_TIMER] stage2b_mq_dequeue | req=rank=0 | timestamp=587814.026068
(Worker_TP3 pid=1406075) [TP3] [VLM_STAGE_TIMER] stage2b_mq_dequeue | req=rank=3 | timestamp=587814.026081
(APIServer pid=1405538) INFO 03-26 03:11:50 [loggers.py:259] Engine 000: Avg prompt throughput: 4580.9 tokens/s, Avg generation throughput: 9.0 tokens/s, Running: 1 reqs, Waiting: 0 reqs, GPU KV cache usage: 0.9%, Prefix cache hit rate: 0.0%, MM cache hit rate: 0.0%
(APIServer pid=1405538) INFO:     127.0.0.1:37536 - "GET /health HTTP/1.1" 200 OK
(APIServer pid=1405538) [VLM_STAGE_TIMER] req_info | req=renderer0-mm-19 | mm_counts={'image': 19}
(APIServer pid=1405538) [VLM_STAGE_TIMER] stage1_processor | req=renderer0-mm-19 | wall=1422.398 ms
(APIServer pid=1405538) INFO:     127.0.0.1:46974 - "POST /v1/chat/completions HTTP/1.1" 200 OK
(EngineCore pid=1405848) [VLM_STAGE_TIMER] stage2a_recv | req=chatcmpl-a042439d00a870d6-a2367e0f | timestamp=587817.595118
(EngineCore pid=1405848) [VLM_STAGE_TIMER] stage2b_mq_enqueue | req=executor | timestamp=587817.598911
(EngineCore pid=1405848) [VLM_STAGE_TIMER] stage2b_mq_enqueue | req=executor | timestamp=587817.749951
(Worker_TP0 pid=1406072) [TP0] [VLM_STAGE_TIMER] stage2b_mq_dequeue | req=rank=0 | timestamp=587818.069154
(Worker_TP3 pid=1406075) [TP3] [VLM_STAGE_TIMER] stage2b_mq_dequeue | req=rank=3 | timestamp=587818.069458
(Worker_TP2 pid=1406074) [TP2] [VLM_STAGE_TIMER] stage2b_mq_dequeue | req=rank=2 | timestamp=587818.070309
(Worker_TP1 pid=1406073) [TP1] [VLM_STAGE_TIMER] stage2b_mq_dequeue | req=rank=1 | timestamp=587818.086144
(Worker_TP2 pid=1406074) [TP2] [VLM_STAGE_TIMER] stage2b_mq_dequeue | req=rank=2 | timestamp=587818.257013
(Worker_TP1 pid=1406073) [TP1] [VLM_STAGE_TIMER] stage2b_mq_dequeue | req=rank=1 | timestamp=587818.257020
(Worker_TP3 pid=1406075) [TP3] [VLM_STAGE_TIMER] stage2b_mq_dequeue | req=rank=3 | timestamp=587818.257029
(Worker_TP0 pid=1406072) [TP0] [VLM_STAGE_TIMER] stage2b_mq_dequeue | req=rank=0 | timestamp=587818.257049
(APIServer pid=1405538) INFO:     127.0.0.1:46978 - "GET /health HTTP/1.1" 200 OK
(APIServer pid=1405538) [VLM_STAGE_TIMER] req_info | req=renderer0-mm-20 | mm_counts={'image': 20}
(APIServer pid=1405538) [VLM_STAGE_TIMER] stage1_processor | req=renderer0-mm-20 | wall=1496.571 ms
(APIServer pid=1405538) INFO:     127.0.0.1:46984 - "POST /v1/chat/completions HTTP/1.1" 200 OK
(EngineCore pid=1405848) [VLM_STAGE_TIMER] stage2a_recv | req=chatcmpl-95c513277b0c3f39-b3fa6fb3 | timestamp=587822.005272
(EngineCore pid=1405848) [VLM_STAGE_TIMER] stage2b_mq_enqueue | req=executor | timestamp=587822.009457
(EngineCore pid=1405848) [VLM_STAGE_TIMER] stage2b_mq_enqueue | req=executor | timestamp=587822.169921
(Worker_TP2 pid=1406074) [TP2] [VLM_STAGE_TIMER] stage2b_mq_dequeue | req=rank=2 | timestamp=587822.496832
(Worker_TP3 pid=1406075) [TP3] [VLM_STAGE_TIMER] stage2b_mq_dequeue | req=rank=3 | timestamp=587822.502928
(Worker_TP0 pid=1406072) [TP0] [VLM_STAGE_TIMER] stage2b_mq_dequeue | req=rank=0 | timestamp=587822.504093
(Worker_TP1 pid=1406073) [TP1] [VLM_STAGE_TIMER] stage2b_mq_dequeue | req=rank=1 | timestamp=587822.517219
(Worker_TP1 pid=1406073) [TP1] [VLM_STAGE_TIMER] stage2b_mq_dequeue | req=rank=1 | timestamp=587822.688651
(Worker_TP0 pid=1406072) [TP0] [VLM_STAGE_TIMER] stage2b_mq_dequeue | req=rank=0 | timestamp=587822.688654
(Worker_TP3 pid=1406075) [TP3] [VLM_STAGE_TIMER] stage2b_mq_dequeue | req=rank=3 | timestamp=587822.688667
(Worker_TP2 pid=1406074) [TP2] [VLM_STAGE_TIMER] stage2b_mq_dequeue | req=rank=2 | timestamp=587822.688673
(EngineCore pid=1405848) [VLM_STAGE_TIMER] stage2b_mq_enqueue | req=executor | timestamp=587822.892443
(Worker_TP1 pid=1406073) [TP1] [VLM_STAGE_TIMER] stage2b_mq_dequeue | req=rank=1 | timestamp=587823.068547
(Worker_TP3 pid=1406075) [TP3] [VLM_STAGE_TIMER] stage2b_mq_dequeue | req=rank=3 | timestamp=587823.068558
(Worker_TP2 pid=1406074) [TP2] [VLM_STAGE_TIMER] stage2b_mq_dequeue | req=rank=2 | timestamp=587823.068560
(Worker_TP0 pid=1406072) [TP0] [VLM_STAGE_TIMER] stage2b_mq_dequeue | req=rank=0 | timestamp=587823.068831
(APIServer pid=1405538) INFO:     127.0.0.1:46990 - "GET /health HTTP/1.1" 200 OK
(APIServer pid=1405538) [VLM_STAGE_TIMER] req_info | req=renderer0-mm-21 | mm_counts={'image': 21}
(APIServer pid=1405538) [VLM_STAGE_TIMER] stage1_processor | req=renderer0-mm-21 | wall=1594.664 ms
(APIServer pid=1405538) INFO 03-26 03:12:01 [loggers.py:259] Engine 000: Avg prompt throughput: 3150.5 tokens/s, Avg generation throughput: 6.3 tokens/s, Running: 0 reqs, Waiting: 0 reqs, GPU KV cache usage: 0.0%, Prefix cache hit rate: 0.0%, MM cache hit rate: 0.0%
(APIServer pid=1405538) INFO:     127.0.0.1:46992 - "POST /v1/chat/completions HTTP/1.1" 200 OK
(EngineCore pid=1405848) [VLM_STAGE_TIMER] stage2a_recv | req=chatcmpl-91a45915d6d057d7-bcc5a9bc | timestamp=587826.641042
(EngineCore pid=1405848) [VLM_STAGE_TIMER] stage2b_mq_enqueue | req=executor | timestamp=587826.645137
(EngineCore pid=1405848) [VLM_STAGE_TIMER] stage2b_mq_enqueue | req=executor | timestamp=587826.815864
(Worker_TP2 pid=1406074) [TP2] [VLM_STAGE_TIMER] stage2b_mq_dequeue | req=rank=2 | timestamp=587827.154447
(Worker_TP0 pid=1406072) [TP0] [VLM_STAGE_TIMER] stage2b_mq_dequeue | req=rank=0 | timestamp=587827.157994
(Worker_TP3 pid=1406075) [TP3] [VLM_STAGE_TIMER] stage2b_mq_dequeue | req=rank=3 | timestamp=587827.158836
(Worker_TP1 pid=1406073) [TP1] [VLM_STAGE_TIMER] stage2b_mq_dequeue | req=rank=1 | timestamp=587827.172264
(Worker_TP2 pid=1406074) [TP2] [VLM_STAGE_TIMER] stage2b_mq_dequeue | req=rank=2 | timestamp=587827.343342
(Worker_TP3 pid=1406075) [TP3] [VLM_STAGE_TIMER] stage2b_mq_dequeue | req=rank=3 | timestamp=587827.343343
(Worker_TP0 pid=1406072) [TP0] [VLM_STAGE_TIMER] stage2b_mq_dequeue | req=rank=0 | timestamp=587827.343366
(Worker_TP1 pid=1406073) [TP1] [VLM_STAGE_TIMER] stage2b_mq_dequeue | req=rank=1 | timestamp=587827.343382
(EngineCore pid=1405848) [VLM_STAGE_TIMER] stage2b_mq_enqueue | req=executor | timestamp=587827.545605
(Worker_TP1 pid=1406073) [TP1] [VLM_STAGE_TIMER] stage2b_mq_dequeue | req=rank=1 | timestamp=587827.720407
(Worker_TP2 pid=1406074) [TP2] [VLM_STAGE_TIMER] stage2b_mq_dequeue | req=rank=2 | timestamp=587827.720416
(Worker_TP3 pid=1406075) [TP3] [VLM_STAGE_TIMER] stage2b_mq_dequeue | req=rank=3 | timestamp=587827.720445
(Worker_TP0 pid=1406072) [TP0] [VLM_STAGE_TIMER] stage2b_mq_dequeue | req=rank=0 | timestamp=587827.720467
(APIServer pid=1405538) INFO:     127.0.0.1:37554 - "GET /health HTTP/1.1" 200 OK
(APIServer pid=1405538) [VLM_STAGE_TIMER] req_info | req=renderer0-mm-22 | mm_counts={'image': 22}
(APIServer pid=1405538) [VLM_STAGE_TIMER] stage1_processor | req=renderer0-mm-22 | wall=1680.520 ms
(APIServer pid=1405538) INFO:     127.0.0.1:37564 - "POST /v1/chat/completions HTTP/1.1" 200 OK
