(EngineCore pid=1405848) [VLM_STAGE_TIMER] stage2a_recv | req=chatcmpl-b49581aebd5741af-af506067 | timestamp=587831.558931
(EngineCore pid=1405848) [VLM_STAGE_TIMER] stage2b_mq_enqueue | req=executor | timestamp=587831.563235
(EngineCore pid=1405848) [VLM_STAGE_TIMER] stage2b_mq_enqueue | req=executor | timestamp=587831.742484
(Worker_TP2 pid=1406074) [TP2] [VLM_STAGE_TIMER] stage2b_mq_dequeue | req=rank=2 | timestamp=587832.140170
(Worker_TP0 pid=1406072) [TP0] [VLM_STAGE_TIMER] stage2b_mq_dequeue | req=rank=0 | timestamp=587832.141760
(Worker_TP3 pid=1406075) [TP3] [VLM_STAGE_TIMER] stage2b_mq_dequeue | req=rank=3 | timestamp=587832.143468
(Worker_TP1 pid=1406073) [TP1] [VLM_STAGE_TIMER] stage2b_mq_dequeue | req=rank=1 | timestamp=587832.148848
(Worker_TP1 pid=1406073) [TP1] [VLM_STAGE_TIMER] stage2b_mq_dequeue | req=rank=1 | timestamp=587832.319884
(Worker_TP0 pid=1406072) [TP0] [VLM_STAGE_TIMER] stage2b_mq_dequeue | req=rank=0 | timestamp=587832.319887
(Worker_TP3 pid=1406075) [TP3] [VLM_STAGE_TIMER] stage2b_mq_dequeue | req=rank=3 | timestamp=587832.319898
(Worker_TP2 pid=1406074) [TP2] [VLM_STAGE_TIMER] stage2b_mq_dequeue | req=rank=2 | timestamp=587832.319908
(EngineCore pid=1405848) [VLM_STAGE_TIMER] stage2b_mq_enqueue | req=executor | timestamp=587832.523168
(Worker_TP1 pid=1406073) [TP1] [VLM_STAGE_TIMER] stage2b_mq_dequeue | req=rank=1 | timestamp=587832.697282
(Worker_TP0 pid=1406072) [TP0] [VLM_STAGE_TIMER] stage2b_mq_dequeue | req=rank=0 | timestamp=587832.697293
(Worker_TP2 pid=1406074) [TP2] [VLM_STAGE_TIMER] stage2b_mq_dequeue | req=rank=2 | timestamp=587832.697299
(Worker_TP3 pid=1406075) [TP3] [VLM_STAGE_TIMER] stage2b_mq_dequeue | req=rank=3 | timestamp=587832.697323
(APIServer pid=1405538) INFO:     127.0.0.1:37578 - "GET /health HTTP/1.1" 200 OK
(APIServer pid=1405538) [VLM_STAGE_TIMER] req_info | req=renderer0-mm-23 | mm_counts={'image': 23}
(APIServer pid=1405538) [VLM_STAGE_TIMER] stage1_processor | req=renderer0-mm-23 | wall=1735.164 ms
(APIServer pid=1405538) INFO:     127.0.0.1:37592 - "POST /v1/chat/completions HTTP/1.1" 200 OK
(APIServer pid=1405538) INFO 03-26 03:12:11 [loggers.py:259] Engine 000: Avg prompt throughput: 3847.7 tokens/s, Avg generation throughput: 6.4 tokens/s, Running: 0 reqs, Waiting: 0 reqs, GPU KV cache usage: 0.0%, Prefix cache hit rate: 0.0%, MM cache hit rate: 0.0%
(EngineCore pid=1405848) [VLM_STAGE_TIMER] stage2a_recv | req=chatcmpl-99cb690e11d1d2d1-a867f3c9 | timestamp=587836.557911
(EngineCore pid=1405848) [VLM_STAGE_TIMER] stage2b_mq_enqueue | req=executor | timestamp=587836.562321
(EngineCore pid=1405848) [VLM_STAGE_TIMER] stage2b_mq_enqueue | req=executor | timestamp=587836.740300
(Worker_TP2 pid=1406074) [TP2] [VLM_STAGE_TIMER] stage2b_mq_dequeue | req=rank=2 | timestamp=587837.141382
(Worker_TP3 pid=1406075) [TP3] [VLM_STAGE_TIMER] stage2b_mq_dequeue | req=rank=3 | timestamp=587837.143960
(Worker_TP0 pid=1406072) [TP0] [VLM_STAGE_TIMER] stage2b_mq_dequeue | req=rank=0 | timestamp=587837.144802
(Worker_TP1 pid=1406073) [TP1] [VLM_STAGE_TIMER] stage2b_mq_dequeue | req=rank=1 | timestamp=587837.153104
(Worker_TP1 pid=1406073) [TP1] [VLM_STAGE_TIMER] stage2b_mq_dequeue | req=rank=1 | timestamp=587837.324275
(Worker_TP0 pid=1406072) [TP0] [VLM_STAGE_TIMER] stage2b_mq_dequeue | req=rank=0 | timestamp=587837.324299
(Worker_TP2 pid=1406074) [TP2] [VLM_STAGE_TIMER] stage2b_mq_dequeue | req=rank=2 | timestamp=587837.324303
(Worker_TP3 pid=1406075) [TP3] [VLM_STAGE_TIMER] stage2b_mq_dequeue | req=rank=3 | timestamp=587837.324304
(EngineCore pid=1405848) [VLM_STAGE_TIMER] stage2b_mq_enqueue | req=executor | timestamp=587837.526872
(Worker_TP0 pid=1406072) [TP0] [VLM_STAGE_TIMER] stage2b_mq_dequeue | req=rank=0 | timestamp=587837.702250
(Worker_TP1 pid=1406073) [TP1] [VLM_STAGE_TIMER] stage2b_mq_dequeue | req=rank=1 | timestamp=587837.702258
(Worker_TP3 pid=1406075) [TP3] [VLM_STAGE_TIMER] stage2b_mq_dequeue | req=rank=3 | timestamp=587837.702262
(Worker_TP2 pid=1406074) [TP2] [VLM_STAGE_TIMER] stage2b_mq_dequeue | req=rank=2 | timestamp=587837.702268
(APIServer pid=1405538) INFO:     127.0.0.1:43100 - "GET /health HTTP/1.1" 200 OK
(APIServer pid=1405538) [VLM_STAGE_TIMER] req_info | req=renderer0-mm-24 | mm_counts={'image': 24}
(APIServer pid=1405538) [VLM_STAGE_TIMER] stage1_processor | req=renderer0-mm-24 | wall=1817.926 ms
(APIServer pid=1405538) INFO:     127.0.0.1:43102 - "POST /v1/chat/completions HTTP/1.1" 200 OK
(EngineCore pid=1405848) [VLM_STAGE_TIMER] stage2a_recv | req=chatcmpl-bd75192a6c0ccaef-98c934c1 | timestamp=587841.720735
(EngineCore pid=1405848) [VLM_STAGE_TIMER] stage2b_mq_enqueue | req=executor | timestamp=587841.725408
(EngineCore pid=1405848) [VLM_STAGE_TIMER] stage2b_mq_enqueue | req=executor | timestamp=587841.933370
(Worker_TP2 pid=1406074) [TP2] [VLM_STAGE_TIMER] stage2b_mq_dequeue | req=rank=2 | timestamp=587842.344839
(Worker_TP3 pid=1406075) [TP3] [VLM_STAGE_TIMER] stage2b_mq_dequeue | req=rank=3 | timestamp=587842.346939
(Worker_TP0 pid=1406072) [TP0] [VLM_STAGE_TIMER] stage2b_mq_dequeue | req=rank=0 | timestamp=587842.349436
(Worker_TP1 pid=1406073) [TP1] [VLM_STAGE_TIMER] stage2b_mq_dequeue | req=rank=1 | timestamp=587842.356818
(Worker_TP0 pid=1406072) [TP0] [VLM_STAGE_TIMER] stage2b_mq_dequeue | req=rank=0 | timestamp=587842.528561
(Worker_TP1 pid=1406073) [TP1] [VLM_STAGE_TIMER] stage2b_mq_dequeue | req=rank=1 | timestamp=587842.528571
(Worker_TP3 pid=1406075) [TP3] [VLM_STAGE_TIMER] stage2b_mq_dequeue | req=rank=3 | timestamp=587842.528576
(Worker_TP2 pid=1406074) [TP2] [VLM_STAGE_TIMER] stage2b_mq_dequeue | req=rank=2 | timestamp=587842.528589
(EngineCore pid=1405848) [VLM_STAGE_TIMER] stage2b_mq_enqueue | req=executor | timestamp=587842.732710
(Worker_TP2 pid=1406074) [TP2] [VLM_STAGE_TIMER] stage2b_mq_dequeue | req=rank=2 | timestamp=587842.906961
(Worker_TP3 pid=1406075) [TP3] [VLM_STAGE_TIMER] stage2b_mq_dequeue | req=rank=3 | timestamp=587842.906977
(Worker_TP1 pid=1406073) [TP1] [VLM_STAGE_TIMER] stage2b_mq_dequeue | req=rank=1 | timestamp=587842.907019
(Worker_TP0 pid=1406072) [TP0] [VLM_STAGE_TIMER] stage2b_mq_dequeue | req=rank=0 | timestamp=587842.907027
(APIServer pid=1405538) INFO:     127.0.0.1:43116 - "GET /health HTTP/1.1" 200 OK
(APIServer pid=1405538) [VLM_STAGE_TIMER] req_info | req=renderer0-mm-25 | mm_counts={'image': 25}
(APIServer pid=1405538) [VLM_STAGE_TIMER] stage1_processor | req=renderer0-mm-25 | wall=1883.100 ms
(APIServer pid=1405538) INFO 03-26 03:12:21 [loggers.py:259] Engine 000: Avg prompt throughput: 4038.3 tokens/s, Avg generation throughput: 6.2 tokens/s, Running: 0 reqs, Waiting: 0 reqs, GPU KV cache usage: 0.0%, Prefix cache hit rate: 0.0%, MM cache hit rate: 0.0%
(APIServer pid=1405538) INFO:     127.0.0.1:43124 - "POST /v1/chat/completions HTTP/1.1" 200 OK
(EngineCore pid=1405848) [VLM_STAGE_TIMER] stage2a_recv | req=chatcmpl-9e0d13db388c9bc8-a09fd1ae | timestamp=587847.066688
(EngineCore pid=1405848) [VLM_STAGE_TIMER] stage2b_mq_enqueue | req=executor | timestamp=587847.071658
(EngineCore pid=1405848) [VLM_STAGE_TIMER] stage2b_mq_enqueue | req=executor | timestamp=587847.282322
(Worker_TP2 pid=1406074) [TP2] [VLM_STAGE_TIMER] stage2b_mq_dequeue | req=rank=2 | timestamp=587847.735072
(Worker_TP3 pid=1406075) [TP3] [VLM_STAGE_TIMER] stage2b_mq_dequeue | req=rank=3 | timestamp=587847.741633
(Worker_TP0 pid=1406072) [TP0] [VLM_STAGE_TIMER] stage2b_mq_dequeue | req=rank=0 | timestamp=587847.743876
(Worker_TP1 pid=1406073) [TP1] [VLM_STAGE_TIMER] stage2b_mq_dequeue | req=rank=1 | timestamp=587847.747812
(Worker_TP1 pid=1406073) [TP1] [VLM_STAGE_TIMER] stage2b_mq_dequeue | req=rank=1 | timestamp=587847.919194
(Worker_TP2 pid=1406074) [TP2] [VLM_STAGE_TIMER] stage2b_mq_dequeue | req=rank=2 | timestamp=587847.919203
(Worker_TP3 pid=1406075) [TP3] [VLM_STAGE_TIMER] stage2b_mq_dequeue | req=rank=3 | timestamp=587847.919240
(Worker_TP0 pid=1406072) [TP0] [VLM_STAGE_TIMER] stage2b_mq_dequeue | req=rank=0 | timestamp=587847.919289
(EngineCore pid=1405848) [VLM_STAGE_TIMER] stage2b_mq_enqueue | req=executor | timestamp=587848.122403
(Worker_TP1 pid=1406073) [TP1] [VLM_STAGE_TIMER] stage2b_mq_dequeue | req=rank=1 | timestamp=587848.298122
(Worker_TP3 pid=1406075) [TP3] [VLM_STAGE_TIMER] stage2b_mq_dequeue | req=rank=3 | timestamp=587848.298133
(Worker_TP2 pid=1406074) [TP2] [VLM_STAGE_TIMER] stage2b_mq_dequeue | req=rank=2 | timestamp=587848.298147
(Worker_TP0 pid=1406072) [TP0] [VLM_STAGE_TIMER] stage2b_mq_dequeue | req=rank=0 | timestamp=587848.298152
(APIServer pid=1405538) INFO:     127.0.0.1:33598 - "GET /health HTTP/1.1" 200 OK
(APIServer pid=1405538) [VLM_STAGE_TIMER] req_info | req=renderer0-mm-26 | mm_counts={'image': 26}
(APIServer pid=1405538) [VLM_STAGE_TIMER] stage1_processor | req=renderer0-mm-26 | wall=1935.695 ms
(APIServer pid=1405538) INFO:     127.0.0.1:33612 - "POST /v1/chat/completions HTTP/1.1" 200 OK
(EngineCore pid=1405848) [VLM_STAGE_TIMER] stage2a_recv | req=chatcmpl-ada8d8c8802970c6-ac142731 | timestamp=587852.600463
(EngineCore pid=1405848) [VLM_STAGE_TIMER] stage2b_mq_enqueue | req=executor | timestamp=587852.605649
(EngineCore pid=1405848) [VLM_STAGE_TIMER] stage2b_mq_enqueue | req=executor | timestamp=587852.829707
(Worker_TP1 pid=1406073) [TP1] [VLM_STAGE_TIMER] stage2b_mq_dequeue | req=rank=1 | timestamp=587853.298708
(Worker_TP3 pid=1406075) [TP3] [VLM_STAGE_TIMER] stage2b_mq_dequeue | req=rank=3 | timestamp=587853.309559
(Worker_TP2 pid=1406074) [TP2] [VLM_STAGE_TIMER] stage2b_mq_dequeue | req=rank=2 | timestamp=587853.313649
(Worker_TP0 pid=1406072) [TP0] [VLM_STAGE_TIMER] stage2b_mq_dequeue | req=rank=0 | timestamp=587853.313993
(Worker_TP1 pid=1406073) [TP1] [VLM_STAGE_TIMER] stage2b_mq_dequeue | req=rank=1 | timestamp=587853.487084
(Worker_TP3 pid=1406075) [TP3] [VLM_STAGE_TIMER] stage2b_mq_dequeue | req=rank=3 | timestamp=587853.487101
(Worker_TP2 pid=1406074) [TP2] [VLM_STAGE_TIMER] stage2b_mq_dequeue | req=rank=2 | timestamp=587853.487113
(Worker_TP0 pid=1406072) [TP0] [VLM_STAGE_TIMER] stage2b_mq_dequeue | req=rank=0 | timestamp=587853.487169
(EngineCore pid=1405848) [VLM_STAGE_TIMER] stage2b_mq_enqueue | req=executor | timestamp=587853.689993
(Worker_TP1 pid=1406073) [TP1] [VLM_STAGE_TIMER] stage2b_mq_dequeue | req=rank=1 | timestamp=587853.864628
(Worker_TP2 pid=1406074) [TP2] [VLM_STAGE_TIMER] stage2b_mq_dequeue | req=rank=2 | timestamp=587853.864630
(Worker_TP3 pid=1406075) [TP3] [VLM_STAGE_TIMER] stage2b_mq_dequeue | req=rank=3 | timestamp=587853.864659
(Worker_TP0 pid=1406072) [TP0] [VLM_STAGE_TIMER] stage2b_mq_dequeue | req=rank=0 | timestamp=587853.864692
(APIServer pid=1405538) INFO:     127.0.0.1:33614 - "GET /health HTTP/1.1" 200 OK
(APIServer pid=1405538) [VLM_STAGE_TIMER] req_info | req=renderer0-mm-27 | mm_counts={'image': 27}
(APIServer pid=1405538) [VLM_STAGE_TIMER] stage1_processor | req=renderer0-mm-27 | wall=2027.358 ms
(APIServer pid=1405538) INFO 03-26 03:12:33 [loggers.py:259] Engine 000: Avg prompt throughput: 4051.4 tokens/s, Avg generation throughput: 5.7 tokens/s, Running: 0 reqs, Waiting: 0 reqs, GPU KV cache usage: 0.0%, Prefix cache hit rate: 0.0%, MM cache hit rate: 0.0%
(APIServer pid=1405538) INFO:     127.0.0.1:44824 - "POST /v1/chat/completions HTTP/1.1" 200 OK
(EngineCore pid=1405848) [VLM_STAGE_TIMER] stage2a_recv | req=chatcmpl-85b3db974ae02461-a04f1c6a | timestamp=587858.315962
(EngineCore pid=1405848) [VLM_STAGE_TIMER] stage2b_mq_enqueue | req=executor | timestamp=587858.320969
(EngineCore pid=1405848) [VLM_STAGE_TIMER] stage2b_mq_enqueue | req=executor | timestamp=587858.557176
(Worker_TP2 pid=1406074) [TP2] [VLM_STAGE_TIMER] stage2b_mq_dequeue | req=rank=2 | timestamp=587859.017049
(Worker_TP3 pid=1406075) [TP3] [VLM_STAGE_TIMER] stage2b_mq_dequeue | req=rank=3 | timestamp=587859.020147
(Worker_TP0 pid=1406072) [TP0] [VLM_STAGE_TIMER] stage2b_mq_dequeue | req=rank=0 | timestamp=587859.021728
(Worker_TP1 pid=1406073) [TP1] [VLM_STAGE_TIMER] stage2b_mq_dequeue | req=rank=1 | timestamp=587859.030892
(Worker_TP1 pid=1406073) [TP1] [VLM_STAGE_TIMER] stage2b_mq_dequeue | req=rank=1 | timestamp=587859.202553
(Worker_TP0 pid=1406072) [TP0] [VLM_STAGE_TIMER] stage2b_mq_dequeue | req=rank=0 | timestamp=587859.202555
(Worker_TP3 pid=1406075) [TP3] [VLM_STAGE_TIMER] stage2b_mq_dequeue | req=rank=3 | timestamp=587859.202567
(Worker_TP2 pid=1406074) [TP2] [VLM_STAGE_TIMER] stage2b_mq_dequeue | req=rank=2 | timestamp=587859.202578
(EngineCore pid=1405848) [VLM_STAGE_TIMER] stage2b_mq_enqueue | req=executor | timestamp=587859.406270
(Worker_TP1 pid=1406073) [TP1] [VLM_STAGE_TIMER] stage2b_mq_dequeue | req=rank=1 | timestamp=587859.582046
(Worker_TP0 pid=1406072) [TP0] [VLM_STAGE_TIMER] stage2b_mq_dequeue | req=rank=0 | timestamp=587859.582059
(Worker_TP3 pid=1406075) [TP3] [VLM_STAGE_TIMER] stage2b_mq_dequeue | req=rank=3 | timestamp=587859.582062
(Worker_TP2 pid=1406074) [TP2] [VLM_STAGE_TIMER] stage2b_mq_dequeue | req=rank=2 | timestamp=587859.582072
(APIServer pid=1405538) INFO:     127.0.0.1:44830 - "GET /health HTTP/1.1" 200 OK
(APIServer pid=1405538) [VLM_STAGE_TIMER] req_info | req=renderer0-mm-28 | mm_counts={'image': 28}
(APIServer pid=1405538) [VLM_STAGE_TIMER] stage1_processor | req=renderer0-mm-28 | wall=2088.003 ms
(APIServer pid=1405538) INFO:     127.0.0.1:44838 - "POST /v1/chat/completions HTTP/1.1" 200 OK
(EngineCore pid=1405848) [VLM_STAGE_TIMER] stage2a_recv | req=chatcmpl-b8bf35fd5636e7c4-b0b04018 | timestamp=587864.169811
(EngineCore pid=1405848) [VLM_STAGE_TIMER] stage2b_mq_enqueue | req=executor | timestamp=587864.175656
(EngineCore pid=1405848) [VLM_STAGE_TIMER] stage2b_mq_enqueue | req=executor | timestamp=587864.417943
(Worker_TP1 pid=1406073) [TP1] [VLM_STAGE_TIMER] stage2b_mq_dequeue | req=rank=1 | timestamp=587864.935622
(Worker_TP0 pid=1406072) [TP0] [VLM_STAGE_TIMER] stage2b_mq_dequeue | req=rank=0 | timestamp=587864.948662
(Worker_TP2 pid=1406074) [TP2] [VLM_STAGE_TIMER] stage2b_mq_dequeue | req=rank=2 | timestamp=587864.950455
(Worker_TP3 pid=1406075) [TP3] [VLM_STAGE_TIMER] stage2b_mq_dequeue | req=rank=3 | timestamp=587864.955103
(Worker_TP2 pid=1406074) [TP2] [VLM_STAGE_TIMER] stage2b_mq_dequeue | req=rank=2 | timestamp=587865.126854
(Worker_TP1 pid=1406073) [TP1] [VLM_STAGE_TIMER] stage2b_mq_dequeue | req=rank=1 | timestamp=587865.126863
(Worker_TP3 pid=1406075) [TP3] [VLM_STAGE_TIMER] stage2b_mq_dequeue | req=rank=3 | timestamp=587865.126870
(Worker_TP0 pid=1406072) [TP0] [VLM_STAGE_TIMER] stage2b_mq_dequeue | req=rank=0 | timestamp=587865.126889
(EngineCore pid=1405848) [VLM_STAGE_TIMER] stage2b_mq_enqueue | req=executor | timestamp=587865.330137
(Worker_TP1 pid=1406073) [TP1] [VLM_STAGE_TIMER] stage2b_mq_dequeue | req=rank=1 | timestamp=587865.504832
(Worker_TP3 pid=1406075) [TP3] [VLM_STAGE_TIMER] stage2b_mq_dequeue | req=rank=3 | timestamp=587865.504854
(Worker_TP0 pid=1406072) [TP0] [VLM_STAGE_TIMER] stage2b_mq_dequeue | req=rank=0 | timestamp=587865.504858
(Worker_TP2 pid=1406074) [TP2] [VLM_STAGE_TIMER] stage2b_mq_dequeue | req=rank=2 | timestamp=587865.504859
(APIServer pid=1405538) INFO:     127.0.0.1:37110 - "GET /health HTTP/1.1" 200 OK
(APIServer pid=1405538) [VLM_STAGE_TIMER] req_info | req=renderer0-mm-29 | mm_counts={'image': 29}
(APIServer pid=1405538) [VLM_STAGE_TIMER] stage1_processor | req=renderer0-mm-29 | wall=2247.423 ms
(APIServer pid=1405538) INFO 03-26 03:12:45 [loggers.py:259] Engine 000: Avg prompt throughput: 4057.5 tokens/s, Avg generation throughput: 5.3 tokens/s, Running: 0 reqs, Waiting: 0 reqs, GPU KV cache usage: 0.0%, Prefix cache hit rate: 0.0%, MM cache hit rate: 0.0%
(APIServer pid=1405538) INFO:     127.0.0.1:37122 - "POST /v1/chat/completions HTTP/1.1" 200 OK
(EngineCore pid=1405848) [VLM_STAGE_TIMER] stage2a_recv | req=chatcmpl-be285c2da061df0a-a42f822d | timestamp=587870.411075
(EngineCore pid=1405848) [VLM_STAGE_TIMER] stage2b_mq_enqueue | req=executor | timestamp=587870.416759
(EngineCore pid=1405848) [VLM_STAGE_TIMER] stage2b_mq_enqueue | req=executor | timestamp=587870.670592
(Worker_TP1 pid=1406073) [TP1] [VLM_STAGE_TIMER] stage2b_mq_dequeue | req=rank=1 | timestamp=587871.195895
(Worker_TP2 pid=1406074) [TP2] [VLM_STAGE_TIMER] stage2b_mq_dequeue | req=rank=2 | timestamp=587871.204377
(Worker_TP3 pid=1406075) [TP3] [VLM_STAGE_TIMER] stage2b_mq_dequeue | req=rank=3 | timestamp=587871.209189
(Worker_TP0 pid=1406072) [TP0] [VLM_STAGE_TIMER] stage2b_mq_dequeue | req=rank=0 | timestamp=587871.213597
(Worker_TP2 pid=1406074) [TP2] [VLM_STAGE_TIMER] stage2b_mq_dequeue | req=rank=2 | timestamp=587871.385123
(Worker_TP1 pid=1406073) [TP1] [VLM_STAGE_TIMER] stage2b_mq_dequeue | req=rank=1 | timestamp=587871.385138
(Worker_TP3 pid=1406075) [TP3] [VLM_STAGE_TIMER] stage2b_mq_dequeue | req=rank=3 | timestamp=587871.385139
(Worker_TP0 pid=1406072) [TP0] [VLM_STAGE_TIMER] stage2b_mq_dequeue | req=rank=0 | timestamp=587871.385400
(EngineCore pid=1405848) [VLM_STAGE_TIMER] stage2b_mq_enqueue | req=executor | timestamp=587871.588096
(Worker_TP1 pid=1406073) [TP1] [VLM_STAGE_TIMER] stage2b_mq_dequeue | req=rank=1 | timestamp=587871.762450
(Worker_TP2 pid=1406074) [TP2] [VLM_STAGE_TIMER] stage2b_mq_dequeue | req=rank=2 | timestamp=587871.762450
(Worker_TP3 pid=1406075) [TP3] [VLM_STAGE_TIMER] stage2b_mq_dequeue | req=rank=3 | timestamp=587871.762474
(Worker_TP0 pid=1406072) [TP0] [VLM_STAGE_TIMER] stage2b_mq_dequeue | req=rank=0 | timestamp=587871.762544
(EngineCore pid=1405848) [VLM_STAGE_TIMER] stage2b_mq_enqueue | req=executor | timestamp=587872.008295
(Worker_TP3 pid=1406075) [TP3] [VLM_STAGE_TIMER] stage2b_mq_dequeue | req=rank=3 | timestamp=587872.202301
(Worker_TP2 pid=1406074) [TP2] [VLM_STAGE_TIMER] stage2b_mq_dequeue | req=rank=2 | timestamp=587872.202315
(Worker_TP1 pid=1406073) [TP1] [VLM_STAGE_TIMER] stage2b_mq_dequeue | req=rank=1 | timestamp=587872.202330
(Worker_TP0 pid=1406072) [TP0] [VLM_STAGE_TIMER] stage2b_mq_dequeue | req=rank=0 | timestamp=587872.202551
(APIServer pid=1405538) INFO:     127.0.0.1:37126 - "GET /health HTTP/1.1" 200 OK
(APIServer pid=1405538) [VLM_STAGE_TIMER] req_info | req=renderer0-mm-30 | mm_counts={'image': 30}
(APIServer pid=1405538) [VLM_STAGE_TIMER] stage1_processor | req=renderer0-mm-30 | wall=2278.276 ms
(APIServer pid=1405538) INFO:     127.0.0.1:37140 - "POST /v1/chat/completions HTTP/1.1" 200 OK
(EngineCore pid=1405848) [VLM_STAGE_TIMER] stage2a_recv | req=chatcmpl-8b88fa54bb1645f3-92f288ea | timestamp=587876.701615
(EngineCore pid=1405848) [VLM_STAGE_TIMER] stage2b_mq_enqueue | req=executor | timestamp=587876.707522
(EngineCore pid=1405848) [VLM_STAGE_TIMER] stage2b_mq_enqueue | req=executor | timestamp=587876.957874
(Worker_TP1 pid=1406073) [TP1] [VLM_STAGE_TIMER] stage2b_mq_dequeue | req=rank=1 | timestamp=587877.488974
(Worker_TP2 pid=1406074) [TP2] [VLM_STAGE_TIMER] stage2b_mq_dequeue | req=rank=2 | timestamp=587877.499617
(Worker_TP3 pid=1406075) [TP3] [VLM_STAGE_TIMER] stage2b_mq_dequeue | req=rank=3 | timestamp=587877.500946
(Worker_TP0 pid=1406072) [TP0] [VLM_STAGE_TIMER] stage2b_mq_dequeue | req=rank=0 | timestamp=587877.502892
(Worker_TP3 pid=1406075) [TP3] [VLM_STAGE_TIMER] stage2b_mq_dequeue | req=rank=3 | timestamp=587877.675935
(Worker_TP2 pid=1406074) [TP2] [VLM_STAGE_TIMER] stage2b_mq_dequeue | req=rank=2 | timestamp=587877.675943
(Worker_TP1 pid=1406073) [TP1] [VLM_STAGE_TIMER] stage2b_mq_dequeue | req=rank=1 | timestamp=587877.675948
(Worker_TP0 pid=1406072) [TP0] [VLM_STAGE_TIMER] stage2b_mq_dequeue | req=rank=0 | timestamp=587877.676067
(EngineCore pid=1405848) [VLM_STAGE_TIMER] stage2b_mq_enqueue | req=executor | timestamp=587877.879220
(Worker_TP1 pid=1406073) [TP1] [VLM_STAGE_TIMER] stage2b_mq_dequeue | req=rank=1 | timestamp=587878.054361
(Worker_TP2 pid=1406074) [TP2] [VLM_STAGE_TIMER] stage2b_mq_dequeue | req=rank=2 | timestamp=587878.054390
(Worker_TP3 pid=1406075) [TP3] [VLM_STAGE_TIMER] stage2b_mq_dequeue | req=rank=3 | timestamp=587878.054394
(Worker_TP0 pid=1406072) [TP0] [VLM_STAGE_TIMER] stage2b_mq_dequeue | req=rank=0 | timestamp=587878.054402
(EngineCore pid=1405848) [VLM_STAGE_TIMER] stage2b_mq_enqueue | req=executor | timestamp=587878.299012
(Worker_TP3 pid=1406075) [TP3] [VLM_STAGE_TIMER] stage2b_mq_dequeue | req=rank=3 | timestamp=587878.493324
(Worker_TP2 pid=1406074) [TP2] [VLM_STAGE_TIMER] stage2b_mq_dequeue | req=rank=2 | timestamp=587878.493341
(Worker_TP1 pid=1406073) [TP1] [VLM_STAGE_TIMER] stage2b_mq_dequeue | req=rank=1 | timestamp=587878.493352
(Worker_TP0 pid=1406072) [TP0] [VLM_STAGE_TIMER] stage2b_mq_dequeue | req=rank=0 | timestamp=587878.493444
(APIServer pid=1405538) INFO:     127.0.0.1:57382 - "GET /health HTTP/1.1" 200 OK
(APIServer pid=1405538) INFO 03-26 03:12:55 [loggers.py:259] Engine 000: Avg prompt throughput: 5259.0 tokens/s, Avg generation throughput: 6.4 tokens/s, Running: 0 reqs, Waiting: 0 reqs, GPU KV cache usage: 0.0%, Prefix cache hit rate: 0.0%, MM cache hit rate: 0.0%
(APIServer pid=1405538) [VLM_STAGE_TIMER] req_info | req=renderer0-mm-31 | mm_counts={'image': 31}
(APIServer pid=1405538) [VLM_STAGE_TIMER] stage1_processor | req=renderer0-mm-31 | wall=2384.120 ms
(APIServer pid=1405538) INFO:     127.0.0.1:57398 - "POST /v1/chat/completions HTTP/1.1" 200 OK
(EngineCore pid=1405848) [VLM_STAGE_TIMER] stage2a_recv | req=chatcmpl-af76d7befc68163b-bbd1a7a8 | timestamp=587883.227872
(EngineCore pid=1405848) [VLM_STAGE_TIMER] stage2b_mq_enqueue | req=executor | timestamp=587883.233803
(EngineCore pid=1405848) [VLM_STAGE_TIMER] stage2b_mq_enqueue | req=executor | timestamp=587883.508982
(Worker_TP1 pid=1406073) [TP1] [VLM_STAGE_TIMER] stage2b_mq_dequeue | req=rank=1 | timestamp=587884.077328
(Worker_TP3 pid=1406075) [TP3] [VLM_STAGE_TIMER] stage2b_mq_dequeue | req=rank=3 | timestamp=587884.098310
(Worker_TP0 pid=1406072) [TP0] [VLM_STAGE_TIMER] stage2b_mq_dequeue | req=rank=0 | timestamp=587884.101304
(Worker_TP2 pid=1406074) [TP2] [VLM_STAGE_TIMER] stage2b_mq_dequeue | req=rank=2 | timestamp=587884.103382
(Worker_TP1 pid=1406073) [TP1] [VLM_STAGE_TIMER] stage2b_mq_dequeue | req=rank=1 | timestamp=587884.275321
(Worker_TP2 pid=1406074) [TP2] [VLM_STAGE_TIMER] stage2b_mq_dequeue | req=rank=2 | timestamp=587884.275358
(Worker_TP0 pid=1406072) [TP0] [VLM_STAGE_TIMER] stage2b_mq_dequeue | req=rank=0 | timestamp=587884.275374
(Worker_TP3 pid=1406075) [TP3] [VLM_STAGE_TIMER] stage2b_mq_dequeue | req=rank=3 | timestamp=587884.275380
(EngineCore pid=1405848) [VLM_STAGE_TIMER] stage2b_mq_enqueue | req=executor | timestamp=587884.479139
(Worker_TP1 pid=1406073) [TP1] [VLM_STAGE_TIMER] stage2b_mq_dequeue | req=rank=1 | timestamp=587884.653777
(Worker_TP2 pid=1406074) [TP2] [VLM_STAGE_TIMER] stage2b_mq_dequeue | req=rank=2 | timestamp=587884.653793
(Worker_TP3 pid=1406075) [TP3] [VLM_STAGE_TIMER] stage2b_mq_dequeue | req=rank=3 | timestamp=587884.653825
(Worker_TP0 pid=1406072) [TP0] [VLM_STAGE_TIMER] stage2b_mq_dequeue | req=rank=0 | timestamp=587884.653998
(EngineCore pid=1405848) [VLM_STAGE_TIMER] stage2b_mq_enqueue | req=executor | timestamp=587884.900045
(Worker_TP1 pid=1406073) [TP1] [VLM_STAGE_TIMER] stage2b_mq_dequeue | req=rank=1 | timestamp=587885.098441
(Worker_TP0 pid=1406072) [TP0] [VLM_STAGE_TIMER] stage2b_mq_dequeue | req=rank=0 | timestamp=587885.098456
(Worker_TP3 pid=1406075) [TP3] [VLM_STAGE_TIMER] stage2b_mq_dequeue | req=rank=3 | timestamp=587885.098462
(Worker_TP2 pid=1406074) [TP2] [VLM_STAGE_TIMER] stage2b_mq_dequeue | req=rank=2 | timestamp=587885.098477
(APIServer pid=1405538) INFO:     127.0.0.1:59200 - "GET /health HTTP/1.1" 200 OK
(APIServer pid=1405538) [VLM_STAGE_TIMER] req_info | req=renderer0-mm-32 | mm_counts={'image': 32}
(APIServer pid=1405538) [VLM_STAGE_TIMER] stage1_processor | req=renderer0-mm-32 | wall=2571.542 ms
(APIServer pid=1405538) INFO:     127.0.0.1:59212 - "POST /v1/chat/completions HTTP/1.1" 200 OK
(EngineCore pid=1405848) [VLM_STAGE_TIMER] stage2a_recv | req=chatcmpl-bfbccb74b4ff7058-9c90c7e1 | timestamp=587890.094224
(EngineCore pid=1405848) [VLM_STAGE_TIMER] stage2b_mq_enqueue | req=executor | timestamp=587890.100272
(APIServer pid=1405538) INFO 03-26 03:13:05 [loggers.py:259] Engine 000: Avg prompt throughput: 2761.8 tokens/s, Avg generation throughput: 3.2 tokens/s, Running: 0 reqs, Waiting: 0 reqs, GPU KV cache usage: 0.0%, Prefix cache hit rate: 0.0%, MM cache hit rate: 0.0%
(EngineCore pid=1405848) [VLM_STAGE_TIMER] stage2b_mq_enqueue | req=executor | timestamp=587890.385241
(Worker_TP1 pid=1406073) [TP1] [VLM_STAGE_TIMER] stage2b_mq_dequeue | req=rank=1 | timestamp=587890.979473
(Worker_TP0 pid=1406072) [TP0] [VLM_STAGE_TIMER] stage2b_mq_dequeue | req=rank=0 | timestamp=587891.011183
(Worker_TP2 pid=1406074) [TP2] [VLM_STAGE_TIMER] stage2b_mq_dequeue | req=rank=2 | timestamp=587891.013281
(Worker_TP3 pid=1406075) [TP3] [VLM_STAGE_TIMER] stage2b_mq_dequeue | req=rank=3 | timestamp=587891.015344
(Worker_TP2 pid=1406074) [TP2] [VLM_STAGE_TIMER] stage2b_mq_dequeue | req=rank=2 | timestamp=587891.187841
(Worker_TP3 pid=1406075) [TP3] [VLM_STAGE_TIMER] stage2b_mq_dequeue | req=rank=3 | timestamp=587891.187870
(Worker_TP1 pid=1406073) [TP1] [VLM_STAGE_TIMER] stage2b_mq_dequeue | req=rank=1 | timestamp=587891.187873
(Worker_TP0 pid=1406072) [TP0] [VLM_STAGE_TIMER] stage2b_mq_dequeue | req=rank=0 | timestamp=587891.187885
(EngineCore pid=1405848) [VLM_STAGE_TIMER] stage2b_mq_enqueue | req=executor | timestamp=587891.390582
(Worker_TP2 pid=1406074) [TP2] [VLM_STAGE_TIMER] stage2b_mq_dequeue | req=rank=2 | timestamp=587891.565796
(Worker_TP3 pid=1406075) [TP3] [VLM_STAGE_TIMER] stage2b_mq_dequeue | req=rank=3 | timestamp=587891.565798
(Worker_TP1 pid=1406073) [TP1] [VLM_STAGE_TIMER] stage2b_mq_dequeue | req=rank=1 | timestamp=587891.565828
(Worker_TP0 pid=1406072) [TP0] [VLM_STAGE_TIMER] stage2b_mq_dequeue | req=rank=0 | timestamp=587891.565867
(EngineCore pid=1405848) [VLM_STAGE_TIMER] stage2b_mq_enqueue | req=executor | timestamp=587891.810991
(Worker_TP1 pid=1406073) [TP1] [VLM_STAGE_TIMER] stage2b_mq_dequeue | req=rank=1 | timestamp=587892.005591
(Worker_TP0 pid=1406072) [TP0] [VLM_STAGE_TIMER] stage2b_mq_dequeue | req=rank=0 | timestamp=587892.005600
(Worker_TP3 pid=1406075) [TP3] [VLM_STAGE_TIMER] stage2b_mq_dequeue | req=rank=3 | timestamp=587892.005614
(Worker_TP2 pid=1406074) [TP2] [VLM_STAGE_TIMER] stage2b_mq_dequeue | req=rank=2 | timestamp=587892.005617
(APIServer pid=1405538) INFO:     Shutting down
(Worker_TP1 pid=1406073) WARNING 03-26 03:13:08 [multiproc_executor.py:877] WorkerProc was terminated
(Worker_TP0 pid=1406072) WARNING 03-26 03:13:08 [multiproc_executor.py:877] WorkerProc was terminated
(Worker_TP3 pid=1406075) WARNING 03-26 03:13:08 [multiproc_executor.py:877] WorkerProc was terminated
(Worker_TP2 pid=1406074) WARNING 03-26 03:13:08 [multiproc_executor.py:877] WorkerProc was terminated
(APIServer pid=1405538) INFO:     Waiting for application shutdown.
(APIServer pid=1405538) INFO:     Application shutdown complete.
(APIServer pid=1405538) INFO:     Finished server process [1405538]
(EngineCore pid=1405848) ERROR 03-26 03:13:10 [multiproc_executor.py:273] Worker proc VllmWorker-0 died unexpectedly, shutting down executor.
(EngineCore pid=1405848) ERROR 03-26 03:13:12 [dump_input.py:72] Dumping input data for V1 LLM engine (v0.18.1rc1.dev102+g42e954797) with config: model='Qwen/Qwen3-VL-32B-Instruct', speculative_config=None, tokenizer='Qwen/Qwen3-VL-32B-Instruct', skip_tokenizer_init=False, tokenizer_mode=auto, revision=None, tokenizer_revision=None, trust_remote_code=False, dtype=torch.bfloat16, max_seq_len=262144, download_dir=None, load_format=auto, tensor_parallel_size=4, pipeline_parallel_size=1, data_parallel_size=1, decode_context_parallel_size=1, dcp_comm_backend=ag_rs, disable_custom_all_reduce=False, quantization=None, enforce_eager=True, enable_return_routed_experts=False, kv_cache_dtype=auto, device_config=cuda, structured_outputs_config=StructuredOutputsConfig(backend='auto', disable_any_whitespace=False, disable_additional_properties=False, reasoning_parser='', reasoning_parser_plugin='', enable_in_reasoning=False), observability_config=ObservabilityConfig(show_hidden_metrics_for_version=None, otlp_traces_endpoint=None, collect_detailed_traces=None, kv_cache_metrics=False, kv_cache_metrics_sample=0.01, cudagraph_metrics=False, enable_layerwise_nvtx_tracing=False, enable_mfu_metrics=False, enable_mm_processor_stats=False, enable_logging_iteration_details=False), seed=0, served_model_name=Qwen/Qwen3-VL-32B-Instruct, enable_prefix_caching=True, enable_chunked_prefill=True, pooler_config=None, compilation_config={'mode': <CompilationMode.NONE: 0>, 'debug_dump_path': None, 'cache_dir': '', 'compile_cache_save_format': 'binary', 'backend': 'inductor', 'custom_ops': ['all'], 'splitting_ops': [], 'compile_mm_encoder': False, 'cudagraph_mm_encoder': False, 'encoder_cudagraph_token_budgets': [], 'encoder_cudagraph_max_images_per_batch': 0, 'compile_sizes': [], 'compile_ranges_endpoints': [204, 204, 8192], 'inductor_compile_config': {'enable_auto_functionalized_v2': False, 'size_asserts': False, 'alignment_asserts': False, 'scalar_asserts': False, 'combo_kernels': True, 'benchmark_combo_kernel': True}, 'inductor_passes': {}, 'cudagraph_mode': <CUDAGraphMode.NONE: 0>, 'cudagraph_num_of_warmups': 0, 'cudagraph_capture_sizes': [], 'cudagraph_copy_inputs': False, 'cudagraph_specialize_lora': True, 'use_inductor_graph_partition': False, 'pass_config': {'fuse_norm_quant': True, 'fuse_act_quant': True, 'fuse_attn_quant': False, 'enable_sp': False, 'fuse_gemm_comms': False, 'fuse_allreduce_rms': True}, 'max_cudagraph_capture_size': 0, 'dynamic_shapes_config': {'type': <DynamicShapesType.BACKED: 'backed'>, 'evaluate_guards': False, 'assume_32_bit_indexing': False}, 'local_cache_dir': None, 'fast_moe_cold_start': True, 'static_all_moe_layers': []}, 
(EngineCore pid=1405848) ERROR 03-26 03:13:12 [dump_input.py:79] Dumping scheduler output for model execution: SchedulerOutput(scheduled_new_reqs=[], scheduled_cached_reqs=CachedRequestData(req_ids=[],resumed_req_ids=set(),new_token_ids_lens=[],all_token_ids_lens={},new_block_ids=[],num_computed_tokens=[],num_output_tokens=[]), num_scheduled_tokens={}, total_num_scheduled_tokens=0, scheduled_spec_decode_tokens={}, scheduled_encoder_inputs={}, num_common_prefix_blocks=[0], finished_req_ids=['chatcmpl-bfbccb74b4ff7058-9c90c7e1'], free_encoder_mm_hashes=[], preempted_req_ids=[], has_structured_output_requests=false, pending_structured_output_tokens=false, num_invalid_spec_tokens=null, kv_connector_metadata=null, ec_connector_metadata=null, new_block_ids_to_zero=null)
(EngineCore pid=1405848) ERROR 03-26 03:13:12 [dump_input.py:81] Dumping scheduler stats: SchedulerStats(num_running_reqs=0, num_waiting_reqs=0, step_counter=0, current_wave=0, kv_cache_usage=0.0, encoder_cache_usage=0.966796875, prefix_cache_stats=PrefixCacheStats(reset=False, requests=0, queries=0, hits=0, preempted_requests=0, preempted_queries=0, preempted_hits=0), connector_prefix_cache_stats=None, kv_cache_eviction_events=[], spec_decoding_stats=None, kv_connector_stats=None, waiting_lora_adapters={}, running_lora_adapters={}, cudagraph_stats=None, perf_stats=None)
(EngineCore pid=1405848) ERROR 03-26 03:13:12 [core.py:1110] EngineCore encountered a fatal error.
(EngineCore pid=1405848) ERROR 03-26 03:13:12 [core.py:1110] Traceback (most recent call last):
(EngineCore pid=1405848) ERROR 03-26 03:13:12 [core.py:1110]   File "/sgl-workspace/vllm/vllm/v1/engine/core.py", line 1101, in run_engine_core
(EngineCore pid=1405848) ERROR 03-26 03:13:12 [core.py:1110]     engine_core.run_busy_loop()
(EngineCore pid=1405848) ERROR 03-26 03:13:12 [core.py:1110]   File "/sgl-workspace/vllm/vllm/v1/engine/core.py", line 1142, in run_busy_loop
(EngineCore pid=1405848) ERROR 03-26 03:13:12 [core.py:1110]     self._process_engine_step()
(EngineCore pid=1405848) ERROR 03-26 03:13:12 [core.py:1110]   File "/sgl-workspace/vllm/vllm/v1/engine/core.py", line 1181, in _process_engine_step
(EngineCore pid=1405848) ERROR 03-26 03:13:12 [core.py:1110]     outputs, model_executed = self.step_fn()
(EngineCore pid=1405848) ERROR 03-26 03:13:12 [core.py:1110]                               ^^^^^^^^^^^^^^
(EngineCore pid=1405848) ERROR 03-26 03:13:12 [core.py:1110]   File "/sgl-workspace/vllm/vllm/v1/engine/core.py", line 499, in step_with_batch_queue
(EngineCore pid=1405848) ERROR 03-26 03:13:12 [core.py:1110]     model_output = future.result()
(EngineCore pid=1405848) ERROR 03-26 03:13:12 [core.py:1110]                    ^^^^^^^^^^^^^^^
(EngineCore pid=1405848) ERROR 03-26 03:13:12 [core.py:1110]   File "/sgl-workspace/vllm/vllm/v1/executor/multiproc_executor.py", line 84, in result
(EngineCore pid=1405848) ERROR 03-26 03:13:12 [core.py:1110]     return super().result()
(EngineCore pid=1405848) ERROR 03-26 03:13:12 [core.py:1110]            ^^^^^^^^^^^^^^^^
(EngineCore pid=1405848) ERROR 03-26 03:13:12 [core.py:1110]   File "/usr/lib/python3.12/concurrent/futures/_base.py", line 449, in result
(EngineCore pid=1405848) ERROR 03-26 03:13:12 [core.py:1110]     return self.__get_result()
(EngineCore pid=1405848) ERROR 03-26 03:13:12 [core.py:1110]            ^^^^^^^^^^^^^^^^^^^
(EngineCore pid=1405848) ERROR 03-26 03:13:12 [core.py:1110]   File "/usr/lib/python3.12/concurrent/futures/_base.py", line 401, in __get_result
(EngineCore pid=1405848) ERROR 03-26 03:13:12 [core.py:1110]     raise self._exception
(EngineCore pid=1405848) ERROR 03-26 03:13:12 [core.py:1110]   File "/sgl-workspace/vllm/vllm/v1/executor/multiproc_executor.py", line 88, in wait_for_response
(EngineCore pid=1405848) ERROR 03-26 03:13:12 [core.py:1110]     response = self.aggregate(get_response())
(EngineCore pid=1405848) ERROR 03-26 03:13:12 [core.py:1110]                               ^^^^^^^^^^^^^^
(EngineCore pid=1405848) ERROR 03-26 03:13:12 [core.py:1110]   File "/sgl-workspace/vllm/vllm/v1/executor/multiproc_executor.py", line 382, in get_response
(EngineCore pid=1405848) ERROR 03-26 03:13:12 [core.py:1110]     status, result = mq.dequeue(timeout=dequeue_timeout)
(EngineCore pid=1405848) ERROR 03-26 03:13:12 [core.py:1110]                      ^^^^^^^^^^^^^^^^^^^^^^^^^^^^^^^^^^^
(EngineCore pid=1405848) ERROR 03-26 03:13:12 [core.py:1110]   File "/sgl-workspace/vllm/vllm/distributed/device_communicators/shm_broadcast.py", line 755, in dequeue
(EngineCore pid=1405848) ERROR 03-26 03:13:12 [core.py:1110]     with self.acquire_read(timeout, indefinite) as buf:
(EngineCore pid=1405848) ERROR 03-26 03:13:12 [core.py:1110]   File "/usr/lib/python3.12/contextlib.py", line 137, in __enter__
(EngineCore pid=1405848) ERROR 03-26 03:13:12 [core.py:1110]     return next(self.gen)
(EngineCore pid=1405848) ERROR 03-26 03:13:12 [core.py:1110]            ^^^^^^^^^^^^^^
(EngineCore pid=1405848) ERROR 03-26 03:13:12 [core.py:1110]   File "/sgl-workspace/vllm/vllm/distributed/device_communicators/shm_broadcast.py", line 677, in acquire_read
(EngineCore pid=1405848) ERROR 03-26 03:13:12 [core.py:1110]     raise RuntimeError("cancelled")
(EngineCore pid=1405848) ERROR 03-26 03:13:12 [core.py:1110] RuntimeError: cancelled
(EngineCore pid=1405848) Process EngineCore:
(EngineCore pid=1405848) Traceback (most recent call last):
(EngineCore pid=1405848)   File "/usr/lib/python3.12/multiprocessing/process.py", line 314, in _bootstrap
(EngineCore pid=1405848)     self.run()
(EngineCore pid=1405848)   File "/usr/lib/python3.12/multiprocessing/process.py", line 108, in run
(EngineCore pid=1405848)     self._target(*self._args, **self._kwargs)
(EngineCore pid=1405848)   File "/sgl-workspace/vllm/vllm/v1/engine/core.py", line 1112, in run_engine_core
(EngineCore pid=1405848)     raise e
(EngineCore pid=1405848)   File "/sgl-workspace/vllm/vllm/v1/engine/core.py", line 1101, in run_engine_core
(EngineCore pid=1405848)     engine_core.run_busy_loop()
(EngineCore pid=1405848)   File "/sgl-workspace/vllm/vllm/v1/engine/core.py", line 1142, in run_busy_loop
(EngineCore pid=1405848)     self._process_engine_step()
(EngineCore pid=1405848)   File "/sgl-workspace/vllm/vllm/v1/engine/core.py", line 1181, in _process_engine_step
(EngineCore pid=1405848)     outputs, model_executed = self.step_fn()
(EngineCore pid=1405848)                               ^^^^^^^^^^^^^^
(EngineCore pid=1405848)   File "/sgl-workspace/vllm/vllm/v1/engine/core.py", line 499, in step_with_batch_queue
(EngineCore pid=1405848)     model_output = future.result()
(EngineCore pid=1405848)                    ^^^^^^^^^^^^^^^
(EngineCore pid=1405848)   File "/sgl-workspace/vllm/vllm/v1/executor/multiproc_executor.py", line 84, in result
(EngineCore pid=1405848)     return super().result()
(EngineCore pid=1405848)            ^^^^^^^^^^^^^^^^
(EngineCore pid=1405848)   File "/usr/lib/python3.12/concurrent/futures/_base.py", line 449, in result
(EngineCore pid=1405848)     return self.__get_result()
(EngineCore pid=1405848)            ^^^^^^^^^^^^^^^^^^^
(EngineCore pid=1405848)   File "/usr/lib/python3.12/concurrent/futures/_base.py", line 401, in __get_result
(EngineCore pid=1405848)     raise self._exception
(EngineCore pid=1405848)   File "/sgl-workspace/vllm/vllm/v1/executor/multiproc_executor.py", line 88, in wait_for_response
(EngineCore pid=1405848)     response = self.aggregate(get_response())
(EngineCore pid=1405848)                               ^^^^^^^^^^^^^^
(EngineCore pid=1405848)   File "/sgl-workspace/vllm/vllm/v1/executor/multiproc_executor.py", line 382, in get_response
(EngineCore pid=1405848)     status, result = mq.dequeue(timeout=dequeue_timeout)
(EngineCore pid=1405848)                      ^^^^^^^^^^^^^^^^^^^^^^^^^^^^^^^^^^^
(EngineCore pid=1405848)   File "/sgl-workspace/vllm/vllm/distributed/device_communicators/shm_broadcast.py", line 755, in dequeue
(EngineCore pid=1405848)     with self.acquire_read(timeout, indefinite) as buf:
(EngineCore pid=1405848)   File "/usr/lib/python3.12/contextlib.py", line 137, in __enter__
(EngineCore pid=1405848)     return next(self.gen)
(EngineCore pid=1405848)            ^^^^^^^^^^^^^^
(EngineCore pid=1405848)   File "/sgl-workspace/vllm/vllm/distributed/device_communicators/shm_broadcast.py", line 677, in acquire_read
(EngineCore pid=1405848)     raise RuntimeError("cancelled")
(EngineCore pid=1405848) RuntimeError: cancelled
/usr/lib/python3.12/multiprocessing/resource_tracker.py:254: UserWarning: resource_tracker: There appear to be 4 leaked shared_memory objects to clean up at shutdown
  warnings.warn('resource_tracker: There appear to be %d '
