(APIServer pid=1443361) INFO 03-26 03:59:58 [utils.py:299] 
(APIServer pid=1443361) INFO 03-26 03:59:58 [utils.py:299]        █     █     █▄   ▄█
(APIServer pid=1443361) INFO 03-26 03:59:58 [utils.py:299]  ▄▄ ▄█ █     █     █ ▀▄▀ █  version 0.18.1rc1.dev102+g42e954797
(APIServer pid=1443361) INFO 03-26 03:59:58 [utils.py:299]   █▄█▀ █     █     █     █  model   Qwen/Qwen3-VL-32B-Instruct
(APIServer pid=1443361) INFO 03-26 03:59:58 [utils.py:299]    ▀▀  ▀▀▀▀▀ ▀▀▀▀▀ ▀     ▀
(APIServer pid=1443361) INFO 03-26 03:59:58 [utils.py:299] 
(APIServer pid=1443361) INFO 03-26 03:59:58 [utils.py:233] non-default args: {'port': 30000, 'model': 'Qwen/Qwen3-VL-32B-Instruct', 'enforce_eager': True, 'tensor_parallel_size': 4}
(APIServer pid=1443361) INFO 03-26 04:00:06 [model.py:541] Resolved architecture: Qwen3VLForConditionalGeneration
(APIServer pid=1443361) INFO 03-26 04:00:06 [model.py:1645] Using max model len 262144
(APIServer pid=1443361) INFO 03-26 04:00:06 [scheduler.py:237] Chunked prefill is enabled with max_num_batched_tokens=8192.
(APIServer pid=1443361) INFO 03-26 04:00:06 [vllm.py:753] Asynchronous scheduling is enabled.
(APIServer pid=1443361) WARNING 03-26 04:00:06 [vllm.py:811] Enforce eager set, disabling torch.compile and CUDAGraphs. This is equivalent to setting -cc.mode=none -cc.cudagraph_mode=none
(APIServer pid=1443361) WARNING 03-26 04:00:06 [vllm.py:822] Inductor compilation was disabled by user settings, optimizations settings that are only active during inductor compilation will be ignored.
(APIServer pid=1443361) INFO 03-26 04:00:06 [vllm.py:987] Cudagraph is disabled under eager mode
(APIServer pid=1443361) <frozen importlib._bootstrap_external>:1297: FutureWarning: The cuda.cudart module is deprecated and will be removed in a future release, please switch to use the cuda.bindings.runtime module instead.
(APIServer pid=1443361) <frozen importlib._bootstrap_external>:1297: FutureWarning: The cuda.nvrtc module is deprecated and will be removed in a future release, please switch to use the cuda.bindings.nvrtc module instead.
(APIServer pid=1443361) INFO 03-26 04:00:07 [compilation.py:290] Enabled custom fusions: norm_quant, act_quant, allreduce_rms
(EngineCore pid=1443921) INFO 03-26 04:00:18 [core.py:105] Initializing a V1 LLM engine (v0.18.1rc1.dev102+g42e954797) with config: model='Qwen/Qwen3-VL-32B-Instruct', speculative_config=None, tokenizer='Qwen/Qwen3-VL-32B-Instruct', skip_tokenizer_init=False, tokenizer_mode=auto, revision=None, tokenizer_revision=None, trust_remote_code=False, dtype=torch.bfloat16, max_seq_len=262144, download_dir=None, load_format=auto, tensor_parallel_size=4, pipeline_parallel_size=1, data_parallel_size=1, decode_context_parallel_size=1, dcp_comm_backend=ag_rs, disable_custom_all_reduce=False, quantization=None, enforce_eager=True, enable_return_routed_experts=False, kv_cache_dtype=auto, device_config=cuda, structured_outputs_config=StructuredOutputsConfig(backend='auto', disable_any_whitespace=False, disable_additional_properties=False, reasoning_parser='', reasoning_parser_plugin='', enable_in_reasoning=False), observability_config=ObservabilityConfig(show_hidden_metrics_for_version=None, otlp_traces_endpoint=None, collect_detailed_traces=None, kv_cache_metrics=False, kv_cache_metrics_sample=0.01, cudagraph_metrics=False, enable_layerwise_nvtx_tracing=False, enable_mfu_metrics=False, enable_mm_processor_stats=False, enable_logging_iteration_details=False), seed=0, served_model_name=Qwen/Qwen3-VL-32B-Instruct, enable_prefix_caching=True, enable_chunked_prefill=True, pooler_config=None, compilation_config={'mode': <CompilationMode.NONE: 0>, 'debug_dump_path': None, 'cache_dir': '', 'compile_cache_save_format': 'binary', 'backend': 'inductor', 'custom_ops': ['all'], 'splitting_ops': [], 'compile_mm_encoder': False, 'cudagraph_mm_encoder': False, 'encoder_cudagraph_token_budgets': [], 'encoder_cudagraph_max_images_per_batch': 0, 'compile_sizes': [], 'compile_ranges_endpoints': [204, 8192], 'inductor_compile_config': {'enable_auto_functionalized_v2': False, 'size_asserts': False, 'alignment_asserts': False, 'scalar_asserts': False, 'combo_kernels': True, 'benchmark_combo_kernel': True}, 'inductor_passes': {}, 'cudagraph_mode': <CUDAGraphMode.NONE: 0>, 'cudagraph_num_of_warmups': 0, 'cudagraph_capture_sizes': [], 'cudagraph_copy_inputs': False, 'cudagraph_specialize_lora': True, 'use_inductor_graph_partition': False, 'pass_config': {'fuse_norm_quant': True, 'fuse_act_quant': True, 'fuse_attn_quant': False, 'enable_sp': False, 'fuse_gemm_comms': False, 'fuse_allreduce_rms': True}, 'max_cudagraph_capture_size': 0, 'dynamic_shapes_config': {'type': <DynamicShapesType.BACKED: 'backed'>, 'evaluate_guards': False, 'assume_32_bit_indexing': False}, 'local_cache_dir': None, 'fast_moe_cold_start': True, 'static_all_moe_layers': []}
(EngineCore pid=1443921) WARNING 03-26 04:00:18 [multiproc_executor.py:1029] Reducing Torch parallelism from 192 threads to 1 to avoid unnecessary CPU contention. Set OMP_NUM_THREADS in the external environment to tune this value as needed.
(EngineCore pid=1443921) INFO 03-26 04:00:18 [multiproc_executor.py:134] DP group leader: node_rank=0, node_rank_within_dp=0, master_addr=127.0.0.1, mq_connect_ip=207.210.107.172 (local), world_size=4, local_world_size=4
(Worker pid=1444139) INFO 03-26 04:00:26 [parallel_state.py:1400] world_size=4 rank=0 local_rank=0 distributed_init_method=tcp://127.0.0.1:35177 backend=nccl
(Worker pid=1444141) INFO 03-26 04:00:27 [parallel_state.py:1400] world_size=4 rank=2 local_rank=2 distributed_init_method=tcp://127.0.0.1:35177 backend=nccl
(Worker pid=1444142) INFO 03-26 04:00:27 [parallel_state.py:1400] world_size=4 rank=3 local_rank=3 distributed_init_method=tcp://127.0.0.1:35177 backend=nccl
(Worker pid=1444140) INFO 03-26 04:00:27 [parallel_state.py:1400] world_size=4 rank=1 local_rank=1 distributed_init_method=tcp://127.0.0.1:35177 backend=nccl
(Worker pid=1444139) <frozen importlib._bootstrap_external>:1297: FutureWarning: The cuda.cudart module is deprecated and will be removed in a future release, please switch to use the cuda.bindings.runtime module instead.
(Worker pid=1444139) <frozen importlib._bootstrap_external>:1297: FutureWarning: The cuda.nvrtc module is deprecated and will be removed in a future release, please switch to use the cuda.bindings.nvrtc module instead.
(Worker pid=1444142) <frozen importlib._bootstrap_external>:1297: FutureWarning: The cuda.cudart module is deprecated and will be removed in a future release, please switch to use the cuda.bindings.runtime module instead.
(Worker pid=1444142) <frozen importlib._bootstrap_external>:1297: FutureWarning: The cuda.nvrtc module is deprecated and will be removed in a future release, please switch to use the cuda.bindings.nvrtc module instead.
(Worker pid=1444140) <frozen importlib._bootstrap_external>:1297: FutureWarning: The cuda.cudart module is deprecated and will be removed in a future release, please switch to use the cuda.bindings.runtime module instead.
(Worker pid=1444140) <frozen importlib._bootstrap_external>:1297: FutureWarning: The cuda.nvrtc module is deprecated and will be removed in a future release, please switch to use the cuda.bindings.nvrtc module instead.
(Worker pid=1444141) <frozen importlib._bootstrap_external>:1297: FutureWarning: The cuda.cudart module is deprecated and will be removed in a future release, please switch to use the cuda.bindings.runtime module instead.
(Worker pid=1444141) <frozen importlib._bootstrap_external>:1297: FutureWarning: The cuda.nvrtc module is deprecated and will be removed in a future release, please switch to use the cuda.bindings.nvrtc module instead.
(Worker pid=1444139) INFO 03-26 04:00:27 [pynccl.py:111] vLLM is using nccl==2.27.5
(Worker pid=1444139) INFO 03-26 04:00:29 [parallel_state.py:1716] rank 0 in world size 4 is assigned as DP rank 0, PP rank 0, PCP rank 0, TP rank 0, EP rank N/A, EPLB rank N/A
(Worker_TP0 pid=1444139) INFO 03-26 04:00:34 [gpu_model_runner.py:4745] Starting to load model Qwen/Qwen3-VL-32B-Instruct...
(Worker_TP3 pid=1444142) WARNING 03-26 04:00:34 [vllm.py:811] Enforce eager set, disabling torch.compile and CUDAGraphs. This is equivalent to setting -cc.mode=none -cc.cudagraph_mode=none
(Worker_TP3 pid=1444142) WARNING 03-26 04:00:34 [vllm.py:822] Inductor compilation was disabled by user settings, optimizations settings that are only active during inductor compilation will be ignored.
(Worker_TP3 pid=1444142) INFO 03-26 04:00:34 [vllm.py:987] Cudagraph is disabled under eager mode
(Worker_TP2 pid=1444141) WARNING 03-26 04:00:34 [vllm.py:811] Enforce eager set, disabling torch.compile and CUDAGraphs. This is equivalent to setting -cc.mode=none -cc.cudagraph_mode=none
(Worker_TP2 pid=1444141) WARNING 03-26 04:00:34 [vllm.py:822] Inductor compilation was disabled by user settings, optimizations settings that are only active during inductor compilation will be ignored.
(Worker_TP2 pid=1444141) INFO 03-26 04:00:34 [vllm.py:987] Cudagraph is disabled under eager mode
(Worker_TP0 pid=1444139) INFO 03-26 04:00:34 [cuda.py:390] Using backend AttentionBackendEnum.FLASH_ATTN for vit attention
(Worker_TP0 pid=1444139) INFO 03-26 04:00:34 [mm_encoder_attention.py:230] Using AttentionBackendEnum.FLASH_ATTN for MMEncoderAttention.
(Worker_TP0 pid=1444139) INFO 03-26 04:00:34 [vllm.py:753] Asynchronous scheduling is enabled.
(Worker_TP0 pid=1444139) WARNING 03-26 04:00:34 [vllm.py:811] Enforce eager set, disabling torch.compile and CUDAGraphs. This is equivalent to setting -cc.mode=none -cc.cudagraph_mode=none
(Worker_TP0 pid=1444139) WARNING 03-26 04:00:34 [vllm.py:822] Inductor compilation was disabled by user settings, optimizations settings that are only active during inductor compilation will be ignored.
(Worker_TP0 pid=1444139) INFO 03-26 04:00:34 [vllm.py:987] Cudagraph is disabled under eager mode
(Worker_TP0 pid=1444139) INFO 03-26 04:00:34 [compilation.py:290] Enabled custom fusions: norm_quant, act_quant, allreduce_rms
(Worker_TP0 pid=1444139) INFO 03-26 04:00:34 [cuda.py:334] Using FLASH_ATTN attention backend out of potential backends: ['FLASH_ATTN', 'FLASHINFER', 'TRITON_ATTN', 'FLEX_ATTENTION'].
(Worker_TP0 pid=1444139) INFO 03-26 04:00:34 [flash_attn.py:596] Using FlashAttention version 3
(Worker_TP1 pid=1444140) WARNING 03-26 04:00:34 [vllm.py:811] Enforce eager set, disabling torch.compile and CUDAGraphs. This is equivalent to setting -cc.mode=none -cc.cudagraph_mode=none
(Worker_TP1 pid=1444140) WARNING 03-26 04:00:34 [vllm.py:822] Inductor compilation was disabled by user settings, optimizations settings that are only active during inductor compilation will be ignored.
(Worker_TP1 pid=1444140) INFO 03-26 04:00:34 [vllm.py:987] Cudagraph is disabled under eager mode
(Worker_TP0 pid=1444139) Loading safetensors checkpoint shards:   0% Completed | 0/14 [00:00<?, ?it/s]
(Worker_TP0 pid=1444139) Loading safetensors checkpoint shards:   7% Completed | 1/14 [00:00<00:04,  2.84it/s]
(Worker_TP0 pid=1444139) Loading safetensors checkpoint shards:  14% Completed | 2/14 [00:00<00:05,  2.10it/s]
(Worker_TP0 pid=1444139) Loading safetensors checkpoint shards:  21% Completed | 3/14 [00:01<00:05,  1.92it/s]
(Worker_TP0 pid=1444139) Loading safetensors checkpoint shards:  29% Completed | 4/14 [00:02<00:05,  1.83it/s]
(Worker_TP0 pid=1444139) Loading safetensors checkpoint shards:  36% Completed | 5/14 [00:02<00:05,  1.80it/s]
(Worker_TP0 pid=1444139) Loading safetensors checkpoint shards:  43% Completed | 6/14 [00:03<00:04,  1.76it/s]
(Worker_TP0 pid=1444139) Loading safetensors checkpoint shards:  50% Completed | 7/14 [00:03<00:04,  1.75it/s]
(Worker_TP0 pid=1444139) Loading safetensors checkpoint shards:  57% Completed | 8/14 [00:04<00:03,  1.71it/s]
(Worker_TP0 pid=1444139) Loading safetensors checkpoint shards:  64% Completed | 9/14 [00:05<00:02,  1.69it/s]
(Worker_TP0 pid=1444139) Loading safetensors checkpoint shards:  71% Completed | 10/14 [00:05<00:02,  1.67it/s]
(Worker_TP0 pid=1444139) Loading safetensors checkpoint shards:  79% Completed | 11/14 [00:06<00:01,  1.67it/s]
(Worker_TP0 pid=1444139) Loading safetensors checkpoint shards:  86% Completed | 12/14 [00:06<00:01,  1.66it/s]
(Worker_TP0 pid=1444139) Loading safetensors checkpoint shards:  93% Completed | 13/14 [00:07<00:00,  1.66it/s]
(Worker_TP0 pid=1444139) Loading safetensors checkpoint shards: 100% Completed | 14/14 [00:07<00:00,  1.87it/s]
(Worker_TP0 pid=1444139) Loading safetensors checkpoint shards: 100% Completed | 14/14 [00:07<00:00,  1.79it/s]
(Worker_TP0 pid=1444139) 
(Worker_TP0 pid=1444139) INFO 03-26 04:00:43 [default_loader.py:384] Loading weights took 7.94 seconds
(Worker_TP0 pid=1444139) INFO 03-26 04:00:43 [gpu_model_runner.py:4830] Model loading took 16.15 GiB memory and 8.608646 seconds
(Worker_TP0 pid=1444139) INFO 03-26 04:00:44 [gpu_model_runner.py:5766] Encoder cache will be initialized with a budget of 16384 tokens, and profiled with 1 image items of the maximum feature size.
(Worker_TP2 pid=1444141) [TP2] [VLM_VIT_SUBSTAGE] imgs=1 tokens=16384 | patch_embed=76.55ms | pos_embed+metadata=47.76ms | blocks=966.72ms | merger=4.02ms | total=1095.07ms
(Worker_TP1 pid=1444140) [TP1] [VLM_VIT_SUBSTAGE] imgs=1 tokens=16384 | patch_embed=73.36ms | pos_embed+metadata=47.55ms | blocks=965.69ms | merger=4.04ms | total=1090.65ms
(Worker_TP0 pid=1444139) [TP0] [VLM_VIT_SUBSTAGE] imgs=1 tokens=16384 | patch_embed=74.94ms | pos_embed+metadata=42.61ms | blocks=998.60ms | merger=4.07ms | total=1120.23ms
(Worker_TP3 pid=1444142) [TP3] [VLM_VIT_SUBSTAGE] imgs=1 tokens=16384 | patch_embed=82.99ms | pos_embed+metadata=46.05ms | blocks=873.39ms | merger=3.92ms | total=1006.36ms
(Worker_TP0 pid=1444139) INFO 03-26 04:00:48 [gpu_worker.py:436] Available KV cache memory: 106.03 GiB
(EngineCore pid=1443921) INFO 03-26 04:00:48 [kv_cache_utils.py:1319] GPU KV cache size: 1,737,216 tokens
(EngineCore pid=1443921) INFO 03-26 04:00:48 [kv_cache_utils.py:1324] Maximum concurrency for 262,144 tokens per request: 6.63x
(Worker_TP2 pid=1444141) 2026-03-26 04:00:48,955 - INFO - autotuner.py:262 - flashinfer.jit: [Autotuner]: Autotuning process starts ...
(Worker_TP1 pid=1444140) 2026-03-26 04:00:48,955 - INFO - autotuner.py:262 - flashinfer.jit: [Autotuner]: Autotuning process starts ...
(Worker_TP0 pid=1444139) 2026-03-26 04:00:48,955 - INFO - autotuner.py:262 - flashinfer.jit: [Autotuner]: Autotuning process starts ...
(Worker_TP3 pid=1444142) 2026-03-26 04:00:48,955 - INFO - autotuner.py:262 - flashinfer.jit: [Autotuner]: Autotuning process starts ...
(Worker_TP0 pid=1444139) 2026-03-26 04:00:49,014 - INFO - autotuner.py:268 - flashinfer.jit: [Autotuner]: Autotuning process ends
(Worker_TP1 pid=1444140) 2026-03-26 04:00:49,014 - INFO - autotuner.py:268 - flashinfer.jit: [Autotuner]: Autotuning process ends
(Worker_TP2 pid=1444141) 2026-03-26 04:00:49,014 - INFO - autotuner.py:268 - flashinfer.jit: [Autotuner]: Autotuning process ends
(Worker_TP3 pid=1444142) 2026-03-26 04:00:49,014 - INFO - autotuner.py:268 - flashinfer.jit: [Autotuner]: Autotuning process ends
(EngineCore pid=1443921) INFO 03-26 04:00:49 [core.py:283] init engine (profile, create kv cache, warmup model) took 4.83 seconds
(EngineCore pid=1443921) INFO 03-26 04:00:55 [vllm.py:753] Asynchronous scheduling is enabled.
(EngineCore pid=1443921) WARNING 03-26 04:00:55 [vllm.py:811] Enforce eager set, disabling torch.compile and CUDAGraphs. This is equivalent to setting -cc.mode=none -cc.cudagraph_mode=none
(EngineCore pid=1443921) WARNING 03-26 04:00:55 [vllm.py:822] Inductor compilation was disabled by user settings, optimizations settings that are only active during inductor compilation will be ignored.
(EngineCore pid=1443921) INFO 03-26 04:00:55 [vllm.py:987] Cudagraph is disabled under eager mode
(EngineCore pid=1443921) <frozen importlib._bootstrap_external>:1297: FutureWarning: The cuda.cudart module is deprecated and will be removed in a future release, please switch to use the cuda.bindings.runtime module instead.
(EngineCore pid=1443921) <frozen importlib._bootstrap_external>:1297: FutureWarning: The cuda.nvrtc module is deprecated and will be removed in a future release, please switch to use the cuda.bindings.nvrtc module instead.
(EngineCore pid=1443921) INFO 03-26 04:00:55 [compilation.py:290] Enabled custom fusions: norm_quant, act_quant, allreduce_rms
(APIServer pid=1443361) INFO 03-26 04:00:55 [api_server.py:590] Supported tasks: ['generate']
(APIServer pid=1443361) WARNING 03-26 04:00:55 [model.py:1404] Default vLLM sampling parameters have been overridden by the model's `generation_config.json`: `{'temperature': 0.7, 'top_k': 20, 'top_p': 0.8}`. If this is not intended, please relaunch vLLM instance with `--generation-config vllm`.
(APIServer pid=1443361) INFO 03-26 04:00:57 [hf.py:320] Detected the chat template content format to be 'openai'. You can set `--chat-template-content-format` to override this.
(APIServer pid=1443361) INFO 03-26 04:01:00 [base.py:213] Multi-modal warmup completed in 3.228s
(APIServer pid=1443361) INFO 03-26 04:01:01 [api_server.py:594] Starting vLLM server on http://0.0.0.0:30000
(APIServer pid=1443361) INFO 03-26 04:01:01 [launcher.py:37] Available routes are:
(APIServer pid=1443361) INFO 03-26 04:01:01 [launcher.py:46] Route: /openapi.json, Methods: GET, HEAD
(APIServer pid=1443361) INFO 03-26 04:01:01 [launcher.py:46] Route: /docs, Methods: GET, HEAD
(APIServer pid=1443361) INFO 03-26 04:01:01 [launcher.py:46] Route: /docs/oauth2-redirect, Methods: GET, HEAD
(APIServer pid=1443361) INFO 03-26 04:01:01 [launcher.py:46] Route: /redoc, Methods: GET, HEAD
(APIServer pid=1443361) INFO 03-26 04:01:01 [launcher.py:46] Route: /tokenize, Methods: POST
(APIServer pid=1443361) INFO 03-26 04:01:01 [launcher.py:46] Route: /detokenize, Methods: POST
(APIServer pid=1443361) INFO 03-26 04:01:01 [launcher.py:46] Route: /load, Methods: GET
(APIServer pid=1443361) INFO 03-26 04:01:01 [launcher.py:46] Route: /version, Methods: GET
(APIServer pid=1443361) INFO 03-26 04:01:01 [launcher.py:46] Route: /health, Methods: GET
(APIServer pid=1443361) INFO 03-26 04:01:01 [launcher.py:46] Route: /metrics, Methods: GET
(APIServer pid=1443361) INFO 03-26 04:01:01 [launcher.py:46] Route: /v1/models, Methods: GET
(APIServer pid=1443361) INFO 03-26 04:01:01 [launcher.py:46] Route: /ping, Methods: GET
(APIServer pid=1443361) INFO 03-26 04:01:01 [launcher.py:46] Route: /ping, Methods: POST
(APIServer pid=1443361) INFO 03-26 04:01:01 [launcher.py:46] Route: /invocations, Methods: POST
(APIServer pid=1443361) INFO 03-26 04:01:01 [launcher.py:46] Route: /v1/chat/completions, Methods: POST
(APIServer pid=1443361) INFO 03-26 04:01:01 [launcher.py:46] Route: /v1/responses, Methods: POST
(APIServer pid=1443361) INFO 03-26 04:01:01 [launcher.py:46] Route: /v1/responses/{response_id}, Methods: GET
(APIServer pid=1443361) INFO 03-26 04:01:01 [launcher.py:46] Route: /v1/responses/{response_id}/cancel, Methods: POST
(APIServer pid=1443361) INFO 03-26 04:01:01 [launcher.py:46] Route: /v1/completions, Methods: POST
(APIServer pid=1443361) INFO 03-26 04:01:01 [launcher.py:46] Route: /v1/messages, Methods: POST
(APIServer pid=1443361) INFO 03-26 04:01:01 [launcher.py:46] Route: /v1/messages/count_tokens, Methods: POST
(APIServer pid=1443361) INFO 03-26 04:01:01 [launcher.py:46] Route: /inference/v1/generate, Methods: POST
(APIServer pid=1443361) INFO 03-26 04:01:01 [launcher.py:46] Route: /scale_elastic_ep, Methods: POST
(APIServer pid=1443361) INFO 03-26 04:01:01 [launcher.py:46] Route: /is_scaling_elastic_ep, Methods: POST
(APIServer pid=1443361) INFO 03-26 04:01:01 [launcher.py:46] Route: /v1/chat/completions/render, Methods: POST
(APIServer pid=1443361) INFO 03-26 04:01:01 [launcher.py:46] Route: /v1/completions/render, Methods: POST
(APIServer pid=1443361) INFO:     Started server process [1443361]
(APIServer pid=1443361) INFO:     Waiting for application startup.
(APIServer pid=1443361) INFO:     Application startup complete.
(APIServer pid=1443361) INFO:     127.0.0.1:51212 - "GET /health HTTP/1.1" 200 OK
(APIServer pid=1443361) INFO:     127.0.0.1:51224 - "GET /health HTTP/1.1" 200 OK
(APIServer pid=1443361) [VLM_STAGE_TIMER] req_info | req=renderer0-mm-1 | mm_counts={'image': 30}
(APIServer pid=1443361) [VLM_STAGE_TIMER] stage1_processor | req=renderer0-mm-1 | wall=2251.630 ms
(APIServer pid=1443361) INFO:     127.0.0.1:51230 - "POST /v1/chat/completions HTTP/1.1" 200 OK
(EngineCore pid=1443921) [VLM_STAGE_TIMER] stage2a_recv | req=chatcmpl-86c56b2eccf4b32f-92b38805 | timestamp=590772.221144
(EngineCore pid=1443921) [VLM_STAGE_TIMER] stage2b_mq_enqueue | req=executor | timestamp=590772.226486
(EngineCore pid=1443921) [VLM_STAGE_TIMER] stage2b_mq_enqueue | req=executor | timestamp=590772.506454
(Worker_TP2 pid=1444141) [TP2] [VLM_STAGE_TIMER] stage2b_mq_dequeue | req=rank=2 | timestamp=590773.013831
(Worker_TP0 pid=1444139) [TP0] [VLM_STAGE_TIMER] stage2b_mq_dequeue | req=rank=0 | timestamp=590773.022331
(Worker_TP1 pid=1444140) [TP1] [VLM_STAGE_TIMER] stage2b_mq_dequeue | req=rank=1 | timestamp=590773.041860
(Worker_TP3 pid=1444142) [TP3] [VLM_STAGE_TIMER] stage2b_mq_dequeue | req=rank=3 | timestamp=590773.054313
(Worker_TP2 pid=1444141) [TP2] [VLM_VIT_SUBSTAGE] imgs=10 tokens=8800 | patch_embed=7.29ms | pos_embed+metadata=3.04ms | blocks=172.69ms | merger=1.04ms | total=184.08ms
(Worker_TP0 pid=1444139) [TP0] [VLM_VIT_SUBSTAGE] imgs=10 tokens=8800 | patch_embed=7.29ms | pos_embed+metadata=3.27ms | blocks=163.56ms | merger=1.03ms | total=175.16ms
(Worker_TP1 pid=1444140) [TP1] [VLM_VIT_SUBSTAGE] imgs=10 tokens=8800 | patch_embed=8.13ms | pos_embed+metadata=5.14ms | blocks=82.60ms | merger=1.00ms | total=96.89ms
(Worker_TP3 pid=1444142) [TP3] [VLM_VIT_SUBSTAGE] imgs=10 tokens=8800 | patch_embed=7.63ms | pos_embed+metadata=4.01ms | blocks=110.57ms | merger=1.06ms | total=123.28ms
(Worker_TP2 pid=1444141) [TP2] [VLM_STAGE_TIMER] stage3_vit_encoding | req= | wall=264.706 ms
(Worker_TP0 pid=1444139) [TP0] [VLM_STAGE_TIMER] stage3_vit_encoding | req= | wall=255.490 ms
(Worker_TP1 pid=1444140) [TP1] [VLM_STAGE_TIMER] stage3_vit_encoding | req= | wall=218.342 ms
(Worker_TP3 pid=1444142) [TP3] [VLM_STAGE_TIMER] stage3_vit_encoding | req= | wall=215.696 ms
(Worker_TP2 pid=1444141) [TP2] [VLM_STAGE_TIMER] stage4_embedding_merge | req= | wall=764.698 ms
(Worker_TP0 pid=1444139) [TP0] [VLM_STAGE_TIMER] stage4_embedding_merge | req= | wall=764.712 ms
(Worker_TP3 pid=1444142) [TP3] [VLM_STAGE_TIMER] stage4_embedding_merge | req= | wall=766.716 ms
(Worker_TP1 pid=1444140) [TP1] [VLM_STAGE_TIMER] stage4_embedding_merge | req= | wall=771.878 ms
(Worker_TP2 pid=1444141) [TP2] [VLM_STAGE_TIMER] stage5_llm_prefill | req= | wall=288.302 ms
(Worker_TP0 pid=1444139) [TP0] [VLM_STAGE_TIMER] stage5_llm_prefill | req= | wall=288.270 ms
(Worker_TP1 pid=1444140) [TP1] [VLM_STAGE_TIMER] stage5_llm_prefill | req= | wall=280.807 ms
(Worker_TP3 pid=1444142) [TP3] [VLM_STAGE_TIMER] stage5_llm_prefill | req= | wall=285.993 ms
(Worker_TP2 pid=1444141) [TP2] [VLM_STAGE_TIMER] stage2b_mq_dequeue | req=rank=2 | timestamp=590774.341975
(Worker_TP0 pid=1444139) [TP0] [VLM_STAGE_TIMER] stage2b_mq_dequeue | req=rank=0 | timestamp=590774.342299
(Worker_TP1 pid=1444140) [TP1] [VLM_STAGE_TIMER] stage2b_mq_dequeue | req=rank=1 | timestamp=590774.343057
(EngineCore pid=1443921) [VLM_STAGE_TIMER] stage2b_mq_enqueue | req=executor | timestamp=590774.343401
(Worker_TP3 pid=1444142) [TP3] [VLM_STAGE_TIMER] stage2b_mq_dequeue | req=rank=3 | timestamp=590774.343907
(Worker_TP2 pid=1444141) [TP2] [VLM_VIT_SUBSTAGE] imgs=9 tokens=7920 | patch_embed=7.59ms | pos_embed+metadata=2.43ms | blocks=150.41ms | merger=0.83ms | total=161.28ms
(Worker_TP1 pid=1444140) [TP1] [VLM_VIT_SUBSTAGE] imgs=9 tokens=7920 | patch_embed=6.93ms | pos_embed+metadata=2.59ms | blocks=68.93ms | merger=0.82ms | total=79.28ms
(Worker_TP0 pid=1444139) [TP0] [VLM_VIT_SUBSTAGE] imgs=9 tokens=7920 | patch_embed=7.25ms | pos_embed+metadata=2.61ms | blocks=136.52ms | merger=0.82ms | total=147.22ms
(Worker_TP3 pid=1444142) [TP3] [VLM_VIT_SUBSTAGE] imgs=9 tokens=7920 | patch_embed=7.27ms | pos_embed+metadata=3.29ms | blocks=115.08ms | merger=0.83ms | total=126.50ms
(Worker_TP2 pid=1444141) [TP2] [VLM_STAGE_TIMER] stage3_vit_encoding | req= | wall=168.914 ms
(Worker_TP1 pid=1444140) [TP1] [VLM_STAGE_TIMER] stage3_vit_encoding | req= | wall=167.648 ms
(Worker_TP0 pid=1444139) [TP0] [VLM_STAGE_TIMER] stage3_vit_encoding | req= | wall=168.488 ms
(Worker_TP3 pid=1444142) [TP3] [VLM_STAGE_TIMER] stage3_vit_encoding | req= | wall=166.254 ms
(Worker_TP1 pid=1444140) [TP1] [VLM_STAGE_TIMER] stage4_embedding_merge | req= | wall=4.671 ms
(Worker_TP2 pid=1444141) [TP2] [VLM_STAGE_TIMER] stage4_embedding_merge | req= | wall=4.821 ms
(Worker_TP0 pid=1444139) [TP0] [VLM_STAGE_TIMER] stage4_embedding_merge | req= | wall=4.743 ms
(Worker_TP3 pid=1444142) [TP3] [VLM_STAGE_TIMER] stage4_embedding_merge | req= | wall=4.443 ms
(Worker_TP1 pid=1444140) [TP1] [VLM_STAGE_TIMER] stage5_llm_prefill | req= | wall=337.386 ms
(Worker_TP0 pid=1444139) [TP0] [VLM_STAGE_TIMER] stage5_llm_prefill | req= | wall=337.357 ms
(Worker_TP2 pid=1444141) [TP2] [VLM_STAGE_TIMER] stage5_llm_prefill | req= | wall=337.400 ms
(Worker_TP3 pid=1444142) [TP3] [VLM_STAGE_TIMER] stage5_llm_prefill | req= | wall=337.542 ms
(Worker_TP2 pid=1444141) [TP2] [VLM_STAGE_TIMER] stage2b_mq_dequeue | req=rank=2 | timestamp=590774.855968
(Worker_TP1 pid=1444140) [TP1] [VLM_STAGE_TIMER] stage2b_mq_dequeue | req=rank=1 | timestamp=590774.855997
(Worker_TP0 pid=1444139) [TP0] [VLM_STAGE_TIMER] stage2b_mq_dequeue | req=rank=0 | timestamp=590774.856355
(EngineCore pid=1443921) [VLM_STAGE_TIMER] stage2b_mq_enqueue | req=executor | timestamp=590774.857294
(Worker_TP3 pid=1444142) [TP3] [VLM_STAGE_TIMER] stage2b_mq_dequeue | req=rank=3 | timestamp=590774.858467
(Worker_TP1 pid=1444140) [TP1] [VLM_VIT_SUBSTAGE] imgs=9 tokens=7920 | patch_embed=6.01ms | pos_embed+metadata=2.60ms | blocks=75.89ms | merger=1.07ms | total=85.58ms
(Worker_TP2 pid=1444141) [TP2] [VLM_VIT_SUBSTAGE] imgs=9 tokens=7920 | patch_embed=6.50ms | pos_embed+metadata=2.44ms | blocks=102.01ms | merger=1.10ms | total=112.06ms
(Worker_TP0 pid=1444139) [TP0] [VLM_VIT_SUBSTAGE] imgs=9 tokens=7920 | patch_embed=6.19ms | pos_embed+metadata=2.67ms | blocks=68.71ms | merger=1.08ms | total=78.65ms
(Worker_TP3 pid=1444142) [TP3] [VLM_VIT_SUBSTAGE] imgs=9 tokens=7920 | patch_embed=6.13ms | pos_embed+metadata=3.04ms | blocks=67.74ms | merger=1.09ms | total=78.02ms
(Worker_TP1 pid=1444140) [TP1] [VLM_STAGE_TIMER] stage3_vit_encoding | req= | wall=119.869 ms
(Worker_TP2 pid=1444141) [TP2] [VLM_STAGE_TIMER] stage3_vit_encoding | req= | wall=120.065 ms
(Worker_TP0 pid=1444139) [TP0] [VLM_STAGE_TIMER] stage3_vit_encoding | req= | wall=119.142 ms
(Worker_TP3 pid=1444142) [TP3] [VLM_STAGE_TIMER] stage3_vit_encoding | req= | wall=116.513 ms
(Worker_TP1 pid=1444140) [TP1] [VLM_STAGE_TIMER] stage4_embedding_merge | req= | wall=4.087 ms
(Worker_TP2 pid=1444141) [TP2] [VLM_STAGE_TIMER] stage4_embedding_merge | req= | wall=4.096 ms
(Worker_TP0 pid=1444139) [TP0] [VLM_STAGE_TIMER] stage4_embedding_merge | req= | wall=4.096 ms
(Worker_TP3 pid=1444142) [TP3] [VLM_STAGE_TIMER] stage4_embedding_merge | req= | wall=3.865 ms
(Worker_TP0 pid=1444139) [TP0] [VLM_STAGE_TIMER] stage5_llm_prefill | req= | wall=396.553 ms
(Worker_TP1 pid=1444140) [TP1] [VLM_STAGE_TIMER] stage5_llm_prefill | req= | wall=396.589 ms
(Worker_TP2 pid=1444141) [TP2] [VLM_STAGE_TIMER] stage5_llm_prefill | req= | wall=396.603 ms
(Worker_TP3 pid=1444142) [TP3] [VLM_STAGE_TIMER] stage5_llm_prefill | req= | wall=396.578 ms
(Worker_TP2 pid=1444141) [TP2] [VLM_STAGE_TIMER] stage2b_mq_dequeue | req=rank=2 | timestamp=590775.379413
(Worker_TP1 pid=1444140) [TP1] [VLM_STAGE_TIMER] stage2b_mq_dequeue | req=rank=1 | timestamp=590775.379461
(Worker_TP0 pid=1444139) [TP0] [VLM_STAGE_TIMER] stage2b_mq_dequeue | req=rank=0 | timestamp=590775.379593
(Worker_TP3 pid=1444142) [TP3] [VLM_STAGE_TIMER] stage2b_mq_dequeue | req=rank=3 | timestamp=590775.379852
(Worker_TP0 pid=1444139) [TP0] [VLM_VIT_SUBSTAGE] imgs=2 tokens=1760 | patch_embed=2.55ms | pos_embed+metadata=1.02ms | blocks=26.33ms | merger=0.28ms | total=30.19ms
(Worker_TP2 pid=1444141) [TP2] [VLM_VIT_SUBSTAGE] imgs=2 tokens=1760 | patch_embed=2.87ms | pos_embed+metadata=0.94ms | blocks=40.12ms | merger=0.28ms | total=44.22ms
(Worker_TP1 pid=1444140) [TP1] [VLM_VIT_SUBSTAGE] imgs=2 tokens=1760 | patch_embed=2.68ms | pos_embed+metadata=1.06ms | blocks=32.29ms | merger=0.28ms | total=36.32ms
(Worker_TP3 pid=1444142) [TP3] [VLM_VIT_SUBSTAGE] imgs=2 tokens=1760 | patch_embed=2.81ms | pos_embed+metadata=1.43ms | blocks=27.54ms | merger=0.28ms | total=32.08ms
(Worker_TP0 pid=1444139) [TP0] [VLM_STAGE_TIMER] stage3_vit_encoding | req= | wall=64.054 ms
(Worker_TP2 pid=1444141) [TP2] [VLM_STAGE_TIMER] stage3_vit_encoding | req= | wall=64.623 ms
(Worker_TP1 pid=1444140) [TP1] [VLM_STAGE_TIMER] stage3_vit_encoding | req= | wall=64.378 ms
(Worker_TP3 pid=1444142) [TP3] [VLM_STAGE_TIMER] stage3_vit_encoding | req= | wall=61.664 ms
(Worker_TP3 pid=1444142) [TP3] [VLM_STAGE_TIMER] stage4_embedding_merge | req= | wall=114.032 ms
(Worker_TP0 pid=1444139) [TP0] [VLM_STAGE_TIMER] stage4_embedding_merge | req= | wall=114.146 ms
(Worker_TP2 pid=1444141) [TP2] [VLM_STAGE_TIMER] stage4_embedding_merge | req= | wall=114.117 ms
(Worker_TP1 pid=1444140) [TP1] [VLM_STAGE_TIMER] stage4_embedding_merge | req= | wall=114.039 ms
(Worker_TP0 pid=1444139) [TP0] [VLM_STAGE_TIMER] stage5_llm_prefill | req= | wall=416.159 ms
(Worker_TP2 pid=1444141) [TP2] [VLM_STAGE_TIMER] stage5_llm_prefill | req= | wall=416.130 ms
(Worker_TP3 pid=1444142) [TP3] [VLM_STAGE_TIMER] stage5_llm_prefill | req= | wall=416.219 ms
(Worker_TP1 pid=1444140) [TP1] [VLM_STAGE_TIMER] stage5_llm_prefill | req= | wall=416.105 ms
(Worker_TP0 pid=1444139) [TP0] [VLM_STAGE_TIMER] stage4_embedding_merge | req= | wall=66.196 ms
(Worker_TP3 pid=1444142) [TP3] [VLM_STAGE_TIMER] stage4_embedding_merge | req= | wall=65.211 ms
(Worker_TP2 pid=1444141) [TP2] [VLM_STAGE_TIMER] stage4_embedding_merge | req= | wall=66.539 ms
(Worker_TP1 pid=1444140) [TP1] [VLM_STAGE_TIMER] stage4_embedding_merge | req= | wall=66.150 ms
(APIServer pid=1443361) INFO 03-26 04:01:11 [loggers.py:259] Engine 000: Avg prompt throughput: 1642.6 tokens/s, Avg generation throughput: 0.1 tokens/s, Running: 1 reqs, Waiting: 0 reqs, GPU KV cache usage: 1.5%, Prefix cache hit rate: 0.0%, MM cache hit rate: 0.0%
(Worker_TP3 pid=1444142) [TP3] [VLM_STAGE_TIMER] stage5_llm_prefill | req= | wall=326.850 ms
(Worker_TP2 pid=1444141) [TP2] [VLM_STAGE_TIMER] stage5_llm_prefill | req= | wall=326.822 ms
(Worker_TP0 pid=1444139) [TP0] [VLM_STAGE_TIMER] stage5_llm_prefill | req= | wall=326.865 ms
(Worker_TP1 pid=1444140) [TP1] [VLM_STAGE_TIMER] stage5_llm_prefill | req= | wall=327.031 ms
(Worker_TP3 pid=1444142) [TP3] [VLM_STAGE_TIMER] stage4_embedding_merge | req= | wall=1.402 ms
(Worker_TP2 pid=1444141) [TP2] [VLM_STAGE_TIMER] stage4_embedding_merge | req= | wall=1.614 ms
(Worker_TP0 pid=1444139) [TP0] [VLM_STAGE_TIMER] stage4_embedding_merge | req= | wall=0.524 ms
(Worker_TP1 pid=1444140) [TP1] [VLM_STAGE_TIMER] stage4_embedding_merge | req= | wall=0.403 ms
(Worker_TP2 pid=1444141) [TP2] [VLM_STAGE_TIMER] stage5_llm_prefill | req= | wall=31.506 ms
(Worker_TP0 pid=1444139) [TP0] [VLM_STAGE_TIMER] stage5_llm_prefill | req= | wall=31.476 ms
(Worker_TP3 pid=1444142) [TP3] [VLM_STAGE_TIMER] stage5_llm_prefill | req= | wall=31.515 ms
(Worker_TP1 pid=1444140) [TP1] [VLM_STAGE_TIMER] stage5_llm_prefill | req= | wall=31.549 ms
(Worker_TP3 pid=1444142) [TP3] [VLM_STAGE_TIMER] stage4_embedding_merge | req= | wall=0.452 ms
(Worker_TP1 pid=1444140) [TP1] [VLM_STAGE_TIMER] stage4_embedding_merge | req= | wall=0.476 ms
(Worker_TP2 pid=1444141) [TP2] [VLM_STAGE_TIMER] stage4_embedding_merge | req= | wall=0.565 ms
(Worker_TP0 pid=1444139) [TP0] [VLM_STAGE_TIMER] stage4_embedding_merge | req= | wall=0.270 ms
(Worker_TP3 pid=1444142) [TP3] [VLM_STAGE_TIMER] stage5_llm_prefill | req= | wall=30.245 ms
(Worker_TP1 pid=1444140) [TP1] [VLM_STAGE_TIMER] stage5_llm_prefill | req= | wall=30.238 ms
(Worker_TP0 pid=1444139) [TP0] [VLM_STAGE_TIMER] stage5_llm_prefill | req= | wall=30.239 ms
(Worker_TP2 pid=1444141) [TP2] [VLM_STAGE_TIMER] stage5_llm_prefill | req= | wall=30.310 ms
(Worker_TP2 pid=1444141) [TP2] [VLM_STAGE_TIMER] stage4_embedding_merge | req= | wall=0.457 ms
(Worker_TP1 pid=1444140) [TP1] [VLM_STAGE_TIMER] stage4_embedding_merge | req= | wall=0.498 ms
(Worker_TP3 pid=1444142) [TP3] [VLM_STAGE_TIMER] stage4_embedding_merge | req= | wall=0.503 ms
(Worker_TP0 pid=1444139) [TP0] [VLM_STAGE_TIMER] stage4_embedding_merge | req= | wall=0.264 ms
(Worker_TP3 pid=1444142) [TP3] [VLM_STAGE_TIMER] stage5_llm_prefill | req= | wall=33.886 ms
(Worker_TP2 pid=1444141) [TP2] [VLM_STAGE_TIMER] stage5_llm_prefill | req= | wall=33.915 ms
(Worker_TP0 pid=1444139) [TP0] [VLM_STAGE_TIMER] stage5_llm_prefill | req= | wall=33.875 ms
(Worker_TP1 pid=1444140) [TP1] [VLM_STAGE_TIMER] stage5_llm_prefill | req= | wall=34.176 ms
(Worker_TP2 pid=1444141) [TP2] [VLM_STAGE_TIMER] stage4_embedding_merge | req= | wall=2.084 ms
(Worker_TP0 pid=1444139) [TP0] [VLM_STAGE_TIMER] stage4_embedding_merge | req= | wall=1.778 ms
(Worker_TP3 pid=1444142) [TP3] [VLM_STAGE_TIMER] stage4_embedding_merge | req= | wall=2.012 ms
(Worker_TP1 pid=1444140) [TP1] [VLM_STAGE_TIMER] stage4_embedding_merge | req= | wall=0.683 ms
(Worker_TP0 pid=1444139) [TP0] [VLM_STAGE_TIMER] stage5_llm_prefill | req= | wall=30.306 ms
(Worker_TP3 pid=1444142) [TP3] [VLM_STAGE_TIMER] stage5_llm_prefill | req= | wall=30.296 ms
(Worker_TP1 pid=1444140) [TP1] [VLM_STAGE_TIMER] stage5_llm_prefill | req= | wall=30.287 ms
(Worker_TP2 pid=1444141) [TP2] [VLM_STAGE_TIMER] stage5_llm_prefill | req= | wall=30.411 ms
(Worker_TP1 pid=1444140) [TP1] [VLM_STAGE_TIMER] stage4_embedding_merge | req= | wall=0.466 ms
(Worker_TP3 pid=1444142) [TP3] [VLM_STAGE_TIMER] stage4_embedding_merge | req= | wall=0.442 ms
(Worker_TP2 pid=1444141) [TP2] [VLM_STAGE_TIMER] stage4_embedding_merge | req= | wall=0.469 ms
(Worker_TP0 pid=1444139) [TP0] [VLM_STAGE_TIMER] stage4_embedding_merge | req= | wall=0.269 ms
(Worker_TP3 pid=1444142) [TP3] [VLM_STAGE_TIMER] stage5_llm_prefill | req= | wall=30.173 ms
(Worker_TP1 pid=1444140) [TP1] [VLM_STAGE_TIMER] stage5_llm_prefill | req= | wall=30.180 ms
(Worker_TP0 pid=1444139) [TP0] [VLM_STAGE_TIMER] stage5_llm_prefill | req= | wall=30.212 ms
(Worker_TP2 pid=1444141) [TP2] [VLM_STAGE_TIMER] stage5_llm_prefill | req= | wall=30.239 ms
(Worker_TP2 pid=1444141) [TP2] [VLM_STAGE_TIMER] stage4_embedding_merge | req= | wall=0.507 ms
(Worker_TP1 pid=1444140) [TP1] [VLM_STAGE_TIMER] stage4_embedding_merge | req= | wall=0.519 ms
(Worker_TP3 pid=1444142) [TP3] [VLM_STAGE_TIMER] stage4_embedding_merge | req= | wall=0.515 ms
(Worker_TP0 pid=1444139) [TP0] [VLM_STAGE_TIMER] stage4_embedding_merge | req= | wall=0.267 ms
(Worker_TP3 pid=1444142) [TP3] [VLM_STAGE_TIMER] stage5_llm_prefill | req= | wall=30.127 ms
(Worker_TP1 pid=1444140) [TP1] [VLM_STAGE_TIMER] stage5_llm_prefill | req= | wall=30.138 ms
(Worker_TP0 pid=1444139) [TP0] [VLM_STAGE_TIMER] stage5_llm_prefill | req= | wall=30.188 ms
(Worker_TP2 pid=1444141) [TP2] [VLM_STAGE_TIMER] stage5_llm_prefill | req= | wall=30.225 ms
(Worker_TP1 pid=1444140) [TP1] [VLM_STAGE_TIMER] stage4_embedding_merge | req= | wall=0.566 ms
(Worker_TP2 pid=1444141) [TP2] [VLM_STAGE_TIMER] stage4_embedding_merge | req= | wall=0.515 ms
(Worker_TP0 pid=1444139) [TP0] [VLM_STAGE_TIMER] stage4_embedding_merge | req= | wall=0.262 ms
(Worker_TP3 pid=1444142) [TP3] [VLM_STAGE_TIMER] stage4_embedding_merge | req= | wall=0.552 ms
(Worker_TP0 pid=1444139) [TP0] [VLM_STAGE_TIMER] stage5_llm_prefill | req= | wall=32.561 ms
(Worker_TP2 pid=1444141) [TP2] [VLM_STAGE_TIMER] stage5_llm_prefill | req= | wall=32.572 ms
(Worker_TP1 pid=1444140) [TP1] [VLM_STAGE_TIMER] stage5_llm_prefill | req= | wall=32.580 ms
(Worker_TP3 pid=1444142) [TP3] [VLM_STAGE_TIMER] stage5_llm_prefill | req= | wall=32.688 ms
(Worker_TP2 pid=1444141) [TP2] [VLM_STAGE_TIMER] stage4_embedding_merge | req= | wall=1.007 ms
(Worker_TP0 pid=1444139) [TP0] [VLM_STAGE_TIMER] stage4_embedding_merge | req= | wall=0.740 ms
(Worker_TP1 pid=1444140) [TP1] [VLM_STAGE_TIMER] stage4_embedding_merge | req= | wall=0.969 ms
(Worker_TP3 pid=1444142) [TP3] [VLM_STAGE_TIMER] stage4_embedding_merge | req= | wall=0.302 ms
(Worker_TP2 pid=1444141) [TP2] [VLM_STAGE_TIMER] stage5_llm_prefill | req= | wall=30.871 ms
(Worker_TP3 pid=1444142) [TP3] [VLM_STAGE_TIMER] stage5_llm_prefill | req= | wall=30.848 ms
(Worker_TP0 pid=1444139) [TP0] [VLM_STAGE_TIMER] stage5_llm_prefill | req= | wall=30.862 ms
(Worker_TP1 pid=1444140) [TP1] [VLM_STAGE_TIMER] stage5_llm_prefill | req= | wall=31.095 ms
(Worker_TP2 pid=1444141) [TP2] [VLM_STAGE_TIMER] stage4_embedding_merge | req= | wall=1.029 ms
(Worker_TP3 pid=1444142) [TP3] [VLM_STAGE_TIMER] stage4_embedding_merge | req= | wall=0.914 ms
(Worker_TP0 pid=1444139) [TP0] [VLM_STAGE_TIMER] stage4_embedding_merge | req= | wall=0.708 ms
(Worker_TP1 pid=1444140) [TP1] [VLM_STAGE_TIMER] stage4_embedding_merge | req= | wall=0.326 ms
(Worker_TP1 pid=1444140) [TP1] [VLM_STAGE_TIMER] stage5_llm_prefill | req= | wall=30.094 ms
(Worker_TP3 pid=1444142) [TP3] [VLM_STAGE_TIMER] stage5_llm_prefill | req= | wall=30.113 ms
(Worker_TP2 pid=1444141) [TP2] [VLM_STAGE_TIMER] stage5_llm_prefill | req= | wall=30.162 ms
(Worker_TP0 pid=1444139) [TP0] [VLM_STAGE_TIMER] stage5_llm_prefill | req= | wall=30.180 ms
(Worker_TP2 pid=1444141) [TP2] [VLM_STAGE_TIMER] stage4_embedding_merge | req= | wall=0.541 ms
(Worker_TP1 pid=1444140) [TP1] [VLM_STAGE_TIMER] stage4_embedding_merge | req= | wall=0.536 ms
(Worker_TP3 pid=1444142) [TP3] [VLM_STAGE_TIMER] stage4_embedding_merge | req= | wall=0.508 ms
(Worker_TP0 pid=1444139) [TP0] [VLM_STAGE_TIMER] stage4_embedding_merge | req= | wall=0.260 ms
(Worker_TP3 pid=1444142) [TP3] [VLM_STAGE_TIMER] stage5_llm_prefill | req= | wall=30.203 ms
(Worker_TP1 pid=1444140) [TP1] [VLM_STAGE_TIMER] stage5_llm_prefill | req= | wall=30.211 ms
(Worker_TP2 pid=1444141) [TP2] [VLM_STAGE_TIMER] stage5_llm_prefill | req= | wall=30.285 ms
(Worker_TP0 pid=1444139) [TP0] [VLM_STAGE_TIMER] stage5_llm_prefill | req= | wall=30.281 ms
(Worker_TP3 pid=1444142) [TP3] [VLM_STAGE_TIMER] stage4_embedding_merge | req= | wall=0.521 ms
(Worker_TP2 pid=1444141) [TP2] [VLM_STAGE_TIMER] stage4_embedding_merge | req= | wall=0.506 ms
(Worker_TP1 pid=1444140) [TP1] [VLM_STAGE_TIMER] stage4_embedding_merge | req= | wall=0.515 ms
(Worker_TP0 pid=1444139) [TP0] [VLM_STAGE_TIMER] stage4_embedding_merge | req= | wall=0.252 ms
(Worker_TP2 pid=1444141) [TP2] [VLM_STAGE_TIMER] stage5_llm_prefill | req= | wall=31.858 ms
(Worker_TP1 pid=1444140) [TP1] [VLM_STAGE_TIMER] stage5_llm_prefill | req= | wall=31.851 ms
(Worker_TP0 pid=1444139) [TP0] [VLM_STAGE_TIMER] stage5_llm_prefill | req= | wall=31.983 ms
(Worker_TP3 pid=1444142) [TP3] [VLM_STAGE_TIMER] stage5_llm_prefill | req= | wall=32.657 ms
(Worker_TP1 pid=1444140) [TP1] [VLM_STAGE_TIMER] stage4_embedding_merge | req= | wall=2.298 ms
(Worker_TP0 pid=1444139) [TP0] [VLM_STAGE_TIMER] stage4_embedding_merge | req= | wall=1.560 ms
(Worker_TP2 pid=1444141) [TP2] [VLM_STAGE_TIMER] stage4_embedding_merge | req= | wall=2.300 ms
(Worker_TP3 pid=1444142) [TP3] [VLM_STAGE_TIMER] stage4_embedding_merge | req= | wall=0.524 ms
(Worker_TP0 pid=1444139) [TP0] [VLM_STAGE_TIMER] stage5_llm_prefill | req= | wall=30.267 ms
(Worker_TP1 pid=1444140) [TP1] [VLM_STAGE_TIMER] stage5_llm_prefill | req= | wall=30.275 ms
(Worker_TP3 pid=1444142) [TP3] [VLM_STAGE_TIMER] stage5_llm_prefill | req= | wall=30.249 ms
(Worker_TP2 pid=1444141) [TP2] [VLM_STAGE_TIMER] stage5_llm_prefill | req= | wall=30.337 ms
(Worker_TP1 pid=1444140) [TP1] [VLM_STAGE_TIMER] stage4_embedding_merge | req= | wall=0.498 ms
(Worker_TP2 pid=1444141) [TP2] [VLM_STAGE_TIMER] stage4_embedding_merge | req= | wall=0.467 ms
(Worker_TP3 pid=1444142) [TP3] [VLM_STAGE_TIMER] stage4_embedding_merge | req= | wall=0.448 ms
(Worker_TP0 pid=1444139) [TP0] [VLM_STAGE_TIMER] stage4_embedding_merge | req= | wall=0.263 ms
(Worker_TP2 pid=1444141) [TP2] [VLM_STAGE_TIMER] stage5_llm_prefill | req= | wall=30.099 ms
(Worker_TP3 pid=1444142) [TP3] [VLM_STAGE_TIMER] stage5_llm_prefill | req= | wall=30.090 ms
(Worker_TP1 pid=1444140) [TP1] [VLM_STAGE_TIMER] stage5_llm_prefill | req= | wall=30.111 ms
(Worker_TP0 pid=1444139) [TP0] [VLM_STAGE_TIMER] stage5_llm_prefill | req= | wall=30.160 ms
(Worker_TP2 pid=1444141) [TP2] [VLM_STAGE_TIMER] stage4_embedding_merge | req= | wall=0.587 ms
(Worker_TP3 pid=1444142) [TP3] [VLM_STAGE_TIMER] stage4_embedding_merge | req= | wall=0.538 ms
(Worker_TP1 pid=1444140) [TP1] [VLM_STAGE_TIMER] stage4_embedding_merge | req= | wall=0.512 ms
(Worker_TP0 pid=1444139) [TP0] [VLM_STAGE_TIMER] stage4_embedding_merge | req= | wall=0.267 ms
(Worker_TP0 pid=1444139) [TP0] [VLM_STAGE_TIMER] stage5_llm_prefill | req= | wall=32.110 ms
(Worker_TP2 pid=1444141) [TP2] [VLM_STAGE_TIMER] stage5_llm_prefill | req= | wall=32.147 ms
(Worker_TP3 pid=1444142) [TP3] [VLM_STAGE_TIMER] stage5_llm_prefill | req= | wall=32.126 ms
(Worker_TP1 pid=1444140) [TP1] [VLM_STAGE_TIMER] stage5_llm_prefill | req= | wall=32.370 ms
(Worker_TP2 pid=1444141) [TP2] [VLM_STAGE_TIMER] stage4_embedding_merge | req= | wall=1.081 ms
(Worker_TP3 pid=1444142) [TP3] [VLM_STAGE_TIMER] stage4_embedding_merge | req= | wall=1.005 ms
(Worker_TP0 pid=1444139) [TP0] [VLM_STAGE_TIMER] stage4_embedding_merge | req= | wall=0.817 ms
(Worker_TP1 pid=1444140) [TP1] [VLM_STAGE_TIMER] stage4_embedding_merge | req= | wall=0.402 ms
(Worker_TP1 pid=1444140) [TP1] [VLM_STAGE_TIMER] stage5_llm_prefill | req= | wall=30.104 ms
(Worker_TP3 pid=1444142) [TP3] [VLM_STAGE_TIMER] stage5_llm_prefill | req= | wall=30.135 ms
(Worker_TP0 pid=1444139) [TP0] [VLM_STAGE_TIMER] stage5_llm_prefill | req= | wall=30.153 ms
(Worker_TP2 pid=1444141) [TP2] [VLM_STAGE_TIMER] stage5_llm_prefill | req= | wall=30.228 ms
(Worker_TP2 pid=1444141) [TP2] [VLM_STAGE_TIMER] stage4_embedding_merge | req= | wall=0.472 ms
(Worker_TP3 pid=1444142) [TP3] [VLM_STAGE_TIMER] stage4_embedding_merge | req= | wall=0.505 ms
(Worker_TP1 pid=1444140) [TP1] [VLM_STAGE_TIMER] stage4_embedding_merge | req= | wall=0.495 ms
(Worker_TP0 pid=1444139) [TP0] [VLM_STAGE_TIMER] stage4_embedding_merge | req= | wall=0.258 ms
(Worker_TP0 pid=1444139) [TP0] [VLM_STAGE_TIMER] stage5_llm_prefill | req= | wall=30.343 ms
(Worker_TP2 pid=1444141) [TP2] [VLM_STAGE_TIMER] stage5_llm_prefill | req= | wall=30.367 ms
(Worker_TP1 pid=1444140) [TP1] [VLM_STAGE_TIMER] stage5_llm_prefill | req= | wall=30.351 ms
(Worker_TP3 pid=1444142) [TP3] [VLM_STAGE_TIMER] stage5_llm_prefill | req= | wall=30.495 ms
(Worker_TP2 pid=1444141) [TP2] [VLM_STAGE_TIMER] stage4_embedding_merge | req= | wall=0.603 ms
(Worker_TP0 pid=1444139) [TP0] [VLM_STAGE_TIMER] stage4_embedding_merge | req= | wall=0.327 ms
(Worker_TP1 pid=1444140) [TP1] [VLM_STAGE_TIMER] stage4_embedding_merge | req= | wall=0.544 ms
(Worker_TP3 pid=1444142) [TP3] [VLM_STAGE_TIMER] stage4_embedding_merge | req= | wall=0.293 ms
(Worker_TP3 pid=1444142) [TP3] [VLM_STAGE_TIMER] stage5_llm_prefill | req= | wall=29.978 ms
(Worker_TP1 pid=1444140) [TP1] [VLM_STAGE_TIMER] stage5_llm_prefill | req= | wall=29.989 ms
(Worker_TP0 pid=1444139) [TP0] [VLM_STAGE_TIMER] stage5_llm_prefill | req= | wall=30.008 ms
(Worker_TP2 pid=1444141) [TP2] [VLM_STAGE_TIMER] stage5_llm_prefill | req= | wall=30.092 ms
(Worker_TP3 pid=1444142) [TP3] [VLM_STAGE_TIMER] stage4_embedding_merge | req= | wall=0.484 ms
(Worker_TP1 pid=1444140) [TP1] [VLM_STAGE_TIMER] stage4_embedding_merge | req= | wall=0.500 ms
(Worker_TP2 pid=1444141) [TP2] [VLM_STAGE_TIMER] stage4_embedding_merge | req= | wall=0.464 ms
(Worker_TP0 pid=1444139) [TP0] [VLM_STAGE_TIMER] stage4_embedding_merge | req= | wall=0.263 ms
(Worker_TP1 pid=1444140) [TP1] [VLM_STAGE_TIMER] stage5_llm_prefill | req= | wall=30.124 ms
(Worker_TP3 pid=1444142) [TP3] [VLM_STAGE_TIMER] stage5_llm_prefill | req= | wall=30.132 ms
(Worker_TP2 pid=1444141) [TP2] [VLM_STAGE_TIMER] stage5_llm_prefill | req= | wall=30.163 ms
(Worker_TP0 pid=1444139) [TP0] [VLM_STAGE_TIMER] stage5_llm_prefill | req= | wall=30.188 ms
(Worker_TP2 pid=1444141) [TP2] [VLM_STAGE_TIMER] stage4_embedding_merge | req= | wall=0.525 ms
(Worker_TP3 pid=1444142) [TP3] [VLM_STAGE_TIMER] stage4_embedding_merge | req= | wall=0.519 ms
(Worker_TP1 pid=1444140) [TP1] [VLM_STAGE_TIMER] stage4_embedding_merge | req= | wall=0.529 ms
(Worker_TP0 pid=1444139) [TP0] [VLM_STAGE_TIMER] stage4_embedding_merge | req= | wall=0.252 ms
(Worker_TP0 pid=1444139) [TP0] [VLM_STAGE_TIMER] stage5_llm_prefill | req= | wall=30.080 ms
(Worker_TP3 pid=1444142) [TP3] [VLM_STAGE_TIMER] stage5_llm_prefill | req= | wall=30.096 ms
(Worker_TP1 pid=1444140) [TP1] [VLM_STAGE_TIMER] stage5_llm_prefill | req= | wall=30.089 ms
(Worker_TP2 pid=1444141) [TP2] [VLM_STAGE_TIMER] stage5_llm_prefill | req= | wall=30.178 ms
(Worker_TP2 pid=1444141) [TP2] [VLM_STAGE_TIMER] stage4_embedding_merge | req= | wall=0.452 ms
(Worker_TP1 pid=1444140) [TP1] [VLM_STAGE_TIMER] stage4_embedding_merge | req= | wall=0.436 ms
(Worker_TP3 pid=1444142) [TP3] [VLM_STAGE_TIMER] stage4_embedding_merge | req= | wall=0.438 ms
(Worker_TP0 pid=1444139) [TP0] [VLM_STAGE_TIMER] stage4_embedding_merge | req= | wall=0.260 ms
(Worker_TP0 pid=1444139) [TP0] [VLM_STAGE_TIMER] stage5_llm_prefill | req= | wall=30.299 ms
(Worker_TP3 pid=1444142) [TP3] [VLM_STAGE_TIMER] stage5_llm_prefill | req= | wall=30.306 ms
(Worker_TP1 pid=1444140) [TP1] [VLM_STAGE_TIMER] stage5_llm_prefill | req= | wall=30.315 ms
(Worker_TP2 pid=1444141) [TP2] [VLM_STAGE_TIMER] stage5_llm_prefill | req= | wall=30.406 ms
(Worker_TP3 pid=1444142) [TP3] [VLM_STAGE_TIMER] stage4_embedding_merge | req= | wall=0.443 ms
(Worker_TP1 pid=1444140) [TP1] [VLM_STAGE_TIMER] stage4_embedding_merge | req= | wall=0.424 ms
(Worker_TP2 pid=1444141) [TP2] [VLM_STAGE_TIMER] stage4_embedding_merge | req= | wall=0.426 ms
(Worker_TP0 pid=1444139) [TP0] [VLM_STAGE_TIMER] stage4_embedding_merge | req= | wall=0.253 ms
(Worker_TP0 pid=1444139) [TP0] [VLM_STAGE_TIMER] stage5_llm_prefill | req= | wall=30.959 ms
(Worker_TP2 pid=1444141) [TP2] [VLM_STAGE_TIMER] stage5_llm_prefill | req= | wall=30.966 ms
(Worker_TP3 pid=1444142) [TP3] [VLM_STAGE_TIMER] stage5_llm_prefill | req= | wall=30.988 ms
(Worker_TP1 pid=1444140) [TP1] [VLM_STAGE_TIMER] stage5_llm_prefill | req= | wall=31.209 ms
(Worker_TP2 pid=1444141) [TP2] [VLM_STAGE_TIMER] stage4_embedding_merge | req= | wall=0.717 ms
(Worker_TP0 pid=1444139) [TP0] [VLM_STAGE_TIMER] stage4_embedding_merge | req= | wall=0.462 ms
(Worker_TP3 pid=1444142) [TP3] [VLM_STAGE_TIMER] stage4_embedding_merge | req= | wall=0.636 ms
(Worker_TP1 pid=1444140) [TP1] [VLM_STAGE_TIMER] stage4_embedding_merge | req= | wall=0.271 ms
(Worker_TP0 pid=1444139) [TP0] [VLM_STAGE_TIMER] stage5_llm_prefill | req= | wall=31.277 ms
(Worker_TP2 pid=1444141) [TP2] [VLM_STAGE_TIMER] stage5_llm_prefill | req= | wall=31.288 ms
(Worker_TP3 pid=1444142) [TP3] [VLM_STAGE_TIMER] stage5_llm_prefill | req= | wall=31.259 ms
(Worker_TP1 pid=1444140) [TP1] [VLM_STAGE_TIMER] stage5_llm_prefill | req= | wall=31.332 ms
(Worker_TP2 pid=1444141) [TP2] [VLM_STAGE_TIMER] stage4_embedding_merge | req= | wall=0.496 ms
(Worker_TP3 pid=1444142) [TP3] [VLM_STAGE_TIMER] stage4_embedding_merge | req= | wall=0.434 ms
(Worker_TP1 pid=1444140) [TP1] [VLM_STAGE_TIMER] stage4_embedding_merge | req= | wall=0.402 ms
(Worker_TP0 pid=1444139) [TP0] [VLM_STAGE_TIMER] stage4_embedding_merge | req= | wall=0.276 ms
(Worker_TP3 pid=1444142) [TP3] [VLM_STAGE_TIMER] stage5_llm_prefill | req= | wall=30.157 ms
(Worker_TP1 pid=1444140) [TP1] [VLM_STAGE_TIMER] stage5_llm_prefill | req= | wall=30.150 ms
(Worker_TP2 pid=1444141) [TP2] [VLM_STAGE_TIMER] stage5_llm_prefill | req= | wall=30.212 ms
(Worker_TP0 pid=1444139) [TP0] [VLM_STAGE_TIMER] stage5_llm_prefill | req= | wall=30.222 ms
(Worker_TP1 pid=1444140) [TP1] [VLM_STAGE_TIMER] stage4_embedding_merge | req= | wall=0.413 ms
(Worker_TP2 pid=1444141) [TP2] [VLM_STAGE_TIMER] stage4_embedding_merge | req= | wall=0.517 ms
(Worker_TP3 pid=1444142) [TP3] [VLM_STAGE_TIMER] stage4_embedding_merge | req= | wall=0.511 ms
(Worker_TP0 pid=1444139) [TP0] [VLM_STAGE_TIMER] stage4_embedding_merge | req= | wall=0.259 ms
(Worker_TP0 pid=1444139) [TP0] [VLM_STAGE_TIMER] stage5_llm_prefill | req= | wall=31.848 ms
(Worker_TP2 pid=1444141) [TP2] [VLM_STAGE_TIMER] stage5_llm_prefill | req= | wall=31.863 ms
(Worker_TP1 pid=1444140) [TP1] [VLM_STAGE_TIMER] stage5_llm_prefill | req= | wall=31.873 ms
(Worker_TP3 pid=1444142) [TP3] [VLM_STAGE_TIMER] stage5_llm_prefill | req= | wall=32.218 ms
(Worker_TP2 pid=1444141) [TP2] [VLM_STAGE_TIMER] stage4_embedding_merge | req= | wall=1.324 ms
(Worker_TP0 pid=1444139) [TP0] [VLM_STAGE_TIMER] stage4_embedding_merge | req= | wall=1.039 ms
(Worker_TP1 pid=1444140) [TP1] [VLM_STAGE_TIMER] stage4_embedding_merge | req= | wall=1.286 ms
(Worker_TP3 pid=1444142) [TP3] [VLM_STAGE_TIMER] stage4_embedding_merge | req= | wall=0.392 ms
(Worker_TP0 pid=1444139) [TP0] [VLM_STAGE_TIMER] stage5_llm_prefill | req= | wall=30.068 ms
(Worker_TP1 pid=1444140) [TP1] [VLM_STAGE_TIMER] stage5_llm_prefill | req= | wall=30.061 ms
(Worker_TP3 pid=1444142) [TP3] [VLM_STAGE_TIMER] stage5_llm_prefill | req= | wall=30.050 ms
(Worker_TP2 pid=1444141) [TP2] [VLM_STAGE_TIMER] stage5_llm_prefill | req= | wall=30.176 ms
(Worker_TP1 pid=1444140) [TP1] [VLM_STAGE_TIMER] stage4_embedding_merge | req= | wall=0.451 ms
(Worker_TP3 pid=1444142) [TP3] [VLM_STAGE_TIMER] stage4_embedding_merge | req= | wall=0.429 ms
