(Worker_TP2 pid=1444141) [TP2] [VLM_STAGE_TIMER] stage4_embedding_merge | req= | wall=0.455 ms
(Worker_TP0 pid=1444139) [TP0] [VLM_STAGE_TIMER] stage4_embedding_merge | req= | wall=0.263 ms
(Worker_TP3 pid=1444142) [TP3] [VLM_STAGE_TIMER] stage5_llm_prefill | req= | wall=29.905 ms
(Worker_TP1 pid=1444140) [TP1] [VLM_STAGE_TIMER] stage5_llm_prefill | req= | wall=29.915 ms
(Worker_TP2 pid=1444141) [TP2] [VLM_STAGE_TIMER] stage5_llm_prefill | req= | wall=29.944 ms
(Worker_TP0 pid=1444139) [TP0] [VLM_STAGE_TIMER] stage5_llm_prefill | req= | wall=29.962 ms
(Worker_TP2 pid=1444141) [TP2] [VLM_STAGE_TIMER] stage4_embedding_merge | req= | wall=0.519 ms
(Worker_TP3 pid=1444142) [TP3] [VLM_STAGE_TIMER] stage4_embedding_merge | req= | wall=0.534 ms
(Worker_TP1 pid=1444140) [TP1] [VLM_STAGE_TIMER] stage4_embedding_merge | req= | wall=0.544 ms
(Worker_TP0 pid=1444139) [TP0] [VLM_STAGE_TIMER] stage4_embedding_merge | req= | wall=0.249 ms
(Worker_TP1 pid=1444140) [TP1] [VLM_STAGE_TIMER] stage5_llm_prefill | req= | wall=29.906 ms
(Worker_TP3 pid=1444142) [TP3] [VLM_STAGE_TIMER] stage5_llm_prefill | req= | wall=29.915 ms
(Worker_TP0 pid=1444139) [TP0] [VLM_STAGE_TIMER] stage5_llm_prefill | req= | wall=29.930 ms
(Worker_TP2 pid=1444141) [TP2] [VLM_STAGE_TIMER] stage5_llm_prefill | req= | wall=30.002 ms
(Worker_TP2 pid=1444141) [TP2] [VLM_STAGE_TIMER] stage4_embedding_merge | req= | wall=0.459 ms
(Worker_TP3 pid=1444142) [TP3] [VLM_STAGE_TIMER] stage4_embedding_merge | req= | wall=0.440 ms
(Worker_TP1 pid=1444140) [TP1] [VLM_STAGE_TIMER] stage4_embedding_merge | req= | wall=0.448 ms
(Worker_TP0 pid=1444139) [TP0] [VLM_STAGE_TIMER] stage4_embedding_merge | req= | wall=0.252 ms
(Worker_TP0 pid=1444139) [TP0] [VLM_STAGE_TIMER] stage5_llm_prefill | req= | wall=31.102 ms
(Worker_TP2 pid=1444141) [TP2] [VLM_STAGE_TIMER] stage5_llm_prefill | req= | wall=31.125 ms
(Worker_TP1 pid=1444140) [TP1] [VLM_STAGE_TIMER] stage5_llm_prefill | req= | wall=31.112 ms
(Worker_TP3 pid=1444142) [TP3] [VLM_STAGE_TIMER] stage5_llm_prefill | req= | wall=31.371 ms
(Worker_TP2 pid=1444141) [TP2] [VLM_STAGE_TIMER] stage4_embedding_merge | req= | wall=0.972 ms
(Worker_TP1 pid=1444140) [TP1] [VLM_STAGE_TIMER] stage4_embedding_merge | req= | wall=0.907 ms
(Worker_TP0 pid=1444139) [TP0] [VLM_STAGE_TIMER] stage4_embedding_merge | req= | wall=0.740 ms
(Worker_TP3 pid=1444142) [TP3] [VLM_STAGE_TIMER] stage4_embedding_merge | req= | wall=0.279 ms
(Worker_TP2 pid=1444141) [TP2] [VLM_STAGE_TIMER] stage5_llm_prefill | req= | wall=31.153 ms
(Worker_TP0 pid=1444139) [TP0] [VLM_STAGE_TIMER] stage5_llm_prefill | req= | wall=31.135 ms
(Worker_TP1 pid=1444140) [TP1] [VLM_STAGE_TIMER] stage5_llm_prefill | req= | wall=31.144 ms
(Worker_TP3 pid=1444142) [TP3] [VLM_STAGE_TIMER] stage5_llm_prefill | req= | wall=31.210 ms
(Worker_TP3 pid=1444142) [TP3] [VLM_STAGE_TIMER] stage4_embedding_merge | req= | wall=0.417 ms
(Worker_TP2 pid=1444141) [TP2] [VLM_STAGE_TIMER] stage4_embedding_merge | req= | wall=0.532 ms
(Worker_TP1 pid=1444140) [TP1] [VLM_STAGE_TIMER] stage4_embedding_merge | req= | wall=0.488 ms
(Worker_TP0 pid=1444139) [TP0] [VLM_STAGE_TIMER] stage4_embedding_merge | req= | wall=0.257 ms
(Worker_TP3 pid=1444142) [TP3] [VLM_STAGE_TIMER] stage5_llm_prefill | req= | wall=30.009 ms
(Worker_TP1 pid=1444140) [TP1] [VLM_STAGE_TIMER] stage5_llm_prefill | req= | wall=29.990 ms
(Worker_TP0 pid=1444139) [TP0] [VLM_STAGE_TIMER] stage5_llm_prefill | req= | wall=30.029 ms
(Worker_TP2 pid=1444141) [TP2] [VLM_STAGE_TIMER] stage5_llm_prefill | req= | wall=30.079 ms
(APIServer pid=1443361) INFO:     127.0.0.1:38002 - "GET /health HTTP/1.1" 200 OK
(APIServer pid=1443361) [VLM_STAGE_TIMER] req_info | req=renderer0-mm-2 | mm_counts={'image': 31}
(APIServer pid=1443361) [VLM_STAGE_TIMER] stage1_processor | req=renderer0-mm-2 | wall=2472.528 ms
(APIServer pid=1443361) INFO:     127.0.0.1:38010 - "POST /v1/chat/completions HTTP/1.1" 200 OK
(EngineCore pid=1443921) [VLM_STAGE_TIMER] stage2a_recv | req=chatcmpl-a4d707a75a00cf92-a62a2f02 | timestamp=590780.759073
(EngineCore pid=1443921) [VLM_STAGE_TIMER] stage2b_mq_enqueue | req=executor | timestamp=590780.764755
(EngineCore pid=1443921) [VLM_STAGE_TIMER] stage2b_mq_enqueue | req=executor | timestamp=590781.053687
(Worker_TP2 pid=1444141) [TP2] [VLM_STAGE_TIMER] stage2b_mq_dequeue | req=rank=2 | timestamp=590781.416661
(Worker_TP0 pid=1444139) [TP0] [VLM_STAGE_TIMER] stage2b_mq_dequeue | req=rank=0 | timestamp=590781.502076
(Worker_TP1 pid=1444140) [TP1] [VLM_STAGE_TIMER] stage2b_mq_dequeue | req=rank=1 | timestamp=590781.560471
(Worker_TP3 pid=1444142) [TP3] [VLM_STAGE_TIMER] stage2b_mq_dequeue | req=rank=3 | timestamp=590781.604173
(Worker_TP2 pid=1444141) [TP2] [VLM_VIT_SUBSTAGE] imgs=10 tokens=8800 | patch_embed=6.26ms | pos_embed+metadata=2.69ms | blocks=270.39ms | merger=1.08ms | total=280.43ms
(Worker_TP0 pid=1444139) [TP0] [VLM_VIT_SUBSTAGE] imgs=10 tokens=8800 | patch_embed=6.44ms | pos_embed+metadata=3.34ms | blocks=174.78ms | merger=1.07ms | total=185.64ms
(Worker_TP3 pid=1444142) [TP3] [VLM_VIT_SUBSTAGE] imgs=10 tokens=8800 | patch_embed=6.76ms | pos_embed+metadata=4.44ms | blocks=72.65ms | merger=1.07ms | total=84.93ms
(Worker_TP1 pid=1444140) [TP1] [VLM_VIT_SUBSTAGE] imgs=10 tokens=8800 | patch_embed=6.44ms | pos_embed+metadata=4.63ms | blocks=122.63ms | merger=1.07ms | total=134.78ms
(Worker_TP2 pid=1444141) [TP2] [VLM_STAGE_TIMER] stage3_vit_encoding | req= | wall=289.408 ms
(Worker_TP0 pid=1444139) [TP0] [VLM_STAGE_TIMER] stage3_vit_encoding | req= | wall=202.592 ms
(Worker_TP1 pid=1444140) [TP1] [VLM_STAGE_TIMER] stage3_vit_encoding | req= | wall=144.900 ms
(Worker_TP3 pid=1444142) [TP3] [VLM_STAGE_TIMER] stage3_vit_encoding | req= | wall=98.998 ms
(Worker_TP2 pid=1444141) [TP2] [VLM_STAGE_TIMER] stage4_embedding_merge | req= | wall=4.307 ms
(Worker_TP1 pid=1444140) [TP1] [VLM_STAGE_TIMER] stage4_embedding_merge | req= | wall=3.960 ms
(Worker_TP0 pid=1444139) [TP0] [VLM_STAGE_TIMER] stage4_embedding_merge | req= | wall=4.227 ms
(Worker_TP3 pid=1444142) [TP3] [VLM_STAGE_TIMER] stage4_embedding_merge | req= | wall=3.836 ms
(Worker_TP0 pid=1444139) [TP0] [VLM_STAGE_TIMER] stage5_llm_prefill | req= | wall=279.369 ms
(Worker_TP2 pid=1444141) [TP2] [VLM_STAGE_TIMER] stage5_llm_prefill | req= | wall=279.426 ms
(Worker_TP1 pid=1444140) [TP1] [VLM_STAGE_TIMER] stage5_llm_prefill | req= | wall=279.401 ms
(Worker_TP3 pid=1444142) [TP3] [VLM_STAGE_TIMER] stage5_llm_prefill | req= | wall=279.386 ms
(Worker_TP2 pid=1444141) [TP2] [VLM_STAGE_TIMER] stage2b_mq_dequeue | req=rank=2 | timestamp=590781.994486
(Worker_TP0 pid=1444139) [TP0] [VLM_STAGE_TIMER] stage2b_mq_dequeue | req=rank=0 | timestamp=590781.994809
(Worker_TP1 pid=1444140) [TP1] [VLM_STAGE_TIMER] stage2b_mq_dequeue | req=rank=1 | timestamp=590781.995500
(Worker_TP3 pid=1444142) [TP3] [VLM_STAGE_TIMER] stage2b_mq_dequeue | req=rank=3 | timestamp=590781.995591
(EngineCore pid=1443921) [VLM_STAGE_TIMER] stage2b_mq_enqueue | req=executor | timestamp=590781.995702
(Worker_TP0 pid=1444139) [TP0] [VLM_VIT_SUBSTAGE] imgs=9 tokens=7920 | patch_embed=6.13ms | pos_embed+metadata=2.59ms | blocks=66.78ms | merger=0.88ms | total=76.39ms
(Worker_TP1 pid=1444140) [TP1] [VLM_VIT_SUBSTAGE] imgs=9 tokens=7920 | patch_embed=6.64ms | pos_embed+metadata=2.82ms | blocks=82.12ms | merger=0.88ms | total=92.47ms
(Worker_TP2 pid=1444141) [TP2] [VLM_VIT_SUBSTAGE] imgs=9 tokens=7920 | patch_embed=6.71ms | pos_embed+metadata=2.45ms | blocks=84.52ms | merger=0.91ms | total=94.61ms
(Worker_TP3 pid=1444142) [TP3] [VLM_VIT_SUBSTAGE] imgs=9 tokens=7920 | patch_embed=6.24ms | pos_embed+metadata=2.71ms | blocks=80.67ms | merger=0.90ms | total=90.54ms
(Worker_TP0 pid=1444139) [TP0] [VLM_STAGE_TIMER] stage3_vit_encoding | req= | wall=101.778 ms
(Worker_TP1 pid=1444140) [TP1] [VLM_STAGE_TIMER] stage3_vit_encoding | req= | wall=100.918 ms
(Worker_TP2 pid=1444141) [TP2] [VLM_STAGE_TIMER] stage3_vit_encoding | req= | wall=102.353 ms
(Worker_TP3 pid=1444142) [TP3] [VLM_STAGE_TIMER] stage3_vit_encoding | req= | wall=100.669 ms
(Worker_TP1 pid=1444140) [TP1] [VLM_STAGE_TIMER] stage4_embedding_merge | req= | wall=3.679 ms
(Worker_TP2 pid=1444141) [TP2] [VLM_STAGE_TIMER] stage4_embedding_merge | req= | wall=3.702 ms
(Worker_TP0 pid=1444139) [TP0] [VLM_STAGE_TIMER] stage4_embedding_merge | req= | wall=3.818 ms
(Worker_TP3 pid=1444142) [TP3] [VLM_STAGE_TIMER] stage4_embedding_merge | req= | wall=3.674 ms
(Worker_TP0 pid=1444139) [TP0] [VLM_STAGE_TIMER] stage5_llm_prefill | req= | wall=337.802 ms
(Worker_TP2 pid=1444141) [TP2] [VLM_STAGE_TIMER] stage5_llm_prefill | req= | wall=337.845 ms
(Worker_TP3 pid=1444142) [TP3] [VLM_STAGE_TIMER] stage5_llm_prefill | req= | wall=337.891 ms
(Worker_TP1 pid=1444140) [TP1] [VLM_STAGE_TIMER] stage5_llm_prefill | req= | wall=337.981 ms
(Worker_TP2 pid=1444141) [TP2] [VLM_STAGE_TIMER] stage2b_mq_dequeue | req=rank=2 | timestamp=590782.441039
(Worker_TP0 pid=1444139) [TP0] [VLM_STAGE_TIMER] stage2b_mq_dequeue | req=rank=0 | timestamp=590782.441398
(Worker_TP3 pid=1444142) [TP3] [VLM_STAGE_TIMER] stage2b_mq_dequeue | req=rank=3 | timestamp=590782.441739
(EngineCore pid=1443921) [VLM_STAGE_TIMER] stage2b_mq_enqueue | req=executor | timestamp=590782.442008
(Worker_TP1 pid=1444140) [TP1] [VLM_STAGE_TIMER] stage2b_mq_dequeue | req=rank=1 | timestamp=590782.442268
(Worker_TP2 pid=1444141) [TP2] [VLM_VIT_SUBSTAGE] imgs=9 tokens=7920 | patch_embed=6.70ms | pos_embed+metadata=2.44ms | blocks=70.52ms | merger=0.93ms | total=80.61ms
(Worker_TP1 pid=1444140) [TP1] [VLM_VIT_SUBSTAGE] imgs=9 tokens=7920 | patch_embed=6.55ms | pos_embed+metadata=2.80ms | blocks=68.04ms | merger=0.92ms | total=78.32ms
(Worker_TP0 pid=1444139) [TP0] [VLM_VIT_SUBSTAGE] imgs=9 tokens=7920 | patch_embed=6.72ms | pos_embed+metadata=2.80ms | blocks=68.93ms | merger=0.93ms | total=79.40ms
(Worker_TP3 pid=1444142) [TP3] [VLM_VIT_SUBSTAGE] imgs=9 tokens=7920 | patch_embed=6.43ms | pos_embed+metadata=2.68ms | blocks=67.62ms | merger=0.94ms | total=77.68ms
(Worker_TP2 pid=1444141) [TP2] [VLM_STAGE_TIMER] stage3_vit_encoding | req= | wall=88.318 ms
(Worker_TP0 pid=1444139) [TP0] [VLM_STAGE_TIMER] stage3_vit_encoding | req= | wall=87.751 ms
(Worker_TP1 pid=1444140) [TP1] [VLM_STAGE_TIMER] stage3_vit_encoding | req= | wall=86.746 ms
(Worker_TP3 pid=1444142) [TP3] [VLM_STAGE_TIMER] stage3_vit_encoding | req= | wall=87.373 ms
(Worker_TP1 pid=1444140) [TP1] [VLM_STAGE_TIMER] stage4_embedding_merge | req= | wall=3.554 ms
(Worker_TP2 pid=1444141) [TP2] [VLM_STAGE_TIMER] stage4_embedding_merge | req= | wall=3.670 ms
(Worker_TP0 pid=1444139) [TP0] [VLM_STAGE_TIMER] stage4_embedding_merge | req= | wall=3.622 ms
(Worker_TP3 pid=1444142) [TP3] [VLM_STAGE_TIMER] stage4_embedding_merge | req= | wall=3.550 ms
(Worker_TP0 pid=1444139) [TP0] [VLM_STAGE_TIMER] stage5_llm_prefill | req= | wall=396.828 ms
(Worker_TP3 pid=1444142) [TP3] [VLM_STAGE_TIMER] stage5_llm_prefill | req= | wall=396.813 ms
(Worker_TP2 pid=1444141) [TP2] [VLM_STAGE_TIMER] stage5_llm_prefill | req= | wall=396.857 ms
(Worker_TP1 pid=1444140) [TP1] [VLM_STAGE_TIMER] stage5_llm_prefill | req= | wall=396.869 ms
(Worker_TP2 pid=1444141) [TP2] [VLM_STAGE_TIMER] stage2b_mq_dequeue | req=rank=2 | timestamp=590782.932529
(Worker_TP3 pid=1444142) [TP3] [VLM_STAGE_TIMER] stage2b_mq_dequeue | req=rank=3 | timestamp=590782.932592
(Worker_TP0 pid=1444139) [TP0] [VLM_STAGE_TIMER] stage2b_mq_dequeue | req=rank=0 | timestamp=590782.932725
(Worker_TP1 pid=1444140) [TP1] [VLM_STAGE_TIMER] stage2b_mq_dequeue | req=rank=1 | timestamp=590782.932864
(Worker_TP3 pid=1444142) [TP3] [VLM_VIT_SUBSTAGE] imgs=3 tokens=2640 | patch_embed=4.01ms | pos_embed+metadata=1.24ms | blocks=36.43ms | merger=0.36ms | total=42.05ms
(Worker_TP2 pid=1444141) [TP2] [VLM_VIT_SUBSTAGE] imgs=3 tokens=2640 | patch_embed=3.59ms | pos_embed+metadata=1.14ms | blocks=37.41ms | merger=0.36ms | total=42.51ms
(Worker_TP0 pid=1444139) [TP0] [VLM_VIT_SUBSTAGE] imgs=3 tokens=2640 | patch_embed=3.88ms | pos_embed+metadata=1.18ms | blocks=31.35ms | merger=0.36ms | total=36.78ms
(Worker_TP1 pid=1444140) [TP1] [VLM_VIT_SUBSTAGE] imgs=3 tokens=2640 | patch_embed=3.85ms | pos_embed+metadata=1.35ms | blocks=36.00ms | merger=0.36ms | total=41.57ms
(Worker_TP3 pid=1444142) [TP3] [VLM_STAGE_TIMER] stage3_vit_encoding | req= | wall=45.025 ms
(Worker_TP2 pid=1444141) [TP2] [VLM_STAGE_TIMER] stage3_vit_encoding | req= | wall=45.293 ms
(Worker_TP0 pid=1444139) [TP0] [VLM_STAGE_TIMER] stage3_vit_encoding | req= | wall=44.954 ms
(Worker_TP1 pid=1444140) [TP1] [VLM_STAGE_TIMER] stage3_vit_encoding | req= | wall=44.687 ms
(Worker_TP1 pid=1444140) [TP1] [VLM_STAGE_TIMER] stage4_embedding_merge | req= | wall=1.517 ms
(Worker_TP3 pid=1444142) [TP3] [VLM_STAGE_TIMER] stage4_embedding_merge | req= | wall=1.596 ms
(Worker_TP0 pid=1444139) [TP0] [VLM_STAGE_TIMER] stage4_embedding_merge | req= | wall=1.566 ms
(Worker_TP2 pid=1444141) [TP2] [VLM_STAGE_TIMER] stage4_embedding_merge | req= | wall=1.602 ms
(Worker_TP0 pid=1444139) [TP0] [VLM_STAGE_TIMER] stage5_llm_prefill | req= | wall=168.461 ms
(Worker_TP2 pid=1444141) [TP2] [VLM_STAGE_TIMER] stage5_llm_prefill | req= | wall=168.457 ms
(Worker_TP3 pid=1444142) [TP3] [VLM_STAGE_TIMER] stage5_llm_prefill | req= | wall=168.466 ms
(Worker_TP1 pid=1444140) [TP1] [VLM_STAGE_TIMER] stage5_llm_prefill | req= | wall=168.477 ms
(Worker_TP2 pid=1444141) [TP2] [VLM_STAGE_TIMER] stage4_embedding_merge | req= | wall=0.767 ms
(Worker_TP1 pid=1444140) [TP1] [VLM_STAGE_TIMER] stage4_embedding_merge | req= | wall=0.593 ms
(Worker_TP0 pid=1444139) [TP0] [VLM_STAGE_TIMER] stage4_embedding_merge | req= | wall=0.445 ms
(Worker_TP3 pid=1444142) [TP3] [VLM_STAGE_TIMER] stage4_embedding_merge | req= | wall=0.558 ms
(Worker_TP2 pid=1444141) [TP2] [VLM_STAGE_TIMER] stage5_llm_prefill | req= | wall=30.998 ms
(Worker_TP1 pid=1444140) [TP1] [VLM_STAGE_TIMER] stage5_llm_prefill | req= | wall=30.991 ms
(Worker_TP3 pid=1444142) [TP3] [VLM_STAGE_TIMER] stage5_llm_prefill | req= | wall=30.976 ms
(Worker_TP0 pid=1444139) [TP0] [VLM_STAGE_TIMER] stage5_llm_prefill | req= | wall=31.062 ms
(Worker_TP2 pid=1444141) [TP2] [VLM_STAGE_TIMER] stage4_embedding_merge | req= | wall=0.579 ms
(Worker_TP1 pid=1444140) [TP1] [VLM_STAGE_TIMER] stage4_embedding_merge | req= | wall=0.521 ms
(Worker_TP3 pid=1444142) [TP3] [VLM_STAGE_TIMER] stage4_embedding_merge | req= | wall=0.554 ms
(Worker_TP0 pid=1444139) [TP0] [VLM_STAGE_TIMER] stage4_embedding_merge | req= | wall=0.262 ms
(Worker_TP0 pid=1444139) [TP0] [VLM_STAGE_TIMER] stage5_llm_prefill | req= | wall=30.160 ms
(Worker_TP3 pid=1444142) [TP3] [VLM_STAGE_TIMER] stage5_llm_prefill | req= | wall=30.170 ms
(Worker_TP1 pid=1444140) [TP1] [VLM_STAGE_TIMER] stage5_llm_prefill | req= | wall=30.178 ms
(Worker_TP2 pid=1444141) [TP2] [VLM_STAGE_TIMER] stage5_llm_prefill | req= | wall=30.262 ms
(Worker_TP3 pid=1444142) [TP3] [VLM_STAGE_TIMER] stage4_embedding_merge | req= | wall=0.485 ms
(Worker_TP1 pid=1444140) [TP1] [VLM_STAGE_TIMER] stage4_embedding_merge | req= | wall=0.419 ms
(Worker_TP2 pid=1444141) [TP2] [VLM_STAGE_TIMER] stage4_embedding_merge | req= | wall=0.466 ms
(Worker_TP0 pid=1444139) [TP0] [VLM_STAGE_TIMER] stage4_embedding_merge | req= | wall=0.264 ms
(Worker_TP0 pid=1444139) [TP0] [VLM_STAGE_TIMER] stage5_llm_prefill | req= | wall=30.195 ms
(Worker_TP3 pid=1444142) [TP3] [VLM_STAGE_TIMER] stage5_llm_prefill | req= | wall=30.223 ms
(Worker_TP1 pid=1444140) [TP1] [VLM_STAGE_TIMER] stage5_llm_prefill | req= | wall=30.214 ms
(Worker_TP2 pid=1444141) [TP2] [VLM_STAGE_TIMER] stage5_llm_prefill | req= | wall=30.283 ms
(Worker_TP2 pid=1444141) [TP2] [VLM_STAGE_TIMER] stage4_embedding_merge | req= | wall=0.405 ms
(Worker_TP1 pid=1444140) [TP1] [VLM_STAGE_TIMER] stage4_embedding_merge | req= | wall=0.437 ms
(Worker_TP3 pid=1444142) [TP3] [VLM_STAGE_TIMER] stage4_embedding_merge | req= | wall=0.470 ms
(Worker_TP0 pid=1444139) [TP0] [VLM_STAGE_TIMER] stage4_embedding_merge | req= | wall=0.262 ms
(Worker_TP1 pid=1444140) [TP1] [VLM_STAGE_TIMER] stage5_llm_prefill | req= | wall=30.109 ms
(Worker_TP3 pid=1444142) [TP3] [VLM_STAGE_TIMER] stage5_llm_prefill | req= | wall=30.100 ms
(Worker_TP0 pid=1444139) [TP0] [VLM_STAGE_TIMER] stage5_llm_prefill | req= | wall=30.138 ms
(Worker_TP2 pid=1444141) [TP2] [VLM_STAGE_TIMER] stage5_llm_prefill | req= | wall=30.197 ms
(Worker_TP3 pid=1444142) [TP3] [VLM_STAGE_TIMER] stage4_embedding_merge | req= | wall=0.513 ms
(Worker_TP2 pid=1444141) [TP2] [VLM_STAGE_TIMER] stage4_embedding_merge | req= | wall=0.459 ms
(Worker_TP0 pid=1444139) [TP0] [VLM_STAGE_TIMER] stage4_embedding_merge | req= | wall=0.272 ms
(Worker_TP1 pid=1444140) [TP1] [VLM_STAGE_TIMER] stage4_embedding_merge | req= | wall=0.523 ms
(Worker_TP2 pid=1444141) [TP2] [VLM_STAGE_TIMER] stage5_llm_prefill | req= | wall=31.531 ms
(Worker_TP1 pid=1444140) [TP1] [VLM_STAGE_TIMER] stage5_llm_prefill | req= | wall=31.514 ms
(Worker_TP3 pid=1444142) [TP3] [VLM_STAGE_TIMER] stage5_llm_prefill | req= | wall=31.540 ms
(Worker_TP0 pid=1444139) [TP0] [VLM_STAGE_TIMER] stage5_llm_prefill | req= | wall=31.632 ms
(Worker_TP3 pid=1444142) [TP3] [VLM_STAGE_TIMER] stage4_embedding_merge | req= | wall=0.831 ms
(Worker_TP2 pid=1444141) [TP2] [VLM_STAGE_TIMER] stage4_embedding_merge | req= | wall=0.873 ms
(Worker_TP1 pid=1444140) [TP1] [VLM_STAGE_TIMER] stage4_embedding_merge | req= | wall=0.834 ms
(Worker_TP0 pid=1444139) [TP0] [VLM_STAGE_TIMER] stage4_embedding_merge | req= | wall=0.300 ms
(Worker_TP1 pid=1444140) [TP1] [VLM_STAGE_TIMER] stage5_llm_prefill | req= | wall=30.140 ms
(Worker_TP3 pid=1444142) [TP3] [VLM_STAGE_TIMER] stage5_llm_prefill | req= | wall=30.161 ms
(Worker_TP0 pid=1444139) [TP0] [VLM_STAGE_TIMER] stage5_llm_prefill | req= | wall=30.192 ms
(Worker_TP2 pid=1444141) [TP2] [VLM_STAGE_TIMER] stage5_llm_prefill | req= | wall=30.232 ms
(Worker_TP2 pid=1444141) [TP2] [VLM_STAGE_TIMER] stage4_embedding_merge | req= | wall=0.417 ms
(Worker_TP3 pid=1444142) [TP3] [VLM_STAGE_TIMER] stage4_embedding_merge | req= | wall=0.493 ms
(Worker_TP0 pid=1444139) [TP0] [VLM_STAGE_TIMER] stage4_embedding_merge | req= | wall=0.252 ms
(Worker_TP1 pid=1444140) [TP1] [VLM_STAGE_TIMER] stage4_embedding_merge | req= | wall=0.513 ms
(Worker_TP2 pid=1444141) [TP2] [VLM_STAGE_TIMER] stage5_llm_prefill | req= | wall=30.267 ms
(Worker_TP1 pid=1444140) [TP1] [VLM_STAGE_TIMER] stage5_llm_prefill | req= | wall=30.232 ms
(Worker_TP3 pid=1444142) [TP3] [VLM_STAGE_TIMER] stage5_llm_prefill | req= | wall=30.259 ms
(Worker_TP0 pid=1444139) [TP0] [VLM_STAGE_TIMER] stage5_llm_prefill | req= | wall=30.324 ms
(Worker_TP3 pid=1444142) [TP3] [VLM_STAGE_TIMER] stage4_embedding_merge | req= | wall=0.545 ms
(Worker_TP2 pid=1444141) [TP2] [VLM_STAGE_TIMER] stage4_embedding_merge | req= | wall=0.591 ms
(Worker_TP1 pid=1444140) [TP1] [VLM_STAGE_TIMER] stage4_embedding_merge | req= | wall=0.567 ms
(Worker_TP0 pid=1444139) [TP0] [VLM_STAGE_TIMER] stage4_embedding_merge | req= | wall=0.270 ms
(Worker_TP3 pid=1444142) [TP3] [VLM_STAGE_TIMER] stage5_llm_prefill | req= | wall=30.179 ms
(Worker_TP1 pid=1444140) [TP1] [VLM_STAGE_TIMER] stage5_llm_prefill | req= | wall=30.159 ms
(Worker_TP2 pid=1444141) [TP2] [VLM_STAGE_TIMER] stage5_llm_prefill | req= | wall=30.227 ms
(Worker_TP0 pid=1444139) [TP0] [VLM_STAGE_TIMER] stage5_llm_prefill | req= | wall=30.226 ms
(Worker_TP1 pid=1444140) [TP1] [VLM_STAGE_TIMER] stage4_embedding_merge | req= | wall=0.559 ms
(Worker_TP2 pid=1444141) [TP2] [VLM_STAGE_TIMER] stage4_embedding_merge | req= | wall=0.538 ms
(Worker_TP3 pid=1444142) [TP3] [VLM_STAGE_TIMER] stage4_embedding_merge | req= | wall=0.586 ms
(Worker_TP0 pid=1444139) [TP0] [VLM_STAGE_TIMER] stage4_embedding_merge | req= | wall=0.265 ms
(Worker_TP3 pid=1444142) [TP3] [VLM_STAGE_TIMER] stage5_llm_prefill | req= | wall=30.140 ms
(Worker_TP1 pid=1444140) [TP1] [VLM_STAGE_TIMER] stage5_llm_prefill | req= | wall=30.158 ms
(Worker_TP2 pid=1444141) [TP2] [VLM_STAGE_TIMER] stage5_llm_prefill | req= | wall=30.174 ms
(Worker_TP0 pid=1444139) [TP0] [VLM_STAGE_TIMER] stage5_llm_prefill | req= | wall=30.190 ms
(Worker_TP2 pid=1444141) [TP2] [VLM_STAGE_TIMER] stage4_embedding_merge | req= | wall=0.570 ms
(Worker_TP1 pid=1444140) [TP1] [VLM_STAGE_TIMER] stage4_embedding_merge | req= | wall=0.573 ms
(Worker_TP3 pid=1444142) [TP3] [VLM_STAGE_TIMER] stage4_embedding_merge | req= | wall=0.550 ms
(Worker_TP0 pid=1444139) [TP0] [VLM_STAGE_TIMER] stage4_embedding_merge | req= | wall=0.255 ms
(Worker_TP3 pid=1444142) [TP3] [VLM_STAGE_TIMER] stage5_llm_prefill | req= | wall=30.134 ms
(Worker_TP2 pid=1444141) [TP2] [VLM_STAGE_TIMER] stage5_llm_prefill | req= | wall=30.149 ms
(Worker_TP1 pid=1444140) [TP1] [VLM_STAGE_TIMER] stage5_llm_prefill | req= | wall=30.140 ms
(Worker_TP0 pid=1444139) [TP0] [VLM_STAGE_TIMER] stage5_llm_prefill | req= | wall=30.202 ms
(Worker_TP3 pid=1444142) [TP3] [VLM_STAGE_TIMER] stage4_embedding_merge | req= | wall=0.586 ms
(Worker_TP2 pid=1444141) [TP2] [VLM_STAGE_TIMER] stage4_embedding_merge | req= | wall=0.579 ms
(Worker_TP1 pid=1444140) [TP1] [VLM_STAGE_TIMER] stage4_embedding_merge | req= | wall=0.522 ms
(Worker_TP0 pid=1444139) [TP0] [VLM_STAGE_TIMER] stage4_embedding_merge | req= | wall=0.254 ms
(Worker_TP1 pid=1444140) [TP1] [VLM_STAGE_TIMER] stage5_llm_prefill | req= | wall=30.075 ms
(Worker_TP3 pid=1444142) [TP3] [VLM_STAGE_TIMER] stage5_llm_prefill | req= | wall=30.095 ms
(Worker_TP0 pid=1444139) [TP0] [VLM_STAGE_TIMER] stage5_llm_prefill | req= | wall=30.098 ms
(Worker_TP2 pid=1444141) [TP2] [VLM_STAGE_TIMER] stage5_llm_prefill | req= | wall=30.167 ms
(Worker_TP1 pid=1444140) [TP1] [VLM_STAGE_TIMER] stage4_embedding_merge | req= | wall=0.517 ms
(Worker_TP3 pid=1444142) [TP3] [VLM_STAGE_TIMER] stage4_embedding_merge | req= | wall=0.477 ms
(Worker_TP2 pid=1444141) [TP2] [VLM_STAGE_TIMER] stage4_embedding_merge | req= | wall=0.460 ms
(Worker_TP0 pid=1444139) [TP0] [VLM_STAGE_TIMER] stage4_embedding_merge | req= | wall=0.251 ms
(Worker_TP2 pid=1444141) [TP2] [VLM_STAGE_TIMER] stage5_llm_prefill | req= | wall=30.362 ms
(Worker_TP3 pid=1444142) [TP3] [VLM_STAGE_TIMER] stage5_llm_prefill | req= | wall=30.376 ms
(Worker_TP1 pid=1444140) [TP1] [VLM_STAGE_TIMER] stage5_llm_prefill | req= | wall=30.383 ms
(Worker_TP0 pid=1444139) [TP0] [VLM_STAGE_TIMER] stage5_llm_prefill | req= | wall=30.432 ms
(Worker_TP2 pid=1444141) [TP2] [VLM_STAGE_TIMER] stage4_embedding_merge | req= | wall=0.499 ms
(Worker_TP3 pid=1444142) [TP3] [VLM_STAGE_TIMER] stage4_embedding_merge | req= | wall=0.542 ms
(Worker_TP1 pid=1444140) [TP1] [VLM_STAGE_TIMER] stage4_embedding_merge | req= | wall=0.551 ms
(Worker_TP0 pid=1444139) [TP0] [VLM_STAGE_TIMER] stage4_embedding_merge | req= | wall=0.256 ms
(Worker_TP1 pid=1444140) [TP1] [VLM_STAGE_TIMER] stage5_llm_prefill | req= | wall=30.180 ms
(Worker_TP3 pid=1444142) [TP3] [VLM_STAGE_TIMER] stage5_llm_prefill | req= | wall=30.191 ms
(Worker_TP2 pid=1444141) [TP2] [VLM_STAGE_TIMER] stage5_llm_prefill | req= | wall=30.245 ms
(Worker_TP0 pid=1444139) [TP0] [VLM_STAGE_TIMER] stage5_llm_prefill | req= | wall=30.254 ms
(Worker_TP3 pid=1444142) [TP3] [VLM_STAGE_TIMER] stage4_embedding_merge | req= | wall=0.570 ms
(Worker_TP1 pid=1444140) [TP1] [VLM_STAGE_TIMER] stage4_embedding_merge | req= | wall=0.571 ms
(Worker_TP2 pid=1444141) [TP2] [VLM_STAGE_TIMER] stage4_embedding_merge | req= | wall=0.541 ms
(Worker_TP0 pid=1444139) [TP0] [VLM_STAGE_TIMER] stage4_embedding_merge | req= | wall=0.264 ms
(Worker_TP3 pid=1444142) [TP3] [VLM_STAGE_TIMER] stage5_llm_prefill | req= | wall=30.193 ms
(Worker_TP1 pid=1444140) [TP1] [VLM_STAGE_TIMER] stage5_llm_prefill | req= | wall=30.189 ms
(Worker_TP0 pid=1444139) [TP0] [VLM_STAGE_TIMER] stage5_llm_prefill | req= | wall=30.203 ms
(Worker_TP2 pid=1444141) [TP2] [VLM_STAGE_TIMER] stage5_llm_prefill | req= | wall=30.252 ms
(Worker_TP2 pid=1444141) [TP2] [VLM_STAGE_TIMER] stage4_embedding_merge | req= | wall=0.493 ms
(Worker_TP1 pid=1444140) [TP1] [VLM_STAGE_TIMER] stage4_embedding_merge | req= | wall=0.547 ms
(Worker_TP3 pid=1444142) [TP3] [VLM_STAGE_TIMER] stage4_embedding_merge | req= | wall=0.487 ms
(Worker_TP0 pid=1444139) [TP0] [VLM_STAGE_TIMER] stage4_embedding_merge | req= | wall=0.263 ms
(Worker_TP1 pid=1444140) [TP1] [VLM_STAGE_TIMER] stage5_llm_prefill | req= | wall=30.149 ms
(Worker_TP3 pid=1444142) [TP3] [VLM_STAGE_TIMER] stage5_llm_prefill | req= | wall=30.138 ms
(Worker_TP2 pid=1444141) [TP2] [VLM_STAGE_TIMER] stage5_llm_prefill | req= | wall=30.174 ms
(Worker_TP0 pid=1444139) [TP0] [VLM_STAGE_TIMER] stage5_llm_prefill | req= | wall=30.208 ms
(Worker_TP1 pid=1444140) [TP1] [VLM_STAGE_TIMER] stage4_embedding_merge | req= | wall=0.583 ms
(Worker_TP2 pid=1444141) [TP2] [VLM_STAGE_TIMER] stage4_embedding_merge | req= | wall=0.582 ms
(Worker_TP3 pid=1444142) [TP3] [VLM_STAGE_TIMER] stage4_embedding_merge | req= | wall=0.560 ms
(Worker_TP0 pid=1444139) [TP0] [VLM_STAGE_TIMER] stage4_embedding_merge | req= | wall=0.266 ms
(Worker_TP0 pid=1444139) [TP0] [VLM_STAGE_TIMER] stage5_llm_prefill | req= | wall=30.309 ms
(Worker_TP1 pid=1444140) [TP1] [VLM_STAGE_TIMER] stage5_llm_prefill | req= | wall=30.337 ms
(Worker_TP3 pid=1444142) [TP3] [VLM_STAGE_TIMER] stage5_llm_prefill | req= | wall=30.319 ms
(Worker_TP2 pid=1444141) [TP2] [VLM_STAGE_TIMER] stage5_llm_prefill | req= | wall=30.408 ms
(Worker_TP2 pid=1444141) [TP2] [VLM_STAGE_TIMER] stage4_embedding_merge | req= | wall=0.456 ms
(Worker_TP1 pid=1444140) [TP1] [VLM_STAGE_TIMER] stage4_embedding_merge | req= | wall=0.485 ms
(Worker_TP3 pid=1444142) [TP3] [VLM_STAGE_TIMER] stage4_embedding_merge | req= | wall=0.465 ms
(Worker_TP0 pid=1444139) [TP0] [VLM_STAGE_TIMER] stage4_embedding_merge | req= | wall=0.254 ms
(Worker_TP3 pid=1444142) [TP3] [VLM_STAGE_TIMER] stage5_llm_prefill | req= | wall=30.034 ms
(Worker_TP1 pid=1444140) [TP1] [VLM_STAGE_TIMER] stage5_llm_prefill | req= | wall=30.044 ms
(Worker_TP0 pid=1444139) [TP0] [VLM_STAGE_TIMER] stage5_llm_prefill | req= | wall=30.094 ms
(Worker_TP2 pid=1444141) [TP2] [VLM_STAGE_TIMER] stage5_llm_prefill | req= | wall=30.127 ms
(Worker_TP1 pid=1444140) [TP1] [VLM_STAGE_TIMER] stage4_embedding_merge | req= | wall=0.533 ms
(Worker_TP3 pid=1444142) [TP3] [VLM_STAGE_TIMER] stage4_embedding_merge | req= | wall=0.581 ms
(Worker_TP2 pid=1444141) [TP2] [VLM_STAGE_TIMER] stage4_embedding_merge | req= | wall=0.499 ms
(Worker_TP0 pid=1444139) [TP0] [VLM_STAGE_TIMER] stage4_embedding_merge | req= | wall=0.271 ms
(Worker_TP1 pid=1444140) [TP1] [VLM_STAGE_TIMER] stage5_llm_prefill | req= | wall=30.284 ms
(Worker_TP3 pid=1444142) [TP3] [VLM_STAGE_TIMER] stage5_llm_prefill | req= | wall=30.277 ms
(Worker_TP2 pid=1444141) [TP2] [VLM_STAGE_TIMER] stage5_llm_prefill | req= | wall=30.281 ms
(Worker_TP0 pid=1444139) [TP0] [VLM_STAGE_TIMER] stage5_llm_prefill | req= | wall=30.335 ms
(Worker_TP3 pid=1444142) [TP3] [VLM_STAGE_TIMER] stage4_embedding_merge | req= | wall=0.597 ms
(Worker_TP2 pid=1444141) [TP2] [VLM_STAGE_TIMER] stage4_embedding_merge | req= | wall=0.600 ms
(Worker_TP1 pid=1444140) [TP1] [VLM_STAGE_TIMER] stage4_embedding_merge | req= | wall=0.584 ms
(Worker_TP0 pid=1444139) [TP0] [VLM_STAGE_TIMER] stage4_embedding_merge | req= | wall=0.255 ms
(Worker_TP3 pid=1444142) [TP3] [VLM_STAGE_TIMER] stage5_llm_prefill | req= | wall=30.149 ms
(Worker_TP1 pid=1444140) [TP1] [VLM_STAGE_TIMER] stage5_llm_prefill | req= | wall=30.128 ms
(Worker_TP0 pid=1444139) [TP0] [VLM_STAGE_TIMER] stage5_llm_prefill | req= | wall=30.177 ms
(Worker_TP2 pid=1444141) [TP2] [VLM_STAGE_TIMER] stage5_llm_prefill | req= | wall=30.220 ms
(Worker_TP3 pid=1444142) [TP3] [VLM_STAGE_TIMER] stage4_embedding_merge | req= | wall=0.580 ms
(Worker_TP1 pid=1444140) [TP1] [VLM_STAGE_TIMER] stage4_embedding_merge | req= | wall=0.547 ms
(Worker_TP2 pid=1444141) [TP2] [VLM_STAGE_TIMER] stage4_embedding_merge | req= | wall=0.486 ms
(Worker_TP0 pid=1444139) [TP0] [VLM_STAGE_TIMER] stage4_embedding_merge | req= | wall=0.253 ms
(Worker_TP0 pid=1444139) [TP0] [VLM_STAGE_TIMER] stage5_llm_prefill | req= | wall=30.144 ms
(Worker_TP3 pid=1444142) [TP3] [VLM_STAGE_TIMER] stage5_llm_prefill | req= | wall=30.195 ms
(Worker_TP1 pid=1444140) [TP1] [VLM_STAGE_TIMER] stage5_llm_prefill | req= | wall=30.187 ms
(Worker_TP2 pid=1444141) [TP2] [VLM_STAGE_TIMER] stage5_llm_prefill | req= | wall=30.227 ms
(Worker_TP3 pid=1444142) [TP3] [VLM_STAGE_TIMER] stage4_embedding_merge | req= | wall=0.452 ms
(Worker_TP2 pid=1444141) [TP2] [VLM_STAGE_TIMER] stage4_embedding_merge | req= | wall=0.446 ms
(Worker_TP1 pid=1444140) [TP1] [VLM_STAGE_TIMER] stage4_embedding_merge | req= | wall=0.481 ms
(Worker_TP0 pid=1444139) [TP0] [VLM_STAGE_TIMER] stage4_embedding_merge | req= | wall=0.265 ms
(Worker_TP0 pid=1444139) [TP0] [VLM_STAGE_TIMER] stage5_llm_prefill | req= | wall=30.185 ms
(Worker_TP3 pid=1444142) [TP3] [VLM_STAGE_TIMER] stage5_llm_prefill | req= | wall=30.211 ms
(Worker_TP1 pid=1444140) [TP1] [VLM_STAGE_TIMER] stage5_llm_prefill | req= | wall=30.195 ms
(Worker_TP2 pid=1444141) [TP2] [VLM_STAGE_TIMER] stage5_llm_prefill | req= | wall=30.281 ms
(Worker_TP3 pid=1444142) [TP3] [VLM_STAGE_TIMER] stage4_embedding_merge | req= | wall=0.492 ms
(Worker_TP2 pid=1444141) [TP2] [VLM_STAGE_TIMER] stage4_embedding_merge | req= | wall=0.442 ms
(Worker_TP1 pid=1444140) [TP1] [VLM_STAGE_TIMER] stage4_embedding_merge | req= | wall=0.491 ms
(Worker_TP0 pid=1444139) [TP0] [VLM_STAGE_TIMER] stage4_embedding_merge | req= | wall=0.252 ms
(Worker_TP1 pid=1444140) [TP1] [VLM_STAGE_TIMER] stage5_llm_prefill | req= | wall=30.133 ms
(Worker_TP3 pid=1444142) [TP3] [VLM_STAGE_TIMER] stage5_llm_prefill | req= | wall=30.151 ms
(Worker_TP0 pid=1444139) [TP0] [VLM_STAGE_TIMER] stage5_llm_prefill | req= | wall=30.168 ms
(Worker_TP2 pid=1444141) [TP2] [VLM_STAGE_TIMER] stage5_llm_prefill | req= | wall=30.219 ms
(Worker_TP2 pid=1444141) [TP2] [VLM_STAGE_TIMER] stage4_embedding_merge | req= | wall=0.479 ms
(Worker_TP3 pid=1444142) [TP3] [VLM_STAGE_TIMER] stage4_embedding_merge | req= | wall=0.529 ms
(Worker_TP1 pid=1444140) [TP1] [VLM_STAGE_TIMER] stage4_embedding_merge | req= | wall=0.493 ms
(Worker_TP0 pid=1444139) [TP0] [VLM_STAGE_TIMER] stage4_embedding_merge | req= | wall=0.262 ms
(Worker_TP1 pid=1444140) [TP1] [VLM_STAGE_TIMER] stage5_llm_prefill | req= | wall=30.148 ms
(Worker_TP3 pid=1444142) [TP3] [VLM_STAGE_TIMER] stage5_llm_prefill | req= | wall=30.156 ms
(Worker_TP0 pid=1444139) [TP0] [VLM_STAGE_TIMER] stage5_llm_prefill | req= | wall=30.178 ms
(Worker_TP2 pid=1444141) [TP2] [VLM_STAGE_TIMER] stage5_llm_prefill | req= | wall=30.246 ms
(Worker_TP3 pid=1444142) [TP3] [VLM_STAGE_TIMER] stage4_embedding_merge | req= | wall=0.515 ms
(Worker_TP2 pid=1444141) [TP2] [VLM_STAGE_TIMER] stage4_embedding_merge | req= | wall=0.467 ms
(Worker_TP1 pid=1444140) [TP1] [VLM_STAGE_TIMER] stage4_embedding_merge | req= | wall=0.534 ms
(Worker_TP0 pid=1444139) [TP0] [VLM_STAGE_TIMER] stage4_embedding_merge | req= | wall=0.261 ms
(Worker_TP3 pid=1444142) [TP3] [VLM_STAGE_TIMER] stage5_llm_prefill | req= | wall=30.259 ms
(Worker_TP1 pid=1444140) [TP1] [VLM_STAGE_TIMER] stage5_llm_prefill | req= | wall=30.242 ms
(Worker_TP2 pid=1444141) [TP2] [VLM_STAGE_TIMER] stage5_llm_prefill | req= | wall=30.289 ms
(Worker_TP0 pid=1444139) [TP0] [VLM_STAGE_TIMER] stage5_llm_prefill | req= | wall=30.309 ms
(Worker_TP3 pid=1444142) [TP3] [VLM_STAGE_TIMER] stage4_embedding_merge | req= | wall=0.526 ms
(Worker_TP1 pid=1444140) [TP1] [VLM_STAGE_TIMER] stage4_embedding_merge | req= | wall=0.535 ms
(Worker_TP2 pid=1444141) [TP2] [VLM_STAGE_TIMER] stage4_embedding_merge | req= | wall=0.534 ms
(Worker_TP0 pid=1444139) [TP0] [VLM_STAGE_TIMER] stage4_embedding_merge | req= | wall=0.261 ms
(Worker_TP3 pid=1444142) [TP3] [VLM_STAGE_TIMER] stage5_llm_prefill | req= | wall=30.190 ms
(Worker_TP1 pid=1444140) [TP1] [VLM_STAGE_TIMER] stage5_llm_prefill | req= | wall=30.180 ms
(Worker_TP2 pid=1444141) [TP2] [VLM_STAGE_TIMER] stage5_llm_prefill | req= | wall=30.204 ms
(Worker_TP0 pid=1444139) [TP0] [VLM_STAGE_TIMER] stage5_llm_prefill | req= | wall=30.227 ms
(Worker_TP3 pid=1444142) [TP3] [VLM_STAGE_TIMER] stage4_embedding_merge | req= | wall=0.575 ms
(Worker_TP1 pid=1444140) [TP1] [VLM_STAGE_TIMER] stage4_embedding_merge | req= | wall=0.547 ms
(Worker_TP2 pid=1444141) [TP2] [VLM_STAGE_TIMER] stage4_embedding_merge | req= | wall=0.505 ms
(Worker_TP0 pid=1444139) [TP0] [VLM_STAGE_TIMER] stage4_embedding_merge | req= | wall=0.262 ms
(Worker_TP0 pid=1444139) [TP0] [VLM_STAGE_TIMER] stage5_llm_prefill | req= | wall=30.065 ms
(Worker_TP3 pid=1444142) [TP3] [VLM_STAGE_TIMER] stage5_llm_prefill | req= | wall=30.096 ms
(Worker_TP1 pid=1444140) [TP1] [VLM_STAGE_TIMER] stage5_llm_prefill | req= | wall=30.086 ms
(Worker_TP2 pid=1444141) [TP2] [VLM_STAGE_TIMER] stage5_llm_prefill | req= | wall=30.151 ms
(Worker_TP3 pid=1444142) [TP3] [VLM_STAGE_TIMER] stage4_embedding_merge | req= | wall=0.465 ms
(Worker_TP1 pid=1444140) [TP1] [VLM_STAGE_TIMER] stage4_embedding_merge | req= | wall=0.478 ms
(Worker_TP2 pid=1444141) [TP2] [VLM_STAGE_TIMER] stage4_embedding_merge | req= | wall=0.454 ms
(Worker_TP0 pid=1444139) [TP0] [VLM_STAGE_TIMER] stage4_embedding_merge | req= | wall=0.254 ms
(Worker_TP0 pid=1444139) [TP0] [VLM_STAGE_TIMER] stage5_llm_prefill | req= | wall=30.222 ms
(Worker_TP1 pid=1444140) [TP1] [VLM_STAGE_TIMER] stage5_llm_prefill | req= | wall=30.251 ms
(Worker_TP3 pid=1444142) [TP3] [VLM_STAGE_TIMER] stage5_llm_prefill | req= | wall=30.259 ms
(Worker_TP2 pid=1444141) [TP2] [VLM_STAGE_TIMER] stage5_llm_prefill | req= | wall=30.319 ms
(Worker_TP1 pid=1444140) [TP1] [VLM_STAGE_TIMER] stage4_embedding_merge | req= | wall=0.467 ms
(Worker_TP3 pid=1444142) [TP3] [VLM_STAGE_TIMER] stage4_embedding_merge | req= | wall=0.429 ms
(Worker_TP2 pid=1444141) [TP2] [VLM_STAGE_TIMER] stage4_embedding_merge | req= | wall=0.390 ms
(Worker_TP0 pid=1444139) [TP0] [VLM_STAGE_TIMER] stage4_embedding_merge | req= | wall=0.265 ms
(Worker_TP0 pid=1444139) [TP0] [VLM_STAGE_TIMER] stage5_llm_prefill | req= | wall=30.201 ms
(Worker_TP3 pid=1444142) [TP3] [VLM_STAGE_TIMER] stage5_llm_prefill | req= | wall=30.219 ms
(Worker_TP1 pid=1444140) [TP1] [VLM_STAGE_TIMER] stage5_llm_prefill | req= | wall=30.230 ms
(Worker_TP2 pid=1444141) [TP2] [VLM_STAGE_TIMER] stage5_llm_prefill | req= | wall=30.284 ms
(Worker_TP2 pid=1444141) [TP2] [VLM_STAGE_TIMER] stage4_embedding_merge | req= | wall=0.460 ms
(Worker_TP1 pid=1444140) [TP1] [VLM_STAGE_TIMER] stage4_embedding_merge | req= | wall=0.488 ms
(Worker_TP3 pid=1444142) [TP3] [VLM_STAGE_TIMER] stage4_embedding_merge | req= | wall=0.516 ms
(Worker_TP0 pid=1444139) [TP0] [VLM_STAGE_TIMER] stage4_embedding_merge | req= | wall=0.279 ms
(Worker_TP0 pid=1444139) [TP0] [VLM_STAGE_TIMER] stage5_llm_prefill | req= | wall=30.203 ms
(Worker_TP1 pid=1444140) [TP1] [VLM_STAGE_TIMER] stage5_llm_prefill | req= | wall=30.222 ms
(Worker_TP3 pid=1444142) [TP3] [VLM_STAGE_TIMER] stage5_llm_prefill | req= | wall=30.212 ms
(Worker_TP2 pid=1444141) [TP2] [VLM_STAGE_TIMER] stage5_llm_prefill | req= | wall=30.310 ms
(Worker_TP2 pid=1444141) [TP2] [VLM_STAGE_TIMER] stage4_embedding_merge | req= | wall=0.445 ms
(Worker_TP1 pid=1444140) [TP1] [VLM_STAGE_TIMER] stage4_embedding_merge | req= | wall=0.512 ms
(Worker_TP3 pid=1444142) [TP3] [VLM_STAGE_TIMER] stage4_embedding_merge | req= | wall=0.452 ms
(Worker_TP0 pid=1444139) [TP0] [VLM_STAGE_TIMER] stage4_embedding_merge | req= | wall=0.274 ms
(Worker_TP2 pid=1444141) [TP2] [VLM_STAGE_TIMER] stage5_llm_prefill | req= | wall=33.847 ms
(Worker_TP1 pid=1444140) [TP1] [VLM_STAGE_TIMER] stage5_llm_prefill | req= | wall=33.841 ms
(Worker_TP3 pid=1444142) [TP3] [VLM_STAGE_TIMER] stage5_llm_prefill | req= | wall=33.832 ms
(Worker_TP0 pid=1444139) [TP0] [VLM_STAGE_TIMER] stage5_llm_prefill | req= | wall=33.993 ms
(Worker_TP2 pid=1444141) [TP2] [VLM_STAGE_TIMER] stage4_embedding_merge | req= | wall=1.708 ms
(Worker_TP3 pid=1444142) [TP3] [VLM_STAGE_TIMER] stage4_embedding_merge | req= | wall=1.648 ms
(Worker_TP1 pid=1444140) [TP1] [VLM_STAGE_TIMER] stage4_embedding_merge | req= | wall=1.658 ms
(Worker_TP0 pid=1444139) [TP0] [VLM_STAGE_TIMER] stage4_embedding_merge | req= | wall=0.514 ms
(Worker_TP2 pid=1444141) [TP2] [VLM_STAGE_TIMER] stage5_llm_prefill | req= | wall=30.428 ms
(Worker_TP3 pid=1444142) [TP3] [VLM_STAGE_TIMER] stage5_llm_prefill | req= | wall=30.420 ms
(Worker_TP1 pid=1444140) [TP1] [VLM_STAGE_TIMER] stage5_llm_prefill | req= | wall=30.399 ms
(Worker_TP0 pid=1444139) [TP0] [VLM_STAGE_TIMER] stage5_llm_prefill | req= | wall=30.459 ms
(APIServer pid=1443361) INFO:     127.0.0.1:38014 - "GET /health HTTP/1.1" 200 OK
(APIServer pid=1443361) [VLM_STAGE_TIMER] req_info | req=renderer0-mm-3 | mm_counts={'image': 32}
(APIServer pid=1443361) [VLM_STAGE_TIMER] stage1_processor | req=renderer0-mm-3 | wall=2470.264 ms
(APIServer pid=1443361) INFO 03-26 04:01:22 [loggers.py:259] Engine 000: Avg prompt throughput: 2492.9 tokens/s, Avg generation throughput: 5.7 tokens/s, Running: 0 reqs, Waiting: 0 reqs, GPU KV cache usage: 0.0%, Prefix cache hit rate: 0.0%, MM cache hit rate: 0.0%
(APIServer pid=1443361) INFO:     127.0.0.1:38020 - "POST /v1/chat/completions HTTP/1.1" 200 OK
(EngineCore pid=1443921) [VLM_STAGE_TIMER] stage2a_recv | req=chatcmpl-82caf7806a5a106e-8adbc11b | timestamp=590787.592434
(EngineCore pid=1443921) [VLM_STAGE_TIMER] stage2b_mq_enqueue | req=executor | timestamp=590787.597975
(EngineCore pid=1443921) [VLM_STAGE_TIMER] stage2b_mq_enqueue | req=executor | timestamp=590787.886147
(Worker_TP2 pid=1444141) [TP2] [VLM_STAGE_TIMER] stage2b_mq_dequeue | req=rank=2 | timestamp=590788.267243
(Worker_TP3 pid=1444142) [TP3] [VLM_STAGE_TIMER] stage2b_mq_dequeue | req=rank=3 | timestamp=590788.296430
(Worker_TP1 pid=1444140) [TP1] [VLM_STAGE_TIMER] stage2b_mq_dequeue | req=rank=1 | timestamp=590788.303284
(Worker_TP0 pid=1444139) [TP0] [VLM_STAGE_TIMER] stage2b_mq_dequeue | req=rank=0 | timestamp=590788.359054
(Worker_TP0 pid=1444139) [TP0] [VLM_VIT_SUBSTAGE] imgs=10 tokens=8800 | patch_embed=6.37ms | pos_embed+metadata=3.06ms | blocks=72.31ms | merger=1.00ms | total=82.77ms
(Worker_TP1 pid=1444140) [TP1] [VLM_VIT_SUBSTAGE] imgs=10 tokens=8800 | patch_embed=6.34ms | pos_embed+metadata=2.85ms | blocks=128.24ms | merger=1.00ms | total=138.45ms
(Worker_TP2 pid=1444141) [TP2] [VLM_VIT_SUBSTAGE] imgs=10 tokens=8800 | patch_embed=6.27ms | pos_embed+metadata=2.80ms | blocks=165.53ms | merger=1.03ms | total=175.65ms
(Worker_TP3 pid=1444142) [TP3] [VLM_VIT_SUBSTAGE] imgs=10 tokens=8800 | patch_embed=6.30ms | pos_embed+metadata=3.17ms | blocks=134.48ms | merger=1.03ms | total=144.99ms
(Worker_TP0 pid=1444139) [TP0] [VLM_STAGE_TIMER] stage3_vit_encoding | req= | wall=91.705 ms
(Worker_TP1 pid=1444140) [TP1] [VLM_STAGE_TIMER] stage3_vit_encoding | req= | wall=148.465 ms
(Worker_TP2 pid=1444141) [TP2] [VLM_STAGE_TIMER] stage3_vit_encoding | req= | wall=184.927 ms
(Worker_TP3 pid=1444142) [TP3] [VLM_STAGE_TIMER] stage3_vit_encoding | req= | wall=155.491 ms
(Worker_TP2 pid=1444141) [TP2] [VLM_STAGE_TIMER] stage4_embedding_merge | req= | wall=3.558 ms
(Worker_TP1 pid=1444140) [TP1] [VLM_STAGE_TIMER] stage4_embedding_merge | req= | wall=3.596 ms
(Worker_TP3 pid=1444142) [TP3] [VLM_STAGE_TIMER] stage4_embedding_merge | req= | wall=3.495 ms
(Worker_TP0 pid=1444139) [TP0] [VLM_STAGE_TIMER] stage4_embedding_merge | req= | wall=3.624 ms
(Worker_TP0 pid=1444139) [TP0] [VLM_STAGE_TIMER] stage5_llm_prefill | req= | wall=278.386 ms
(Worker_TP1 pid=1444140) [TP1] [VLM_STAGE_TIMER] stage5_llm_prefill | req= | wall=278.436 ms
(Worker_TP3 pid=1444142) [TP3] [VLM_STAGE_TIMER] stage5_llm_prefill | req= | wall=278.423 ms
(Worker_TP2 pid=1444141) [TP2] [VLM_STAGE_TIMER] stage5_llm_prefill | req= | wall=278.476 ms
(Worker_TP1 pid=1444140) [TP1] [VLM_STAGE_TIMER] stage2b_mq_dequeue | req=rank=1 | timestamp=590788.738895
(Worker_TP2 pid=1444141) [TP2] [VLM_STAGE_TIMER] stage2b_mq_dequeue | req=rank=2 | timestamp=590788.738954
(Worker_TP3 pid=1444142) [TP3] [VLM_STAGE_TIMER] stage2b_mq_dequeue | req=rank=3 | timestamp=590788.738979
(Worker_TP0 pid=1444139) [TP0] [VLM_STAGE_TIMER] stage2b_mq_dequeue | req=rank=0 | timestamp=590788.739317
(EngineCore pid=1443921) [VLM_STAGE_TIMER] stage2b_mq_enqueue | req=executor | timestamp=590788.740304
(Worker_TP1 pid=1444140) [TP1] [VLM_VIT_SUBSTAGE] imgs=9 tokens=7920 | patch_embed=6.42ms | pos_embed+metadata=2.57ms | blocks=69.33ms | merger=0.86ms | total=79.20ms
(Worker_TP0 pid=1444139) [TP0] [VLM_VIT_SUBSTAGE] imgs=9 tokens=7920 | patch_embed=6.63ms | pos_embed+metadata=2.61ms | blocks=68.16ms | merger=0.88ms | total=78.28ms
(Worker_TP3 pid=1444142) [TP3] [VLM_VIT_SUBSTAGE] imgs=9 tokens=7920 | patch_embed=6.57ms | pos_embed+metadata=2.52ms | blocks=67.47ms | merger=0.87ms | total=77.45ms
(Worker_TP2 pid=1444141) [TP2] [VLM_VIT_SUBSTAGE] imgs=9 tokens=7920 | patch_embed=6.66ms | pos_embed+metadata=2.45ms | blocks=69.21ms | merger=0.88ms | total=79.20ms
(Worker_TP1 pid=1444140) [TP1] [VLM_STAGE_TIMER] stage3_vit_encoding | req= | wall=87.442 ms
(Worker_TP0 pid=1444139) [TP0] [VLM_STAGE_TIMER] stage3_vit_encoding | req= | wall=86.938 ms
(Worker_TP3 pid=1444142) [TP3] [VLM_STAGE_TIMER] stage3_vit_encoding | req= | wall=87.430 ms
(Worker_TP2 pid=1444141) [TP2] [VLM_STAGE_TIMER] stage3_vit_encoding | req= | wall=87.519 ms
(Worker_TP1 pid=1444140) [TP1] [VLM_STAGE_TIMER] stage4_embedding_merge | req= | wall=3.420 ms
(Worker_TP0 pid=1444139) [TP0] [VLM_STAGE_TIMER] stage4_embedding_merge | req= | wall=3.398 ms
(Worker_TP2 pid=1444141) [TP2] [VLM_STAGE_TIMER] stage4_embedding_merge | req= | wall=3.368 ms
(Worker_TP3 pid=1444142) [TP3] [VLM_STAGE_TIMER] stage4_embedding_merge | req= | wall=3.397 ms
(Worker_TP2 pid=1444141) [TP2] [VLM_STAGE_TIMER] stage5_llm_prefill | req= | wall=338.630 ms
(Worker_TP1 pid=1444140) [TP1] [VLM_STAGE_TIMER] stage5_llm_prefill | req= | wall=338.662 ms
(Worker_TP0 pid=1444139) [TP0] [VLM_STAGE_TIMER] stage5_llm_prefill | req= | wall=338.649 ms
(Worker_TP3 pid=1444142) [TP3] [VLM_STAGE_TIMER] stage5_llm_prefill | req= | wall=338.607 ms
(Worker_TP2 pid=1444141) [TP2] [VLM_STAGE_TIMER] stage2b_mq_dequeue | req=rank=2 | timestamp=590789.171104
(Worker_TP1 pid=1444140) [TP1] [VLM_STAGE_TIMER] stage2b_mq_dequeue | req=rank=1 | timestamp=590789.171369
(Worker_TP3 pid=1444142) [TP3] [VLM_STAGE_TIMER] stage2b_mq_dequeue | req=rank=3 | timestamp=590789.171447
(Worker_TP0 pid=1444139) [TP0] [VLM_STAGE_TIMER] stage2b_mq_dequeue | req=rank=0 | timestamp=590789.171879
(EngineCore pid=1443921) [VLM_STAGE_TIMER] stage2b_mq_enqueue | req=executor | timestamp=590789.172664
(Worker_TP2 pid=1444141) [TP2] [VLM_VIT_SUBSTAGE] imgs=9 tokens=7920 | patch_embed=6.43ms | pos_embed+metadata=2.44ms | blocks=70.96ms | merger=0.86ms | total=80.70ms
(Worker_TP1 pid=1444140) [TP1] [VLM_VIT_SUBSTAGE] imgs=9 tokens=7920 | patch_embed=6.55ms | pos_embed+metadata=2.59ms | blocks=69.80ms | merger=0.86ms | total=79.83ms
(Worker_TP0 pid=1444139) [TP0] [VLM_VIT_SUBSTAGE] imgs=9 tokens=7920 | patch_embed=6.59ms | pos_embed+metadata=2.69ms | blocks=68.81ms | merger=0.87ms | total=78.97ms
(Worker_TP3 pid=1444142) [TP3] [VLM_VIT_SUBSTAGE] imgs=9 tokens=7920 | patch_embed=6.68ms | pos_embed+metadata=2.93ms | blocks=67.97ms | merger=0.87ms | total=78.47ms
(Worker_TP2 pid=1444141) [TP2] [VLM_STAGE_TIMER] stage3_vit_encoding | req= | wall=88.543 ms
(Worker_TP1 pid=1444140) [TP1] [VLM_STAGE_TIMER] stage3_vit_encoding | req= | wall=88.103 ms
(Worker_TP0 pid=1444139) [TP0] [VLM_STAGE_TIMER] stage3_vit_encoding | req= | wall=87.522 ms
(Worker_TP3 pid=1444142) [TP3] [VLM_STAGE_TIMER] stage3_vit_encoding | req= | wall=88.121 ms
(Worker_TP1 pid=1444140) [TP1] [VLM_STAGE_TIMER] stage4_embedding_merge | req= | wall=3.811 ms
(Worker_TP2 pid=1444141) [TP2] [VLM_STAGE_TIMER] stage4_embedding_merge | req= | wall=3.866 ms
(Worker_TP0 pid=1444139) [TP0] [VLM_STAGE_TIMER] stage4_embedding_merge | req= | wall=3.775 ms
(Worker_TP3 pid=1444142) [TP3] [VLM_STAGE_TIMER] stage4_embedding_merge | req= | wall=3.702 ms
(Worker_TP0 pid=1444139) [TP0] [VLM_STAGE_TIMER] stage5_llm_prefill | req= | wall=398.438 ms
(Worker_TP2 pid=1444141) [TP2] [VLM_STAGE_TIMER] stage5_llm_prefill | req= | wall=398.489 ms
(Worker_TP1 pid=1444140) [TP1] [VLM_STAGE_TIMER] stage5_llm_prefill | req= | wall=398.525 ms
(Worker_TP3 pid=1444142) [TP3] [VLM_STAGE_TIMER] stage5_llm_prefill | req= | wall=398.499 ms
(Worker_TP2 pid=1444141) [TP2] [VLM_STAGE_TIMER] stage2b_mq_dequeue | req=rank=2 | timestamp=590789.664644
(Worker_TP0 pid=1444139) [TP0] [VLM_STAGE_TIMER] stage2b_mq_dequeue | req=rank=0 | timestamp=590789.664795
(Worker_TP1 pid=1444140) [TP1] [VLM_STAGE_TIMER] stage2b_mq_dequeue | req=rank=1 | timestamp=590789.665253
(Worker_TP3 pid=1444142) [TP3] [VLM_STAGE_TIMER] stage2b_mq_dequeue | req=rank=3 | timestamp=590789.665268
(Worker_TP3 pid=1444142) [TP3] [VLM_VIT_SUBSTAGE] imgs=4 tokens=3520 | patch_embed=4.01ms | pos_embed+metadata=1.47ms | blocks=39.03ms | merger=0.41ms | total=44.94ms
(Worker_TP2 pid=1444141) [TP2] [VLM_VIT_SUBSTAGE] imgs=4 tokens=3520 | patch_embed=3.88ms | pos_embed+metadata=1.46ms | blocks=43.75ms | merger=0.41ms | total=49.51ms
(Worker_TP1 pid=1444140) [TP1] [VLM_VIT_SUBSTAGE] imgs=4 tokens=3520 | patch_embed=4.00ms | pos_embed+metadata=1.66ms | blocks=39.01ms | merger=0.42ms | total=45.10ms
(Worker_TP0 pid=1444139) [TP0] [VLM_VIT_SUBSTAGE] imgs=4 tokens=3520 | patch_embed=3.79ms | pos_embed+metadata=1.52ms | blocks=42.47ms | merger=0.42ms | total=48.21ms
(Worker_TP3 pid=1444142) [TP3] [VLM_STAGE_TIMER] stage3_vit_encoding | req= | wall=88.634 ms
(Worker_TP2 pid=1444141) [TP2] [VLM_STAGE_TIMER] stage3_vit_encoding | req= | wall=89.534 ms
(Worker_TP1 pid=1444140) [TP1] [VLM_STAGE_TIMER] stage3_vit_encoding | req= | wall=88.652 ms
(Worker_TP0 pid=1444139) [TP0] [VLM_STAGE_TIMER] stage3_vit_encoding | req= | wall=89.374 ms
(Worker_TP3 pid=1444142) [TP3] [VLM_STAGE_TIMER] stage4_embedding_merge | req= | wall=2.101 ms
(Worker_TP0 pid=1444139) [TP0] [VLM_STAGE_TIMER] stage4_embedding_merge | req= | wall=1.923 ms
(Worker_TP2 pid=1444141) [TP2] [VLM_STAGE_TIMER] stage4_embedding_merge | req= | wall=2.077 ms
(Worker_TP1 pid=1444140) [TP1] [VLM_STAGE_TIMER] stage4_embedding_merge | req= | wall=2.026 ms
(Worker_TP2 pid=1444141) [TP2] [VLM_STAGE_TIMER] stage5_llm_prefill | req= | wall=212.215 ms
(Worker_TP3 pid=1444142) [TP3] [VLM_STAGE_TIMER] stage5_llm_prefill | req= | wall=212.246 ms
(Worker_TP0 pid=1444139) [TP0] [VLM_STAGE_TIMER] stage5_llm_prefill | req= | wall=212.241 ms
(Worker_TP1 pid=1444140) [TP1] [VLM_STAGE_TIMER] stage5_llm_prefill | req= | wall=212.215 ms
(Worker_TP1 pid=1444140) [TP1] [VLM_STAGE_TIMER] stage4_embedding_merge | req= | wall=0.541 ms
(Worker_TP3 pid=1444142) [TP3] [VLM_STAGE_TIMER] stage4_embedding_merge | req= | wall=0.681 ms
(Worker_TP2 pid=1444141) [TP2] [VLM_STAGE_TIMER] stage4_embedding_merge | req= | wall=0.851 ms
(Worker_TP0 pid=1444139) [TP0] [VLM_STAGE_TIMER] stage4_embedding_merge | req= | wall=0.431 ms
(Worker_TP3 pid=1444142) [TP3] [VLM_STAGE_TIMER] stage5_llm_prefill | req= | wall=31.391 ms
(Worker_TP0 pid=1444139) [TP0] [VLM_STAGE_TIMER] stage5_llm_prefill | req= | wall=31.369 ms
(Worker_TP1 pid=1444140) [TP1] [VLM_STAGE_TIMER] stage5_llm_prefill | req= | wall=31.399 ms
(Worker_TP2 pid=1444141) [TP2] [VLM_STAGE_TIMER] stage5_llm_prefill | req= | wall=31.466 ms
(Worker_TP2 pid=1444141) [TP2] [VLM_STAGE_TIMER] stage4_embedding_merge | req= | wall=0.473 ms
(Worker_TP3 pid=1444142) [TP3] [VLM_STAGE_TIMER] stage4_embedding_merge | req= | wall=0.550 ms
(Worker_TP1 pid=1444140) [TP1] [VLM_STAGE_TIMER] stage4_embedding_merge | req= | wall=0.500 ms
(Worker_TP0 pid=1444139) [TP0] [VLM_STAGE_TIMER] stage4_embedding_merge | req= | wall=0.264 ms
(Worker_TP1 pid=1444140) [TP1] [VLM_STAGE_TIMER] stage5_llm_prefill | req= | wall=30.363 ms
(Worker_TP3 pid=1444142) [TP3] [VLM_STAGE_TIMER] stage5_llm_prefill | req= | wall=30.372 ms
(Worker_TP0 pid=1444139) [TP0] [VLM_STAGE_TIMER] stage5_llm_prefill | req= | wall=30.373 ms
(Worker_TP2 pid=1444141) [TP2] [VLM_STAGE_TIMER] stage5_llm_prefill | req= | wall=30.460 ms
(Worker_TP2 pid=1444141) [TP2] [VLM_STAGE_TIMER] stage4_embedding_merge | req= | wall=0.489 ms
(Worker_TP3 pid=1444142) [TP3] [VLM_STAGE_TIMER] stage4_embedding_merge | req= | wall=0.509 ms
(Worker_TP1 pid=1444140) [TP1] [VLM_STAGE_TIMER] stage4_embedding_merge | req= | wall=0.519 ms
(Worker_TP0 pid=1444139) [TP0] [VLM_STAGE_TIMER] stage4_embedding_merge | req= | wall=0.261 ms
(Worker_TP1 pid=1444140) [TP1] [VLM_STAGE_TIMER] stage5_llm_prefill | req= | wall=30.329 ms
(Worker_TP2 pid=1444141) [TP2] [VLM_STAGE_TIMER] stage5_llm_prefill | req= | wall=30.356 ms
(Worker_TP3 pid=1444142) [TP3] [VLM_STAGE_TIMER] stage5_llm_prefill | req= | wall=30.349 ms
(Worker_TP0 pid=1444139) [TP0] [VLM_STAGE_TIMER] stage5_llm_prefill | req= | wall=30.396 ms
(Worker_TP1 pid=1444140) [TP1] [VLM_STAGE_TIMER] stage4_embedding_merge | req= | wall=0.549 ms
(Worker_TP2 pid=1444141) [TP2] [VLM_STAGE_TIMER] stage4_embedding_merge | req= | wall=0.548 ms
(Worker_TP3 pid=1444142) [TP3] [VLM_STAGE_TIMER] stage4_embedding_merge | req= | wall=0.499 ms
(Worker_TP0 pid=1444139) [TP0] [VLM_STAGE_TIMER] stage4_embedding_merge | req= | wall=0.254 ms
(Worker_TP0 pid=1444139) [TP0] [VLM_STAGE_TIMER] stage5_llm_prefill | req= | wall=30.523 ms
(Worker_TP3 pid=1444142) [TP3] [VLM_STAGE_TIMER] stage5_llm_prefill | req= | wall=30.533 ms
(Worker_TP1 pid=1444140) [TP1] [VLM_STAGE_TIMER] stage5_llm_prefill | req= | wall=30.551 ms
(Worker_TP2 pid=1444141) [TP2] [VLM_STAGE_TIMER] stage5_llm_prefill | req= | wall=30.619 ms
(Worker_TP2 pid=1444141) [TP2] [VLM_STAGE_TIMER] stage4_embedding_merge | req= | wall=0.462 ms
(Worker_TP3 pid=1444142) [TP3] [VLM_STAGE_TIMER] stage4_embedding_merge | req= | wall=0.483 ms
(Worker_TP1 pid=1444140) [TP1] [VLM_STAGE_TIMER] stage4_embedding_merge | req= | wall=0.441 ms
(Worker_TP0 pid=1444139) [TP0] [VLM_STAGE_TIMER] stage4_embedding_merge | req= | wall=0.274 ms
